Microchip MPLAB XC8 Compiler V1.12 ()

Linker command line:

--edf=C:\Program Files (x86)\Microchip\xc8\v1.12\dat\en_msgs.txt -cs \
  -h+dist/UseXC8/production\Framework.X.production.sym -z -Q18F2680 -ol.obj \
  -Mdist/UseXC8/production/Framework.X.production.map -E1 -ver=XC8 \
  -ACODE=00h-0FFFFh -ACONST=00h-0FFFFh -ASMALLCONST=0D00h-0DFFhx243 \
  -AMEDIUMCONST=0D00h-0FFFFh -ACOMRAM=01h-05Fh -AABS1=00h-0CFFh \
  -ABIGRAM=01h-0CFFh -ARAM=060h-0FFh,0100h-01FFhx12 -ABANK0=060h-0FFh \
  -ABANK1=0100h-01FFh -ABANK2=0200h-02FFh -ABANK3=0300h-03FFh \
  -ABANK4=0400h-04FFh -ABANK5=0500h-05FFh -ABANK6=0600h-06FFh \
  -ABANK7=0700h-07FFh -ABANK8=0800h-08FFh -ABANK9=0900h-09FFh \
  -ABANK10=0A00h-0AFFh -ABANK11=0B00h-0BFFh -ABANK12=0C00h-0CFFh \
  -ASFR=0D00h-0DFFhx2,0F00h-0F5Fh,0F60h-0FFFh \
  -preset_vec=00h,intcode=08h,intcodelo=018h,powerup,init,end_init \
  -pramtop=0D00h -psmallconst=SMALLCONST -pmediumconst=MEDIUMCONST \
  -pconst=CONST -AFARRAM=00h-00h -ACONFIG=0300000h-030000Dh -pconfig=CONFIG \
  -AIDLOC=0200000h-0200007h -pidloc=IDLOC -AEEDATA=0F00000h-0F003FFh \
  -peeprom_data=EEDATA \
  -prdata=COMRAM,nvrram=COMRAM,nvbit=COMRAM,rbss=COMRAM,rbit=COMRAM \
  -pfarbss=FARRAM,fardata=FARRAM \
  -pintsave_regs=BIGRAM,bigbss=BIGRAM,bigdata=BIGRAM -pbss=RAM \
  -pidata=CODE,irdata=CODE,ibigdata=CODE,ifardata=CODE \
  C:\Users\Rick\AppData\Local\Temp\s1g.obj \
  dist/UseXC8/production\Framework.X.production.obj 

Object code version is 3.10

Machine type is 18F2680

Call graph: (short form)




                Name                               Link     Load   Length Selector   Space Scale
C:\Users\Rick\AppData\Local\Temp\s1g.obj
                end_init                             C4       C4        4        C       0
                reset_vec                             0        0        4        0       0
                idloc                            200000   200000        8   200000       0
                config                           300000   300000        E   300000       0
dist/UseXC8/production\Framework.X.production.obj
                intcodelo                            18       18       AC        C       0
                intcode                               8        8       10        4       0
                text52                             15A8     15A8       56        C       0
                text51                              B78      B78      106        C       0
                text50                              712      712      140        C       0
                text49                             1842     1842       30        C       0
                text48                              962      962      110        C       0
                text47                             177A     177A       38        C       0
                text46                             19B6     19B6       14        C       0
                text45                             18CA     18CA       2C        C       0
                text44                             1442     1442       5E        C       0
                text43                             19EE     19EE       12        C       0
                text42                             1A1E     1A1E        6        C       0
                text41                             189E     189E       2C        C       0
                text40                             1A00     1A00        C        C       0
                text39                             116E     116E       96        C       0
                text38                              3D6      3D6      1FC        C       0
                text37                             15FE     15FE       4A        C       0
                text36                              C7E      C7E      104        C       0
                intcode_body                       10D2     10D2       9C        C       0
                text34                             1648     1648       48        C       0
                text33                             1020     1020       B2        C       0
                text32                             19DC     19DC       12        C       0
                text31                             194A     194A       24        C       0
                text30                             1204     1204       8A        C       0
                text29                             1920     1920       2A        C       0
                text27                             1552     1552       56        C       0
                text26                              5D2      5D2      140        C       0
                text25                             1812     1812       30        C       0
                text24                              852      852      110        C       0
                text23                             19A2     19A2       14        C       0
                text22                             1742     1742       38        C       0
                text21                              A72      A72      106        C       0
                text20                             1872     1872       2C        C       0
                text19                             128E     128E       86        C       0
                text18                             17E2     17E2       30        C       0
                text17                              D82      D82       E6        C       0
                text16                             198E     198E       14        C       0
                text15                             13E4     13E4       5E        C       0
                text14                             14FA     14FA       58        C       0
                text13                              F4C      F4C       D4        C       0
                text12                             17B2     17B2       30        C       0
                text11                             196E     196E       20        C       0
                text10                             1A0C     1A0C        A        C       0
                text9                              170A     170A       38        C       0
                text8                              1314     1314       6E        C       0
                text7                              19CA     19CA       12        C       0
                text6                              1690     1690       3E        C       0
                text5                              18F6     18F6       2A        C       0
                text4                              16CE     16CE       3C        C       0
                text3                              14A0     14A0       5A        C       0
                text2                               E68      E68       E4        C       0
                text1                              1A16     1A16        8        C       0
                text0                                C8       C8      30E        C       0
                cstackCOMRAM                          1        1       2D        1       1
                cstackBANK0                          60       60       56       60       1
                cstackBANK1                         1B3      1B3       32      100       1
                bssBIGRAM                           26C      26C      190      26C       1
                bssBANK2                            200      200       6C      200       1
                bssBANK1                            100      100       B3      100       1
                bssBANK0                             B6       B6       12       60       1
                dataCOMRAM                           36       36        2        1       1
                bssCOMRAM                            2E       2E        8        1       1
                cinit                              1382     1382       62        C       0
                nvBANK0                              C8       C8        2       60       1
                idataCOMRAM                        1A24     1A24        2        C       0

TOTAL           Name                               Link     Load   Length     Space
        CLASS   CODE           
                end_init                             C4       C4        4         0
                intcodelo                            18       18       AC         0
                intcode                               8        8       10         0
                reset_vec                             0        0        4         0
                text52                             15A8     15A8       56         0
                text51                              B78      B78      106         0
                text50                              712      712      140         0
                text49                             1842     1842       30         0
                text48                              962      962      110         0
                text47                             177A     177A       38         0
                text46                             19B6     19B6       14         0
                text45                             18CA     18CA       2C         0
                text44                             1442     1442       5E         0
                text43                             19EE     19EE       12         0
                text42                             1A1E     1A1E        6         0
                text41                             189E     189E       2C         0
                text40                             1A00     1A00        C         0
                text39                             116E     116E       96         0
                text38                              3D6      3D6      1FC         0
                text37                             15FE     15FE       4A         0
                text36                              C7E      C7E      104         0
                intcode_body                       10D2     10D2       9C         0
                text34                             1648     1648       48         0
                text33                             1020     1020       B2         0
                text32                             19DC     19DC       12         0
                text31                             194A     194A       24         0
                text30                             1204     1204       8A         0
                text29                             1920     1920       2A         0
                text27                             1552     1552       56         0
                text26                              5D2      5D2      140         0
                text25                             1812     1812       30         0
                text24                              852      852      110         0
                text23                             19A2     19A2       14         0
                text22                             1742     1742       38         0
                text21                              A72      A72      106         0
                text20                             1872     1872       2C         0
                text19                             128E     128E       86         0
                text18                             17E2     17E2       30         0
                text17                              D82      D82       E6         0
                text16                             198E     198E       14         0
                text15                             13E4     13E4       5E         0
                text14                             14FA     14FA       58         0
                text13                              F4C      F4C       D4         0
                text12                             17B2     17B2       30         0
                text11                             196E     196E       20         0
                text10                             1A0C     1A0C        A         0
                text9                              170A     170A       38         0
                text8                              1314     1314       6E         0
                text7                              19CA     19CA       12         0
                text6                              1690     1690       3E         0
                text5                              18F6     18F6       2A         0
                text4                              16CE     16CE       3C         0
                text3                              14A0     14A0       5A         0
                text2                               E68      E68       E4         0
                text1                              1A16     1A16        8         0
                text0                                C8       C8      30E         0
                cinit                              1382     1382       62         0
                idataCOMRAM                        1A24     1A24        2         0

        CLASS   CONST          

        CLASS   SMALLCONST     

        CLASS   MEDIUMCONST    

        CLASS   COMRAM         
                cstackCOMRAM                          1        1       2D         1
                dataCOMRAM                           36       36        2         1
                bssCOMRAM                            2E       2E        8         1

        CLASS   ABS1           

        CLASS   BIGRAM         
                bssBIGRAM                           26C      26C      190         1

        CLASS   RAM            

        CLASS   BANK0          
                cstackBANK0                          60       60       56         1
                bssBANK0                             B6       B6       12         1
                nvBANK0                              C8       C8        2         1

        CLASS   BANK1          
                cstackBANK1                         1B3      1B3       32         1
                bssBANK1                            100      100       B3         1

        CLASS   BANK2          
                bssBANK2                            200      200       6C         1

        CLASS   BANK3          

        CLASS   BANK4          

        CLASS   BANK5          

        CLASS   BANK6          

        CLASS   BANK7          

        CLASS   BANK8          

        CLASS   BANK9          

        CLASS   BANK10         

        CLASS   BANK11         

        CLASS   BANK12         

        CLASS   SFR            

        CLASS   FARRAM         

        CLASS   CONFIG         
                config                           300000   300000        E         0

        CLASS   IDLOC          
                idloc                            200000   200000        8         0

        CLASS   EEDATA         



SEGMENTS        Name                           Load    Length   Top    Selector   Space  Class

                reset_vec                      000000  000004  000004         0       0  CODE    
                cstackCOMRAM                   000001  000037  000038         1       1  COMRAM  
                intcode                        000008  000010  000018         4       0  CODE    
                intcodelo                      000018  001A0E  001A26         C       0  CODE    
                cstackBANK0                    000060  00006A  0000CA        60       1  BANK0   
                bssBANK1                       000100  0000E5  0001E5       100       1  BANK1   
                bssBANK2                       000200  00006C  00026C       200       1  BANK2   
                bssBIGRAM                      00026C  000190  0003FC       26C       1  BIGRAM  
                idloc                          200000  000008  200008    200000       0  IDLOC   
                config                         300000  00000E  30000E    300000       0  CONFIG  


UNUSED ADDRESS RANGES

        Name                Unused          Largest block    Delta
        BANK0            0000CA-0000FF               36
        BANK1            0001E5-0001FF               1B
        BANK10           000A00-000AFF              100
        BANK11           000B00-000BFF              100
        BANK12           000C00-000CFF              100
        BANK3            0003FC-0003FF                4
        BANK4            000400-0004FF              100
        BANK5            000500-0005FF              100
        BANK6            000600-0006FF              100
        BANK7            000700-0007FF              100
        BANK8            000800-0008FF              100
        BANK9            000900-0009FF              100
        BIGRAM           000038-00005F               28
                         0000CA-0000FF               36
                         0001E5-0001FF               1B
                         0003FC-000CFF              904
        CODE             000004-000007                4
                         001A26-00FFFF             E5DA
        COMRAM           000038-00005F               28
        CONST            000004-000007                4
                         001A26-00FFFF             E5DA
        EEDATA           F00000-F003FF              400
        MEDIUMCONST      001A26-00FFFF             E5DA
        RAM              0000CA-0000FF               36
                         0001E5-0001FF               1B
                         0003FC-000CFF              100
        SFR              000D00-000FFF              100
        SMALLCONST       001A26-00FFFF              100

                                  Symbol Table

?_DebugPrint                           cstackBANK0  000060
?_DebugPrintByte                       cstackBANK0  00008E
?_Delay1KTCYx                          cstackBANK0  00008E
?_FromMainHigh_recvmsg                 cstackBANK0  0000A6
?_FromMainHigh_sendmsg                 cstackBANK0  0000A4
?_OpenTimer0                           cstackBANK0  00008E
?_OpenTimer1                           cstackBANK0  00008E
?_ToMainHigh_recvmsg                   cstackBANK0  0000A6
?_ToMainHigh_sendmsg                   cstackBANK0  000076
?_ToMainLow_recvmsg                    cstackBANK0  0000A6
?_ToMainLow_sendmsg                    cstackCOMRAM 000017
?_WriteTimer0                          cstackBANK0  000060
?_WriteTimer1                          cstackCOMRAM 000001
?_check_msg                            cstackBANK0  00008E
?_i2c_master_recv                      cstackBANK0  0000AD
?_i2c_master_send                      cstackBANK0  0000AD
?_in_high_int                          cstackBANK0  00008E
?_in_low_int                           cstackBANK0  000090
?_in_main                              cstackBANK0  000092
?_init_queue                           cstackBANK0  00008E
?_init_timer1_lthread                  cstackBANK0  00008E
?_init_uart_snd_rcv                    cstackBANK0  00008E
?_memcpy                               cstackBANK0  00008E
?_recv_msg                             cstackBANK0  000098
?_send_msg                             cstackBANK0  000098
?_start_UART_send                      cstackBANK0  00008E
?_timer0_lthread                       cstackBANK0  00008E
?i1_memcpy                             cstackCOMRAM 000001
?i1_send_msg                           cstackCOMRAM 00000B
?i2_FromMainHigh_recvmsg               cstackBANK0  000078
?i2_ToMainLow_sendmsg                  cstackBANK0  000076
?i2_check_msg                          cstackBANK0  000060
?i2_in_high_int                        cstackBANK0  000060
?i2_in_low_int                         cstackBANK0  000062
?i2_memcpy                             cstackBANK0  000060
?i2_recv_msg                           cstackBANK0  00006A
?i2_send_msg                           cstackBANK0  00006A
DebugPrint@out                         cstackBANK0  000060
DebugPrintByte@out                     cstackBANK0  00008E
DebugPrintByte@tmpH                    cstackBANK0  00008F
DebugPrintByte@tmpL                    cstackBANK0  000090
Delay1KTCYx@unit                       cstackBANK0  00008E
FromMainHigh_recvmsg@data              cstackBANK0  0000A9
FromMainHigh_recvmsg@maxlength         cstackBANK0  0000A6
FromMainHigh_recvmsg@msgtype           cstackBANK0  0000A7
FromMainHigh_sendmsg@data              cstackBANK0  0000A6
FromMainHigh_sendmsg@length            cstackBANK0  0000A4
FromMainHigh_sendmsg@msgtype           cstackBANK0  0000A5
OpenTimer0@config                      cstackBANK0  00008E
OpenTimer1@config                      cstackBANK0  00008E
ToMainHigh_recvmsg@data                cstackBANK0  0000A9
ToMainHigh_recvmsg@maxlength           cstackBANK0  0000A6
ToMainHigh_recvmsg@msgtype             cstackBANK0  0000A7
ToMainHigh_sendmsg@data                cstackBANK0  000078
ToMainHigh_sendmsg@length              cstackBANK0  000076
ToMainHigh_sendmsg@msgtype             cstackBANK0  000077
ToMainLow_recvmsg@data                 cstackBANK0  0000A9
ToMainLow_recvmsg@maxlength            cstackBANK0  0000A6
ToMainLow_recvmsg@msgtype              cstackBANK0  0000A7
ToMainLow_sendmsg@data                 cstackCOMRAM 000019
ToMainLow_sendmsg@length               cstackCOMRAM 000017
ToMainLow_sendmsg@msgtype              cstackCOMRAM 000018
WriteTimer0@timer                      cstackBANK0  000062
WriteTimer0@timer0                     cstackBANK0  000060
WriteTimer1@timer                      cstackCOMRAM 000003
WriteTimer1@timer1                     cstackCOMRAM 000001
_ACKDT                                 (abs)        007E2D
_ACKEN                                 (abs)        007E2C
_BAUDCONbits                           (abs)        000FB8
_CREN                                  (abs)        007D5C
_DebugPrint                            text40       001A00
_DebugPrintByte                        text9        00170A
_Delay1KTCYx                           text23       0019A2
_DriverColorPoll                       (abs)        000000
_DriverColorRespond                    (abs)        000000
_DriverHeap                            bssBIGRAM    00026C
_DriverIRPoll                          (abs)        000000
_DriverIRRespond                       (abs)        000000
_DriverTable                           bssBANK1     000100
_FromMainHigh_MQ                       bssBANK2     000200
_FromMainHigh_recvmsg                  text25       001812
_FromMainHigh_sendmsg                  text20       001872
_FromMainLow_MQ                        bssBANK2     000236
_I2CInit                               text11       00196E
_INTCONbits                            (abs)        000FF2
_IPR1bits                              (abs)        000F9F
_InterruptHandlerHigh                  intcode      000008
_InterruptHandlerLow                   intcodelo    000018
_LATA                                  (abs)        000F89
_LATBbits                              (abs)        000F8A
_LATC                                  (abs)        000F8B
_LATCbits                              (abs)        000F8B
_MQ_Main_Willing_to_block              bssCOMRAM    000030
_NumberOfDrivers                       bssCOMRAM    000031
_OSCCON                                (abs)        000FD3
_OSCCONbits                            (abs)        000FD3
_OSCTUNEbits                           (abs)        000F9B
_OpenTimer0                            text5        0018F6
_OpenTimer1                            text6        001690
_PEN                                   (abs)        007E2A
_PIE1bits                              (abs)        000F9D
_PIR1bits                              (abs)        000F9E
_PORTA                                 (abs)        000F80
_PORTB                                 (abs)        000F81
_RCEN                                  (abs)        007E2B
_RCIE                                  (abs)        007CED
_RCONbits                              (abs)        000FD0
_RCREG                                 (abs)        000FAE
_RCSTA                                 (abs)        000FAB
_RCSTAbits                             (abs)        000FAB
_RSEN                                  (abs)        007E29
_SEN                                   (abs)        007E28
_SPBRG                                 (abs)        000FAF
_SSPADD                                (abs)        000FC8
_SSPBUF                                (abs)        000FC9
_SSPCON1                               (abs)        000FC6
_SSPCON1bits                           (abs)        000FC6
_SSPCON2                               (abs)        000FC5
_SSPCON2bits                           (abs)        000FC5
_SSPSTAT                               (abs)        000FC7
_SSPSTATbits                           (abs)        000FC7
_SleepIfOkay                           text39       00116E
_T0CON                                 (abs)        000FD5
_T0CONbits                             (abs)        000FD5
_T1CON                                 (abs)        000FCD
_T1CONbits                             (abs)        000FCD
_TMR0H                                 (abs)        000FD7
_TMR0L                                 (abs)        000FD6
_TMR1H                                 (abs)        000FCF
_TMR1L                                 (abs)        000FCE
_TRISA                                 (abs)        000F92
_TRISB                                 (abs)        000F93
_TRISC                                 (abs)        000F94
_TRISC3                                (abs)        007CA3
_TRISC4                                (abs)        007CA4
_TRISCbits                             (abs)        000F94
_TXREG                                 (abs)        000FAD
_TXSTA                                 (abs)        000FAC
_TXSTAbits                             (abs)        000FAC
_ToMainHigh_MQ                         bssBANK1     000147
_ToMainHigh_recvmsg                    text12       0017B2
_ToMainHigh_sendmsg                    text41       00189E
_ToMainLow_MQ                          bssBANK1     00017D
_ToMainLow_recvmsg                     text18       0017E2
_ToMainLow_sendmsg                     text31       00194A
_WriteTimer0                           text43       0019EE
_WriteTimer1                           text32       0019DC
__CFG_BBSIZ$1024                       (abs)        000000
__CFG_BOREN$OFF                        (abs)        000000
__CFG_BORV$3                           (abs)        000000
__CFG_FCMEN$OFF                        (abs)        000000
__CFG_IESO$OFF                         (abs)        000000
__CFG_LPT1OSC$OFF                      (abs)        000000
__CFG_LVP$OFF                          (abs)        000000
__CFG_MCLRE$ON                         (abs)        000000
__CFG_OSC$IRCIO67                      (abs)        000000
__CFG_PBADEN$OFF                       (abs)        000000
__CFG_PWRT$OFF                         (abs)        000000
__CFG_STVREN$OFF                       (abs)        000000
__CFG_WDT$OFF                          (abs)        000000
__CFG_WDTPS$32768                      (abs)        000000
__HRAM                                 (abs)        000000
__Habs1                                abs1         000000
__Hbank0                               bank0        000000
__Hbank1                               bank1        000000
__Hbank10                              bank10       000000
__Hbank11                              bank11       000000
__Hbank12                              bank12       000000
__Hbank2                               bank2        000000
__Hbank3                               bank3        000000
__Hbank4                               bank4        000000
__Hbank5                               bank5        000000
__Hbank6                               bank6        000000
__Hbank7                               bank7        000000
__Hbank8                               bank8        000000
__Hbank9                               bank9        000000
__Hbigbss                              bigbss       000000
__Hbigdata                             bigdata      000000
__Hbigram                              bigram       000000
__Hbss                                 bss          000000
__HbssBANK0                            bssBANK0     000000
__HbssBANK1                            bssBANK1     000000
__HbssBANK2                            bssBANK2     000000
__HbssBIGRAM                           bssBIGRAM    000000
__HbssCOMRAM                           bssCOMRAM    000000
__Hcinit                               cinit        000000
__Hclrtext                             clrtext      000000
__Hcomram                              comram       000000
__Hconfig                              config       30000E
__Hconst                               const        000000
__HcstackBANK0                         cstackBANK0  000000
__HcstackBANK1                         cstackBANK1  000000
__HcstackCOMRAM                        cstackCOMRAM 000000
__Hdata                                data         000000
__HdataCOMRAM                          dataCOMRAM   000000
__Heeprom_data                         eeprom_data  000000
__Hend_init                            end_init     0000C8
__Hfarbss                              farbss       000000
__Hfardata                             fardata      000000
__Hibigdata                            ibigdata     000000
__Hidata                               idata        000000
__HidataCOMRAM                         idataCOMRAM  000000
__Hidloc                               idloc        200008
__Hifardata                            ifardata     000000
__Hinit                                init         0000C4
__Hintcode                             intcode      000018
__Hintcode_body                        intcode_body 000000
__Hintcodelo                           intcodelo    0000C4
__Hintentry                            intentry     000000
__Hintret                              intret       000000
__Hintsave_regs                        intsave_regs 000000
__Hirdata                              irdata       000000
__Hmediumconst                         mediumconst  000000
__HnvBANK0                             nvBANK0      000000
__Hnvbit                               nvbit        000000
__Hnvrram                              nvrram       000000
__Hparam                               param0       000000
__Hparam0                              param0       000000
__Hpowerup                             powerup      0000C4
__Hram                                 ram          000000
__Hramtop                              ramtop       000D00
__Hrbit                                rbit         000000
__Hrbss                                rbss         000000
__Hrdata                               rdata        000000
__Hreset_vec                           reset_vec    000004
__Hsfr                                 sfr          000000
__Hsmallconst                          smallconst   000000
__Hstruct                              struct       000000
__Htemp                                temp         000000
__Htext                                text         000000
__Htext0                               text0        000000
__Htext1                               text1        000000
__Htext10                              text10       000000
__Htext11                              text11       000000
__Htext12                              text12       000000
__Htext13                              text13       000000
__Htext14                              text14       000000
__Htext15                              text15       000000
__Htext16                              text16       000000
__Htext17                              text17       000000
__Htext18                              text18       000000
__Htext19                              text19       000000
__Htext2                               text2        000000
__Htext20                              text20       000000
__Htext21                              text21       000000
__Htext22                              text22       000000
__Htext23                              text23       000000
__Htext24                              text24       000000
__Htext25                              text25       000000
__Htext26                              text26       000000
__Htext27                              text27       000000
__Htext29                              text29       000000
__Htext3                               text3        000000
__Htext30                              text30       000000
__Htext31                              text31       000000
__Htext32                              text32       000000
__Htext33                              text33       000000
__Htext34                              text34       000000
__Htext36                              text36       000000
__Htext37                              text37       000000
__Htext38                              text38       000000
__Htext39                              text39       000000
__Htext4                               text4        000000
__Htext40                              text40       000000
__Htext41                              text41       000000
__Htext42                              text42       000000
__Htext43                              text43       000000
__Htext44                              text44       000000
__Htext45                              text45       000000
__Htext46                              text46       000000
__Htext47                              text47       000000
__Htext48                              text48       000000
__Htext49                              text49       000000
__Htext5                               text5        000000
__Htext50                              text50       000000
__Htext51                              text51       000000
__Htext52                              text52       000000
__Htext53                              text53       000000
__Htext6                               text6        000000
__Htext7                               text7        000000
__Htext8                               text8        000000
__Htext9                               text9        000000
__LRAM                                 (abs)        000001
__Labs1                                abs1         000000
__Lbank0                               bank0        000000
__Lbank1                               bank1        000000
__Lbank10                              bank10       000000
__Lbank11                              bank11       000000
__Lbank12                              bank12       000000
__Lbank2                               bank2        000000
__Lbank3                               bank3        000000
__Lbank4                               bank4        000000
__Lbank5                               bank5        000000
__Lbank6                               bank6        000000
__Lbank7                               bank7        000000
__Lbank8                               bank8        000000
__Lbank9                               bank9        000000
__Lbigbss                              bigbss       000000
__Lbigdata                             bigdata      000000
__Lbigram                              bigram       000000
__Lbss                                 bss          000000
__LbssBANK0                            bssBANK0     000000
__LbssBANK1                            bssBANK1     000000
__LbssBANK2                            bssBANK2     000000
__LbssBIGRAM                           bssBIGRAM    000000
__LbssCOMRAM                           bssCOMRAM    000000
__Lcinit                               cinit        000000
__Lclrtext                             clrtext      000000
__Lcomram                              comram       000000
__Lconfig                              config       300000
__Lconst                               const        000000
__LcstackBANK0                         cstackBANK0  000000
__LcstackBANK1                         cstackBANK1  000000
__LcstackCOMRAM                        cstackCOMRAM 000000
__Ldata                                data         000000
__LdataCOMRAM                          dataCOMRAM   000000
__Leeprom_data                         eeprom_data  000000
__Lend_init                            end_init     0000C4
__Lfarbss                              farbss       000000
__Lfardata                             fardata      000000
__Libigdata                            ibigdata     000000
__Lidata                               idata        000000
__LidataCOMRAM                         idataCOMRAM  000000
__Lidloc                               idloc        200000
__Lifardata                            ifardata     000000
__Linit                                init         0000C4
__Lintcode                             intcode      000008
__Lintcode_body                        intcode_body 000000
__Lintcodelo                           intcodelo    000018
__Lintentry                            intentry     000000
__Lintret                              intret       000000
__Lintsave_regs                        intsave_regs 000000
__Lirdata                              irdata       000000
__Lmediumconst                         mediumconst  000000
__LnvBANK0                             nvBANK0      000000
__Lnvbit                               nvbit        000000
__Lnvrram                              nvrram       000000
__Lparam                               param0       000000
__Lparam0                              param0       000000
__Lpowerup                             powerup      0000C4
__Lram                                 ram          000000
__Lramtop                              ramtop       000D00
__Lrbit                                rbit         000000
__Lrbss                                rbss         000000
__Lrdata                               rdata        000000
__Lreset_vec                           reset_vec    000000
__Lsfr                                 sfr          000000
__Lsmallconst                          smallconst   000000
__Lstruct                              struct       000000
__Ltemp                                temp         000000
__Ltext                                text         000000
__Ltext0                               text0        000000
__Ltext1                               text1        000000
__Ltext10                              text10       000000
__Ltext11                              text11       000000
__Ltext12                              text12       000000
__Ltext13                              text13       000000
__Ltext14                              text14       000000
__Ltext15                              text15       000000
__Ltext16                              text16       000000
__Ltext17                              text17       000000
__Ltext18                              text18       000000
__Ltext19                              text19       000000
__Ltext2                               text2        000000
__Ltext20                              text20       000000
__Ltext21                              text21       000000
__Ltext22                              text22       000000
__Ltext23                              text23       000000
__Ltext24                              text24       000000
__Ltext25                              text25       000000
__Ltext26                              text26       000000
__Ltext27                              text27       000000
__Ltext29                              text29       000000
__Ltext3                               text3        000000
__Ltext30                              text30       000000
__Ltext31                              text31       000000
__Ltext32                              text32       000000
__Ltext33                              text33       000000
__Ltext34                              text34       000000
__Ltext36                              text36       000000
__Ltext37                              text37       000000
__Ltext38                              text38       000000
__Ltext39                              text39       000000
__Ltext4                               text4        000000
__Ltext40                              text40       000000
__Ltext41                              text41       000000
__Ltext42                              text42       000000
__Ltext43                              text43       000000
__Ltext44                              text44       000000
__Ltext45                              text45       000000
__Ltext46                              text46       000000
__Ltext47                              text47       000000
__Ltext48                              text48       000000
__Ltext49                              text49       000000
__Ltext5                               text5        000000
__Ltext50                              text50       000000
__Ltext51                              text51       000000
__Ltext52                              text52       000000
__Ltext53                              text53       000000
__Ltext6                               text6        000000
__Ltext7                               text7        000000
__Ltext8                               text8        000000
__Ltext9                               text9        000000
__S0                                   (abs)        30000E
__S1                                   (abs)        0003FC
__accesstop                            (abs)        000060
__activetblptr                         (abs)        000000
__end_of_DebugPrint                    text40       001A0C
__end_of_DebugPrintByte                text9        001742
__end_of_Delay1KTCYx                   text23       0019B6
__end_of_FromMainHigh_recvmsg          text25       001842
__end_of_FromMainHigh_sendmsg          text20       00189E
__end_of_I2CInit                       text11       00198E
__end_of_InterruptHandlerHigh          intcode_body 00116E
__end_of_InterruptHandlerLow           intcodelo    0000C4
__end_of_OpenTimer0                    text5        001920
__end_of_OpenTimer1                    text6        0016CE
__end_of_SleepIfOkay                   text39       001204
__end_of_ToMainHigh_recvmsg            text12       0017E2
__end_of_ToMainHigh_sendmsg            text41       0018CA
__end_of_ToMainLow_recvmsg             text18       001812
__end_of_ToMainLow_sendmsg             text31       00196E
__end_of_WriteTimer0                   text43       001A00
__end_of_WriteTimer1                   text32       0019EE
__end_of__initialization               cinit        0013DE
__end_of_block_on_To_msgqueues         text13       001020
__end_of_check_msg                     text22       00177A
__end_of_enable_interrupts             text1        001A1E
__end_of_enter_sleep_mode              text42       001A24
__end_of_i2c_master_int_handler        text38       0005D2
__end_of_i2c_master_recv               text3        0014FA
__end_of_i2c_master_send               text17       000E68
__end_of_i2c_master_start_next_in_Q    text24       000962
__end_of_in_high_int                   text16       0019A2
__end_of_in_low_int                    text15       001442
__end_of_in_main                       text14       001552
__end_of_init_queue                    text19       001314
__end_of_init_queues                   text8        001382
__end_of_init_timer1_lthread           text7        0019DC
__end_of_init_uart_snd_rcv             text4        00170A
__end_of_main                          text0        0003D6
__end_of_memcpy                        text27       0015A8
__end_of_recv_msg                      text26       000712
__end_of_send_msg                      text21       000B78
__end_of_start_UART_send               text2        000F4C
__end_of_timer0_int_handler            text37       001648
__end_of_timer0_lthread                text10       001A16
__end_of_timer1_int_handler            text29       00194A
__end_of_uart_recv_int_handler         text36       000D82
__end_of_uart_send_int_handler         text30       00128E
__end_ofi1_memcpy                      text34       001690
__end_ofi1_send_msg                    text33       0010D2
__end_ofi2_FromMainHigh_recvmsg        text49       001872
__end_ofi2_ToMainLow_sendmsg           text45       0018F6
__end_ofi2_check_msg                   text47       0017B2
__end_ofi2_i2c_master_start_next_in_Q  text48       000A72
__end_ofi2_in_high_int                 text46       0019CA
__end_ofi2_in_low_int                  text44       0014A0
__end_ofi2_memcpy                      text52       0015FE
__end_ofi2_recv_msg                    text50       000852
__end_ofi2_send_msg                    text51       000C7E
__initialization                       cinit        001382
__mediumconst                          mediumconst  000000
__pbssBANK0                            bssBANK0     0000B6
__pbssBANK1                            bssBANK1     000100
__pbssBANK2                            bssBANK2     000200
__pbssBIGRAM                           bssBIGRAM    00026C
__pbssCOMRAM                           bssCOMRAM    00002E
__pcinit                               cinit        001382
__pcstackBANK0                         cstackBANK0  000060
__pcstackBANK1                         cstackBANK1  0001B3
__pcstackCOMRAM                        cstackCOMRAM 000001
__pdataCOMRAM                          dataCOMRAM   000036
__pidataCOMRAM                         idataCOMRAM  001A24
__pintcode                             intcode      000008
__pintcode_body                        intcode_body 0010D2
__pintcodelo                           intcodelo    000018
__pnvBANK0                             nvBANK0      0000C8
__ptext0                               text0        0000C8
__ptext1                               text1        001A16
__ptext10                              text10       001A0C
__ptext11                              text11       00196E
__ptext12                              text12       0017B2
__ptext13                              text13       000F4C
__ptext14                              text14       0014FA
__ptext15                              text15       0013E4
__ptext16                              text16       00198E
__ptext17                              text17       000D82
__ptext18                              text18       0017E2
__ptext19                              text19       00128E
__ptext2                               text2        000E68
__ptext20                              text20       001872
__ptext21                              text21       000A72
__ptext22                              text22       001742
__ptext23                              text23       0019A2
__ptext24                              text24       000852
__ptext25                              text25       001812
__ptext26                              text26       0005D2
__ptext27                              text27       001552
__ptext29                              text29       001920
__ptext3                               text3        0014A0
__ptext30                              text30       001204
__ptext31                              text31       00194A
__ptext32                              text32       0019DC
__ptext33                              text33       001020
__ptext34                              text34       001648
__ptext36                              text36       000C7E
__ptext37                              text37       0015FE
__ptext38                              text38       0003D6
__ptext39                              text39       00116E
__ptext4                               text4        0016CE
__ptext40                              text40       001A00
__ptext41                              text41       00189E
__ptext42                              text42       001A1E
__ptext43                              text43       0019EE
__ptext44                              text44       001442
__ptext45                              text45       0018CA
__ptext46                              text46       0019B6
__ptext47                              text47       00177A
__ptext48                              text48       000962
__ptext49                              text49       001842
__ptext5                               text5        0018F6
__ptext50                              text50       000712
__ptext51                              text51       000B78
__ptext52                              text52       0015A8
__ptext53                              text53       000000
__ptext6                               text6        001690
__ptext7                               text7        0019CA
__ptext8                               text8        001314
__ptext9                               text9        00170A
__ramtop                               ramtop       000D00
__size_of_DebugPrint                   (abs)        000000
__size_of_DebugPrintByte               (abs)        000000
__size_of_Delay1KTCYx                  (abs)        000000
__size_of_FromMainHigh_recvmsg         (abs)        000000
__size_of_FromMainHigh_sendmsg         (abs)        000000
__size_of_I2CInit                      (abs)        000000
__size_of_InterruptHandlerHigh         (abs)        000000
__size_of_InterruptHandlerLow          (abs)        000000
__size_of_OpenTimer0                   (abs)        000000
__size_of_OpenTimer1                   (abs)        000000
__size_of_SleepIfOkay                  (abs)        000000
__size_of_ToMainHigh_recvmsg           (abs)        000000
__size_of_ToMainHigh_sendmsg           (abs)        000000
__size_of_ToMainLow_recvmsg            (abs)        000000
__size_of_ToMainLow_sendmsg            (abs)        000000
__size_of_WriteTimer0                  (abs)        000000
__size_of_WriteTimer1                  (abs)        000000
__size_of_block_on_To_msgqueues        (abs)        000000
__size_of_check_msg                    (abs)        000000
__size_of_enable_interrupts            (abs)        000000
__size_of_enter_sleep_mode             (abs)        000000
__size_of_i2c_master_int_handler       (abs)        000000
__size_of_i2c_master_recv              (abs)        000000
__size_of_i2c_master_send              (abs)        000000
__size_of_i2c_master_start_next_in_Q   (abs)        000000
__size_of_in_high_int                  (abs)        000000
__size_of_in_low_int                   (abs)        000000
__size_of_in_main                      (abs)        000000
__size_of_init_queue                   (abs)        000000
__size_of_init_queues                  (abs)        000000
__size_of_init_timer1_lthread          (abs)        000000
__size_of_init_uart_snd_rcv            (abs)        000000
__size_of_main                         (abs)        000000
__size_of_memcpy                       (abs)        000000
__size_of_recv_msg                     (abs)        000000
__size_of_send_msg                     (abs)        000000
__size_of_start_UART_send              (abs)        000000
__size_of_timer0_int_handler           (abs)        000000
__size_of_timer0_lthread               (abs)        000000
__size_of_timer1_int_handler           (abs)        000000
__size_of_uart_recv_int_handler        (abs)        000000
__size_of_uart_send_int_handler        (abs)        000000
__size_ofi1_memcpy                     (abs)        000000
__size_ofi1_send_msg                   (abs)        000000
__size_ofi2_FromMainHigh_recvmsg       (abs)        000000
__size_ofi2_ToMainLow_sendmsg          (abs)        000000
__size_ofi2_check_msg                  (abs)        000000
__size_ofi2_i2c_master_start_next_in_Q (abs)        000000
__size_ofi2_in_high_int                (abs)        000000
__size_ofi2_in_low_int                 (abs)        000000
__size_ofi2_memcpy                     (abs)        000000
__size_ofi2_recv_msg                   (abs)        000000
__size_ofi2_send_msg                   (abs)        000000
__smallconst                           smallconst   000000
_a                                     bssBANK0     0000B6
_block_on_To_msgqueues                 text13       000F4C
_check_msg                             text22       001742
_enable_interrupts                     text1        001A16
_enter_sleep_mode                      text42       001A1E
_heapPointer                           dataCOMRAM   000036
_i2c_master_int_handler                text38       0003D6
_i2c_master_recv                       text3        0014A0
_i2c_master_send                       text17       000D82
_i2c_master_start_next_in_Q            text24       000852
_i2c_p                                 bssBANK0     0000B8
_ic_ptr                                bssCOMRAM    00002E
_in_high_int                           text16       00198E
_in_low_int                            text15       0013E4
_in_main                               text14       0014FA
_init_queue                            text19       00128E
_init_queues                           text8        001314
_init_timer1_lthread                   text7        0019CA
_init_uart_snd_rcv                     text4        0016CE
_main                                  text0        0000C8
_memcpy                                text27       001552
_recv_msg                              text26       0005D2
_send_msg                              text21       000A72
_start_UART_send                       text2        000E68
_temp_buffer                           bssCOMRAM    000032
_timer0_int_handler                    text37       0015FE
_timer0_lthread                        text10       001A0C
_timer1_int_handler                    text29       001920
_uart_recv_int_handler                 text36       000C7E
_uart_send_int_handler                 text30       001204
_uc_ptr                                nvBANK0      0000C8
check_msg@qptr                         cstackBANK0  00008E
end_of_initialization                  cinit        0013DE
i1_memcpy                              text34       001648
i1_send_msg                            text33       001020
i1memcpy@d                             cstackCOMRAM 000007
i1memcpy@d1                            cstackCOMRAM 000001
i1memcpy@n                             cstackCOMRAM 000005
i1memcpy@s                             cstackCOMRAM 000009
i1memcpy@s1                            cstackCOMRAM 000003
i1send_msg@data                        cstackCOMRAM 00000F
i1send_msg@length                      cstackCOMRAM 00000D
i1send_msg@msgtype                     cstackCOMRAM 00000E
i1send_msg@qmsg                        cstackCOMRAM 000015
i1send_msg@qptr                        cstackCOMRAM 00000B
i1send_msg@slot                        cstackCOMRAM 000014
i1send_msg@tlength                     cstackCOMRAM 000012
i2FromMainHigh_recvmsg@data            cstackBANK0  00007B
i2FromMainHigh_recvmsg@maxlength       cstackBANK0  000078
i2FromMainHigh_recvmsg@msgtype         cstackBANK0  000079
i2ToMainLow_sendmsg@data               cstackBANK0  000078
i2ToMainLow_sendmsg@length             cstackBANK0  000076
i2ToMainLow_sendmsg@msgtype            cstackBANK0  000077
i2_FromMainHigh_recvmsg                text49       001842
i2_ToMainLow_sendmsg                   text45       0018CA
i2_check_msg                           text47       00177A
i2_i2c_master_start_next_in_Q          text48       000962
i2_in_high_int                         text46       0019B6
i2_in_low_int                          text44       001442
i2_memcpy                              text52       0015A8
i2_recv_msg                            text50       000712
i2_send_msg                            text51       000B78
i2c_master_recv@ID                     cstackBANK0  0000AD
i2c_master_recv@buf                    cstackBANK0  0000B1
i2c_master_recv@length                 cstackBANK0  0000AE
i2c_master_send@adr                    cstackBANK0  0000AD
i2c_master_send@i                      cstackBANK1  0001BD
i2c_master_send@length                 cstackBANK0  0000AE
i2c_master_send@msg                    cstackBANK0  0000AF
i2c_master_send@msgbuf                 cstackBANK1  0001B3
i2c_master_start_next_in_Q@msgType     cstackBANK0  0000AC
i2check_msg@qptr                       cstackBANK0  000060
i2i2c_master_start_next_in_Q@msgType   cstackBANK0  00007E
i2memcpy@d                             cstackBANK0  000066
i2memcpy@d1                            cstackBANK0  000060
i2memcpy@n                             cstackBANK0  000064
i2memcpy@s                             cstackBANK0  000068
i2memcpy@s1                            cstackBANK0  000062
i2recv_msg@data                        cstackBANK0  00006F
i2recv_msg@maxlength                   cstackBANK0  00006C
i2recv_msg@msgtype                     cstackBANK0  00006D
i2recv_msg@qmsg                        cstackBANK0  000076
i2recv_msg@qptr                        cstackBANK0  00006A
i2recv_msg@slot                        cstackBANK0  000073
i2recv_msg@tlength                     cstackBANK0  000074
i2send_msg@data                        cstackBANK0  00006E
i2send_msg@length                      cstackBANK0  00006C
i2send_msg@msgtype                     cstackBANK0  00006D
i2send_msg@qmsg                        cstackBANK0  000074
i2send_msg@qptr                        cstackBANK0  00006A
i2send_msg@slot                        cstackBANK0  000073
i2send_msg@tlength                     cstackBANK0  000071
init_queue@i                           cstackBANK0  000091
init_queue@qptr                        cstackBANK0  00008E
init_timer1_lthread@tptr               cstackBANK0  00008E
init_uart_snd_rcv@uc                   cstackBANK0  00008E
int_func                               intcode_body 0010D2
intlevel0                              text         000000
intlevel1                              text         000000
intlevel2                              text         000000
intlevel3                              text         000000
main@RedL                              cstackBANK1  0001C0
main@currentPollDriver                 bssBANK1     000146
main@last_reg_recvd                    cstackBANK1  0001BF
main@length                            cstackBANK1  0001D0
main@msgbuffer                         cstackBANK1  0001C5
main@msgtype                           cstackBANK1  0001D1
main@t0thread_data                     cstackBANK1  0001C1
main@t1thread_data                     cstackBANK1  0001C3
main@uc                                cstackBANK1  0001D2
memcpy@d                               cstackBANK0  000094
memcpy@d1                              cstackBANK0  00008E
memcpy@n                               cstackBANK0  000092
memcpy@s                               cstackBANK0  000096
memcpy@s1                              cstackBANK0  000090
recv_msg@data                          cstackBANK0  00009D
recv_msg@maxlength                     cstackBANK0  00009A
recv_msg@msgtype                       cstackBANK0  00009B
recv_msg@qmsg                          cstackBANK0  0000A4
recv_msg@qptr                          cstackBANK0  000098
recv_msg@slot                          cstackBANK0  0000A1
recv_msg@tlength                       cstackBANK0  0000A2
send_msg@data                          cstackBANK0  00009C
send_msg@length                        cstackBANK0  00009A
send_msg@msgtype                       cstackBANK0  00009B
send_msg@qmsg                          cstackBANK0  0000A2
send_msg@qptr                          cstackBANK0  000098
send_msg@slot                          cstackBANK0  0000A1
send_msg@tlength                       cstackBANK0  00009F
start                                  init         0000C4
start_UART_send@len                    cstackBANK0  00008E
start_UART_send@msg                    cstackBANK0  00008F
start_initialization                   cinit        001382
timer0_lthread@msgbuffer               cstackBANK0  000094
timer0_lthread@msgval                  cstackBANK0  000096
uart_recv_int_handler@errs             cstackBANK0  00007B


FUNCTION INFORMATION:

 *************** function _main *****************
 Defined at:
		line 128 in file "../src/main.c"
 Parameters:    Size  Location     Type
		None
 Auto vars:     Size  Location     Type
  uc             19   31[BANK1 ] struct __uart_comm
  msgbuffer      11   18[BANK1 ] unsigned char [11]
  t1thread_dat    2   16[BANK1 ] struct __timer1_thread_s
  t0thread_dat    2   14[BANK1 ] struct __timer0_thread_s
  uthread_data    2    0        struct __uart_thread_str
  msgtype         1   30[BANK1 ] unsigned char 
  length          1   29[BANK1 ] char 
  RedL            1   13[BANK1 ] unsigned char 
  last_reg_rec    1   12[BANK1 ] unsigned char 
  i               1    0        unsigned char 
  c               1    0        unsigned char 
 Return value:  Size  Location     Type
		None               void
 Registers used:
		wreg, fsr0l, fsr0h, fsr1l, fsr1h, fsr2l, fsr2h, status,2, status,0, pclat, tosl, structret, tblptrl, tblptrh, tblptru, prodl, prodh, bsr, cstack
 Tracked objects:
		On entry : 
		On exit  : 
		Unchanged: 
 Data sizes:     COMRAM   BANK0   BANK1   BANK2   BANK3   BANK4   BANK5   BANK6   BANK7   BANK8   BANK9  BANK10  BANK11  BANK12
      Params:         0       0       0       0       0       0       0       0       0       0       0       0       0       0
      Locals:         0       0      38       0       0       0       0       0       0       0       0       0       0       0
      Temps:          0       2       0       0       0       0       0       0       0       0       0       0       0       0
      Totals:         0       2      38       0       0       0       0       0       0       0       0       0       0       0
Total ram usage:       40 bytes
 Hardware stack levels required when called:   16
 This function calls:
		_init_uart_snd_rcv
		_init_timer1_lthread
		_init_queues
		_OpenTimer0
		_OpenTimer1
		_enable_interrupts
		_I2CInit
		_block_on_To_msgqueues
		_ToMainHigh_recvmsg
		_timer0_lthread
		_DebugPrintByte
		_start_UART_send
		_ToMainLow_recvmsg
		_i2c_master_recv
		_i2c_master_send
 This function is called by:
		Startup code after reset
 This function uses a non-reentrant model


 *************** function _enable_interrupts *****************
 Defined at:
		line 18 in file "../src/interrupts.c"
 Parameters:    Size  Location     Type
		None
 Auto vars:     Size  Location     Type
		None
 Return value:  Size  Location     Type
		None               void
 Registers used:
		None
 Tracked objects:
		On entry : 
		On exit  : 
		Unchanged: 
 Data sizes:     COMRAM   BANK0   BANK1   BANK2   BANK3   BANK4   BANK5   BANK6   BANK7   BANK8   BANK9  BANK10  BANK11  BANK12
      Params:         0       0       0       0       0       0       0       0       0       0       0       0       0       0
      Locals:         0       0       0       0       0       0       0       0       0       0       0       0       0       0
      Temps:          0       0       0       0       0       0       0       0       0       0       0       0       0       0
      Totals:         0       0       0       0       0       0       0       0       0       0       0       0       0       0
Total ram usage:        0 bytes
 Hardware stack levels used:    1
 Hardware stack levels required when called:   11
 This function calls:
		Nothing
 This function is called by:
		_main
 This function uses a non-reentrant model


 *************** function _start_UART_send *****************
 Defined at:
		line 13 in file "../src/my_uart.c"
 Parameters:    Size  Location     Type
  len             1   46[BANK0 ] unsigned char 
  msg             2   47[BANK0 ] PTR unsigned char 
		 -> main@msgbuffer(11), 
 Auto vars:     Size  Location     Type
		None
 Return value:  Size  Location     Type
		None               void
 Registers used:
		wreg, fsr1l, fsr1h, fsr2l, fsr2h, status,2, status,0, prodl, prodh
 Tracked objects:
		On entry : 
		On exit  : 
		Unchanged: 
 Data sizes:     COMRAM   BANK0   BANK1   BANK2   BANK3   BANK4   BANK5   BANK6   BANK7   BANK8   BANK9  BANK10  BANK11  BANK12
      Params:         0       3       0       0       0       0       0       0       0       0       0       0       0       0
      Locals:         0       0       0       0       0       0       0       0       0       0       0       0       0       0
      Temps:          0       2       0       0       0       0       0       0       0       0       0       0       0       0
      Totals:         0       5       0       0       0       0       0       0       0       0       0       0       0       0
Total ram usage:        5 bytes
 Hardware stack levels used:    1
 Hardware stack levels required when called:   11
 This function calls:
		Nothing
 This function is called by:
		_main
		_DriverColorRespond
 This function uses a non-reentrant model


 *************** function _i2c_master_recv *****************
 Defined at:
		line 68 in file "../src/i2cMaster.c"
 Parameters:    Size  Location     Type
  ID              1   77[BANK0 ] unsigned char 
  length          1   78[BANK0 ] unsigned char 
 Auto vars:     Size  Location     Type
  buf             2   81[BANK0 ] unsigned char [2]
 Return value:  Size  Location     Type
                  1    wreg      unsigned char 
 Registers used:
		wreg, fsr1l, fsr1h, fsr2l, fsr2h, status,2, status,0, prodl, prodh, cstack
 Tracked objects:
		On entry : 
		On exit  : 
		Unchanged: 
 Data sizes:     COMRAM   BANK0   BANK1   BANK2   BANK3   BANK4   BANK5   BANK6   BANK7   BANK8   BANK9  BANK10  BANK11  BANK12
      Params:         0       2       0       0       0       0       0       0       0       0       0       0       0       0
      Locals:         0       2       0       0       0       0       0       0       0       0       0       0       0       0
      Temps:          0       2       0       0       0       0       0       0       0       0       0       0       0       0
      Totals:         0       6       0       0       0       0       0       0       0       0       0       0       0       0
Total ram usage:        6 bytes
 Hardware stack levels used:    1
 Hardware stack levels required when called:   15
 This function calls:
		_FromMainHigh_sendmsg
		_i2c_master_start_next_in_Q
 This function is called by:
		_main
		_DriverColorPoll
 This function uses a non-reentrant model


 *************** function _init_uart_snd_rcv *****************
 Defined at:
		line 52 in file "../src/my_uart.c"
 Parameters:    Size  Location     Type
  uc              2   46[BANK0 ] PTR struct __uart_comm
		 -> main@uc(19), 
 Auto vars:     Size  Location     Type
		None
 Return value:  Size  Location     Type
		None               void
 Registers used:
		wreg, fsr2l, fsr2h, status,2, status,0
 Tracked objects:
		On entry : 
		On exit  : 
		Unchanged: 
 Data sizes:     COMRAM   BANK0   BANK1   BANK2   BANK3   BANK4   BANK5   BANK6   BANK7   BANK8   BANK9  BANK10  BANK11  BANK12
      Params:         0       2       0       0       0       0       0       0       0       0       0       0       0       0
      Locals:         0       0       0       0       0       0       0       0       0       0       0       0       0       0
      Temps:          0       0       0       0       0       0       0       0       0       0       0       0       0       0
      Totals:         0       2       0       0       0       0       0       0       0       0       0       0       0       0
Total ram usage:        2 bytes
 Hardware stack levels used:    1
 Hardware stack levels required when called:   11
 This function calls:
		Nothing
 This function is called by:
		_main
 This function uses a non-reentrant model


 *************** function _OpenTimer0 *****************
 Defined at:
		line 19 in file "plib/Timers/t0open.c"
 Parameters:    Size  Location     Type
  config          1   46[BANK0 ] unsigned char 
 Auto vars:     Size  Location     Type
		None
 Return value:  Size  Location     Type
		None               void
 Registers used:
		wreg, status,2, status,0
 Tracked objects:
		On entry : 
		On exit  : 
		Unchanged: 
 Data sizes:     COMRAM   BANK0   BANK1   BANK2   BANK3   BANK4   BANK5   BANK6   BANK7   BANK8   BANK9  BANK10  BANK11  BANK12
      Params:         0       1       0       0       0       0       0       0       0       0       0       0       0       0
      Locals:         0       0       0       0       0       0       0       0       0       0       0       0       0       0
      Temps:          0       0       0       0       0       0       0       0       0       0       0       0       0       0
      Totals:         0       1       0       0       0       0       0       0       0       0       0       0       0       0
Total ram usage:        1 bytes
 Hardware stack levels used:    1
 Hardware stack levels required when called:   11
 This function calls:
		Nothing
 This function is called by:
		_main
 This function uses a non-reentrant model


 *************** function _OpenTimer1 *****************
 Defined at:
		line 17 in file "plib/Timers/t1open.c"
 Parameters:    Size  Location     Type
  config          1   46[BANK0 ] unsigned char 
 Auto vars:     Size  Location     Type
		None
 Return value:  Size  Location     Type
		None               void
 Registers used:
		wreg, status,2, status,0
 Tracked objects:
		On entry : 
		On exit  : 
		Unchanged: 
 Data sizes:     COMRAM   BANK0   BANK1   BANK2   BANK3   BANK4   BANK5   BANK6   BANK7   BANK8   BANK9  BANK10  BANK11  BANK12
      Params:         0       1       0       0       0       0       0       0       0       0       0       0       0       0
      Locals:         0       0       0       0       0       0       0       0       0       0       0       0       0       0
      Temps:          0       0       0       0       0       0       0       0       0       0       0       0       0       0
      Totals:         0       1       0       0       0       0       0       0       0       0       0       0       0       0
Total ram usage:        1 bytes
 Hardware stack levels used:    1
 Hardware stack levels required when called:   11
 This function calls:
		Nothing
 This function is called by:
		_main
 This function uses a non-reentrant model


 *************** function _init_timer1_lthread *****************
 Defined at:
		line 6 in file "../src/timer1_thread.c"
 Parameters:    Size  Location     Type
  tptr            2   46[BANK0 ] PTR struct __timer1_thre
		 -> main@t1thread_data(2), 
 Auto vars:     Size  Location     Type
		None
 Return value:  Size  Location     Type
		None               void
 Registers used:
		wreg, fsr2l, fsr2h
 Tracked objects:
		On entry : 
		On exit  : 
		Unchanged: 
 Data sizes:     COMRAM   BANK0   BANK1   BANK2   BANK3   BANK4   BANK5   BANK6   BANK7   BANK8   BANK9  BANK10  BANK11  BANK12
      Params:         0       2       0       0       0       0       0       0       0       0       0       0       0       0
      Locals:         0       0       0       0       0       0       0       0       0       0       0       0       0       0
      Temps:          0       0       0       0       0       0       0       0       0       0       0       0       0       0
      Totals:         0       2       0       0       0       0       0       0       0       0       0       0       0       0
Total ram usage:        2 bytes
 Hardware stack levels used:    1
 Hardware stack levels required when called:   11
 This function calls:
		Nothing
 This function is called by:
		_main
 This function uses a non-reentrant model


 *************** function _init_queues *****************
 Defined at:
		line 194 in file "../src/messages.c"
 Parameters:    Size  Location     Type
		None
 Auto vars:     Size  Location     Type
		None
 Return value:  Size  Location     Type
		None               void
 Registers used:
		wreg, fsr2l, fsr2h, status,2, status,0, prodl, prodh, cstack
 Tracked objects:
		On entry : 
		On exit  : 
		Unchanged: 
 Data sizes:     COMRAM   BANK0   BANK1   BANK2   BANK3   BANK4   BANK5   BANK6   BANK7   BANK8   BANK9  BANK10  BANK11  BANK12
      Params:         0       0       0       0       0       0       0       0       0       0       0       0       0       0
      Locals:         0       0       0       0       0       0       0       0       0       0       0       0       0       0
      Temps:          0       1       0       0       0       0       0       0       0       0       0       0       0       0
      Totals:         0       1       0       0       0       0       0       0       0       0       0       0       0       0
Total ram usage:        1 bytes
 Hardware stack levels used:    1
 Hardware stack levels required when called:   12
 This function calls:
		_init_queue
 This function is called by:
		_main
 This function uses a non-reentrant model


 *************** function _DebugPrintByte *****************
 Defined at:
		line 9 in file "../src/debug.c"
 Parameters:    Size  Location     Type
  out             1   46[BANK0 ] unsigned char 
 Auto vars:     Size  Location     Type
  tmpL            1   48[BANK0 ] unsigned char 
  tmpH            1   47[BANK0 ] unsigned char 
 Return value:  Size  Location     Type
		None               void
 Registers used:
		wreg, status,2, status,0
 Tracked objects:
		On entry : 
		On exit  : 
		Unchanged: 
 Data sizes:     COMRAM   BANK0   BANK1   BANK2   BANK3   BANK4   BANK5   BANK6   BANK7   BANK8   BANK9  BANK10  BANK11  BANK12
      Params:         0       1       0       0       0       0       0       0       0       0       0       0       0       0
      Locals:         0       2       0       0       0       0       0       0       0       0       0       0       0       0
      Temps:          0       0       0       0       0       0       0       0       0       0       0       0       0       0
      Totals:         0       3       0       0       0       0       0       0       0       0       0       0       0       0
Total ram usage:        3 bytes
 Hardware stack levels used:    1
 Hardware stack levels required when called:   11
 This function calls:
		Nothing
 This function is called by:
		_main
		_DebugPrintString
 This function uses a non-reentrant model


 *************** function _timer0_lthread *****************
 Defined at:
		line 9 in file "../src/timer0_thread.c"
 Parameters:    Size  Location     Type
  tptr            2   46[BANK0 ] PTR struct __timer0_thre
		 -> main@t0thread_data(2), 
  msgtype         2   48[BANK0 ] int 
  length          2   50[BANK0 ] int 
  msgbuffer       2   52[BANK0 ] PTR unsigned char 
		 -> main@msgbuffer(11), 
 Auto vars:     Size  Location     Type
  msgval          2   54[BANK0 ] PTR unsigned int 
		 -> main@msgbuffer(11), 
 Return value:  Size  Location     Type
                  2   46[BANK0 ] int 
 Registers used:
		None
 Tracked objects:
		On entry : 
		On exit  : 
		Unchanged: 
 Data sizes:     COMRAM   BANK0   BANK1   BANK2   BANK3   BANK4   BANK5   BANK6   BANK7   BANK8   BANK9  BANK10  BANK11  BANK12
      Params:         0       8       0       0       0       0       0       0       0       0       0       0       0       0
      Locals:         0       2       0       0       0       0       0       0       0       0       0       0       0       0
      Temps:          0       0       0       0       0       0       0       0       0       0       0       0       0       0
      Totals:         0      10       0       0       0       0       0       0       0       0       0       0       0       0
Total ram usage:       10 bytes
 Hardware stack levels used:    1
 Hardware stack levels required when called:   11
 This function calls:
		Nothing
 This function is called by:
		_main
 This function uses a non-reentrant model


 *************** function _I2CInit *****************
 Defined at:
		line 190 in file "../src/i2cMaster.c"
 Parameters:    Size  Location     Type
		None
 Auto vars:     Size  Location     Type
		None
 Return value:  Size  Location     Type
		None               void
 Registers used:
		wreg, status,2, status,0
 Tracked objects:
		On entry : 
		On exit  : 
		Unchanged: 
 Data sizes:     COMRAM   BANK0   BANK1   BANK2   BANK3   BANK4   BANK5   BANK6   BANK7   BANK8   BANK9  BANK10  BANK11  BANK12
      Params:         0       0       0       0       0       0       0       0       0       0       0       0       0       0
      Locals:         0       0       0       0       0       0       0       0       0       0       0       0       0       0
      Temps:          0       1       0       0       0       0       0       0       0       0       0       0       0       0
      Totals:         0       1       0       0       0       0       0       0       0       0       0       0       0       0
Total ram usage:        1 bytes
 Hardware stack levels used:    1
 Hardware stack levels required when called:   11
 This function calls:
		Nothing
 This function is called by:
		_main
 This function uses a non-reentrant model


 *************** function _ToMainHigh_recvmsg *****************
 Defined at:
		line 135 in file "../src/messages.c"
 Parameters:    Size  Location     Type
  maxlength       1   70[BANK0 ] unsigned char 
  msgtype         2   71[BANK0 ] PTR unsigned char 
		 -> main@msgtype(1), 
  data            2   73[BANK0 ] PTR void 
		 -> main@msgbuffer(11), 
 Auto vars:     Size  Location     Type
		None
 Return value:  Size  Location     Type
                  1    wreg      char 
 Registers used:
		wreg, fsr1l, fsr1h, fsr2l, fsr2h, status,2, status,0, prodl, prodh, cstack
 Tracked objects:
		On entry : 
		On exit  : 
		Unchanged: 
 Data sizes:     COMRAM   BANK0   BANK1   BANK2   BANK3   BANK4   BANK5   BANK6   BANK7   BANK8   BANK9  BANK10  BANK11  BANK12
      Params:         0       5       0       0       0       0       0       0       0       0       0       0       0       0
      Locals:         0       0       0       0       0       0       0       0       0       0       0       0       0       0
      Temps:          0       0       0       0       0       0       0       0       0       0       0       0       0       0
      Totals:         0       5       0       0       0       0       0       0       0       0       0       0       0       0
Total ram usage:        5 bytes
 Hardware stack levels used:    1
 Hardware stack levels required when called:   13
 This function calls:
		_recv_msg
 This function is called by:
		_main
 This function uses a non-reentrant model


 *************** function _block_on_To_msgqueues *****************
 Defined at:
		line 258 in file "../src/messages.c"
 Parameters:    Size  Location     Type
		None
 Auto vars:     Size  Location     Type
		None
 Return value:  Size  Location     Type
		None               void
 Registers used:
		wreg, fsr2l, fsr2h, status,2, status,0, prodl, prodh, cstack
 Tracked objects:
		On entry : 
		On exit  : 
		Unchanged: 
 Data sizes:     COMRAM   BANK0   BANK1   BANK2   BANK3   BANK4   BANK5   BANK6   BANK7   BANK8   BANK9  BANK10  BANK11  BANK12
      Params:         0       0       0       0       0       0       0       0       0       0       0       0       0       0
      Locals:         0       0       0       0       0       0       0       0       0       0       0       0       0       0
      Temps:          0       1       0       0       0       0       0       0       0       0       0       0       0       0
      Totals:         0       1       0       0       0       0       0       0       0       0       0       0       0       0
Total ram usage:        1 bytes
 Hardware stack levels used:    1
 Hardware stack levels required when called:   14
 This function calls:
		_in_main
		_check_msg
		_Delay1KTCYx
[...]
      Temps:          0       0       0       0       0       0       0       0       0       0       0       0       0       0
      Totals:         0       0       0       0       0       0       0       0       0       0       0       0       0       0
Total ram usage:        0 bytes
 Hardware stack levels used:    1
 This function calls:
		Nothing
 This function is called by:
		_SleepIfOkay
 This function uses a non-reentrant model


 *************** function _WriteTimer0 *****************
 Defined at:
		line 17 in file "plib/Timers/t0write.c"
 Parameters:    Size  Location     Type
  timer0          2    0[BANK0 ] unsigned int 
 Auto vars:     Size  Location     Type
  timer           2    2[BANK0 ] struct Timers
 Return value:  Size  Location     Type
		None               void
 Registers used:
		None
 Tracked objects:
		On entry : 
		On exit  : 
		Unchanged: 
 Data sizes:     COMRAM   BANK0   BANK1   BANK2   BANK3   BANK4   BANK5   BANK6   BANK7   BANK8   BANK9  BANK10  BANK11  BANK12
      Params:         0       2       0       0       0       0       0       0       0       0       0       0       0       0
      Locals:         0       2       0       0       0       0       0       0       0       0       0       0       0       0
      Temps:          0       0       0       0       0       0       0       0       0       0       0       0       0       0
      Totals:         0       4       0       0       0       0       0       0       0       0       0       0       0       0
Total ram usage:        4 bytes
 Hardware stack levels used:    1
 This function calls:
		Nothing
 This function is called by:
		_timer0_int_handler
 This function uses a non-reentrant model


 *************** function i2_in_low_int *****************
 Defined at:
		line 34 in file "../src/interrupts.c"
 Parameters:    Size  Location     Type
		None
 Auto vars:     Size  Location     Type
		None
 Return value:  Size  Location     Type
                  2    2[BANK0 ] int 
 Registers used:
		wreg, status,2, status,0, cstack
 Tracked objects:
		On entry : 
		On exit  : 
		Unchanged: 
 Data sizes:     COMRAM   BANK0   BANK1   BANK2   BANK3   BANK4   BANK5   BANK6   BANK7   BANK8   BANK9  BANK10  BANK11  BANK12
      Params:         0       2       0       0       0       0       0       0       0       0       0       0       0       0
      Locals:         0       0       0       0       0       0       0       0       0       0       0       0       0       0
      Temps:          0       0       0       0       0       0       0       0       0       0       0       0       0       0
      Totals:         0       2       0       0       0       0       0       0       0       0       0       0       0       0
Total ram usage:        2 bytes
 Hardware stack levels used:    1
 Hardware stack levels required when called:    1
 This function calls:
		i2_in_high_int
 This function is called by:
		_SleepIfOkay
 This function uses a non-reentrant model


 *************** function i2_ToMainLow_sendmsg *****************
 Defined at:
		line 103 in file "../src/messages.c"
 Parameters:    Size  Location     Type
  ToMainLow_se    1   22[BANK0 ] unsigned char 
  ToMainLow_se    1   23[BANK0 ] unsigned char 
  ToMainLow_se    2   24[BANK0 ] PTR void 
		 -> NULL(0), main@uc(19), 
 Auto vars:     Size  Location     Type
		None
 Return value:  Size  Location     Type
                  1    wreg      char 
 Registers used:
		wreg, fsr1l, fsr1h, fsr2l, fsr2h, status,2, status,0, prodl, prodh, cstack
 Tracked objects:
		On entry : 
		On exit  : 
		Unchanged: 
 Data sizes:     COMRAM   BANK0   BANK1   BANK2   BANK3   BANK4   BANK5   BANK6   BANK7   BANK8   BANK9  BANK10  BANK11  BANK12
      Params:         0       4       0       0       0       0       0       0       0       0       0       0       0       0
      Locals:         0       0       0       0       0       0       0       0       0       0       0       0       0       0
      Temps:          0       0       0       0       0       0       0       0       0       0       0       0       0       0
      Totals:         0       4       0       0       0       0       0       0       0       0       0       0       0       0
Total ram usage:        4 bytes
 Hardware stack levels used:    1
 Hardware stack levels required when called:    2
 This function calls:
		i2_send_msg
 This function is called by:
		_uart_recv_int_handler
 This function uses a non-reentrant model


 *************** function i2_in_high_int *****************
 Defined at:
		line 26 in file "../src/interrupts.c"
 Parameters:    Size  Location     Type
		None
 Auto vars:     Size  Location     Type
		None
 Return value:  Size  Location     Type
                  2    0[BANK0 ] int 
 Registers used:
		wreg, status,2
 Tracked objects:
		On entry : 
		On exit  : 
		Unchanged: 
 Data sizes:     COMRAM   BANK0   BANK1   BANK2   BANK3   BANK4   BANK5   BANK6   BANK7   BANK8   BANK9  BANK10  BANK11  BANK12
      Params:         0       2       0       0       0       0       0       0       0       0       0       0       0       0
      Locals:         0       0       0       0       0       0       0       0       0       0       0       0       0       0
      Temps:          0       0       0       0       0       0       0       0       0       0       0       0       0       0
      Totals:         0       2       0       0       0       0       0       0       0       0       0       0       0       0
Total ram usage:        2 bytes
 Hardware stack levels used:    1
 This function calls:
		Nothing
 This function is called by:
		_SleepIfOkay
		i2_in_low_int
 This function uses a non-reentrant model


 *************** function i2_check_msg *****************
 Defined at:
		line 222 in file "../src/messages.c"
 Parameters:    Size  Location     Type
  check_msg       2    0[BANK0 ] PTR struct __msg_queue
		 -> ToMainHigh_MQ(54), ToMainLow_MQ(54), 
 Auto vars:     Size  Location     Type
		None
 Return value:  Size  Location     Type
                  1    wreg      unsigned char 
 Registers used:
		wreg, fsr2l, fsr2h, status,2, status,0, prodl, prodh
 Tracked objects:
		On entry : 
		On exit  : 
		Unchanged: 
 Data sizes:     COMRAM   BANK0   BANK1   BANK2   BANK3   BANK4   BANK5   BANK6   BANK7   BANK8   BANK9  BANK10  BANK11  BANK12
      Params:         0       2       0       0       0       0       0       0       0       0       0       0       0       0
      Locals:         0       0       0       0       0       0       0       0       0       0       0       0       0       0
      Temps:          0       1       0       0       0       0       0       0       0       0       0       0       0       0
      Totals:         0       3       0       0       0       0       0       0       0       0       0       0       0       0
Total ram usage:        3 bytes
 Hardware stack levels used:    1
 This function calls:
		Nothing
 This function is called by:
		_SleepIfOkay
 This function uses a non-reentrant model


 *************** function i2_i2c_master_start_next_in_Q *****************
 Defined at:
		line 91 in file "../src/i2cMaster.c"
 Parameters:    Size  Location     Type
		None
 Auto vars:     Size  Location     Type
  i2c_master_s    1   30[BANK0 ] unsigned char 
 Return value:  Size  Location     Type
		None               void
 Registers used:
		wreg, fsr1l, fsr1h, fsr2l, fsr2h, status,2, status,0, prodl, prodh, cstack
 Tracked objects:
		On entry : 
		On exit  : 
		Unchanged: 
 Data sizes:     COMRAM   BANK0   BANK1   BANK2   BANK3   BANK4   BANK5   BANK6   BANK7   BANK8   BANK9  BANK10  BANK11  BANK12
      Params:         0       0       0       0       0       0       0       0       0       0       0       0       0       0
      Locals:         0       1       0       0       0       0       0       0       0       0       0       0       0       0
      Temps:          0       1       0       0       0       0       0       0       0       0       0       0       0       0
      Totals:         0       2       0       0       0       0       0       0       0       0       0       0       0       0
Total ram usage:        2 bytes
 Hardware stack levels used:    1
 Hardware stack levels required when called:    3
 This function calls:
		i2_FromMainHigh_recvmsg
 This function is called by:
		_i2c_master_int_handler
 This function uses a non-reentrant model


 *************** function i2_FromMainHigh_recvmsg *****************
 Defined at:
		line 183 in file "../src/messages.c"
 Parameters:    Size  Location     Type
  FromMainHigh    1   24[BANK0 ] unsigned char 
  FromMainHigh    2   25[BANK0 ] PTR unsigned char 
		 -> i2c_master_start_next_in_Q@msgType(1), 
  FromMainHigh    2   27[BANK0 ] PTR void 
		 -> i2c_p(16), 
 Auto vars:     Size  Location     Type
		None
 Return value:  Size  Location     Type
                  1    wreg      char 
 Registers used:
		wreg, fsr1l, fsr1h, fsr2l, fsr2h, status,2, status,0, prodl, prodh, cstack
 Tracked objects:
		On entry : 
		On exit  : 
		Unchanged: 
 Data sizes:     COMRAM   BANK0   BANK1   BANK2   BANK3   BANK4   BANK5   BANK6   BANK7   BANK8   BANK9  BANK10  BANK11  BANK12
      Params:         0       5       0       0       0       0       0       0       0       0       0       0       0       0
      Locals:         0       0       0       0       0       0       0       0       0       0       0       0       0       0
      Temps:          0       0       0       0       0       0       0       0       0       0       0       0       0       0
      Totals:         0       5       0       0       0       0       0       0       0       0       0       0       0       0
Total ram usage:        5 bytes
 Hardware stack levels used:    1
 Hardware stack levels required when called:    2
 This function calls:
		i2_recv_msg
 This function is called by:
		i2_i2c_master_start_next_in_Q
 This function uses a non-reentrant model


 *************** function i2_recv_msg *****************
 Defined at:
		line 63 in file "../src/messages.c"
 Parameters:    Size  Location     Type
  recv_msg        2   10[BANK0 ] PTR struct __msg_queue
		 -> FromMainHigh_MQ(54), FromMainLow_MQ(54), ToMainHigh_MQ(54), ToMainLow_MQ(54), 
  recv_msg        1   12[BANK0 ] unsigned char 
  recv_msg        2   13[BANK0 ] PTR unsigned char 
		 -> i2c_master_start_next_in_Q@msgType(1), main@msgtype(1), 
  recv_msg        2   15[BANK0 ] PTR void 
		 -> i2c_p(16), main@msgbuffer(11), 
 Auto vars:     Size  Location     Type
  recv_msg        2   22[BANK0 ] PTR struct __msg
		 -> FromMainHigh_MQ(54), FromMainLow_MQ(54), ToMainHigh_MQ(54), ToMainLow_MQ(54), 
  recv_msg        2   20[BANK0 ] unsigned int 
  recv_msg        1   19[BANK0 ] unsigned char 
 Return value:  Size  Location     Type
                  1    wreg      char 
 Registers used:
		wreg, fsr1l, fsr1h, fsr2l, fsr2h, status,2, status,0, prodl, prodh, cstack
 Tracked objects:
		On entry : 
		On exit  : 
		Unchanged: 
 Data sizes:     COMRAM   BANK0   BANK1   BANK2   BANK3   BANK4   BANK5   BANK6   BANK7   BANK8   BANK9  BANK10  BANK11  BANK12
      Params:         0       7       0       0       0       0       0       0       0       0       0       0       0       0
      Locals:         0       5       0       0       0       0       0       0       0       0       0       0       0       0
      Temps:          0       2       0       0       0       0       0       0       0       0       0       0       0       0
      Totals:         0      14       0       0       0       0       0       0       0       0       0       0       0       0
Total ram usage:       14 bytes
 Hardware stack levels used:    1
 Hardware stack levels required when called:    1
 This function calls:
		i2_memcpy
 This function is called by:
		i2_FromMainHigh_recvmsg
 This function uses a non-reentrant model


 *************** function i2_send_msg *****************
 Defined at:
		line 24 in file "../src/messages.c"
 Parameters:    Size  Location     Type
  send_msg        2   10[BANK0 ] PTR struct __msg_queue
		 -> FromMainHigh_MQ(54), FromMainLow_MQ(54), ToMainHigh_MQ(54), ToMainLow_MQ(54), 
  send_msg        1   12[BANK0 ] unsigned char 
  send_msg        1   13[BANK0 ] unsigned char 
  send_msg        2   14[BANK0 ] PTR void 
		 -> i2c_p(16), i2c_master_request_reg@buf(3), i2c_master_recv@buf(2), i2c_master_send@msgbuf(10), 
		 -> NULL(0), i2c_int_handler@error_buf(3), main@uc(19), 
 Auto vars:     Size  Location     Type
  send_msg        2   20[BANK0 ] PTR struct __msg
		 -> FromMainHigh_MQ(54), FromMainLow_MQ(54), ToMainHigh_MQ(54), ToMainLow_MQ(54), 
  send_msg        2   17[BANK0 ] unsigned int 
  send_msg        1   19[BANK0 ] unsigned char 
 Return value:  Size  Location     Type
                  1    wreg      char 
 Registers used:
		wreg, fsr1l, fsr1h, fsr2l, fsr2h, status,2, status,0, prodl, prodh, cstack
 Tracked objects:
		On entry : 
		On exit  : 
		Unchanged: 
 Data sizes:     COMRAM   BANK0   BANK1   BANK2   BANK3   BANK4   BANK5   BANK6   BANK7   BANK8   BANK9  BANK10  BANK11  BANK12
      Params:         0       6       0       0       0       0       0       0       0       0       0       0       0       0
      Locals:         0       5       0       0       0       0       0       0       0       0       0       0       0       0
      Temps:          0       1       0       0       0       0       0       0       0       0       0       0       0       0
      Totals:         0      12       0       0       0       0       0       0       0       0       0       0       0       0
Total ram usage:       12 bytes
 Hardware stack levels used:    1
 Hardware stack levels required when called:    1
 This function calls:
		i2_memcpy
 This function is called by:
		_ToMainHigh_sendmsg
		i2_ToMainLow_sendmsg
 This function uses a non-reentrant model


 *************** function i2_memcpy *****************
 Defined at:
		line 13 in file "C:\Program Files (x86)\Microchip\xc8\v1.12\sources\memcpy.c"
 Parameters:    Size  Location     Type
  memcpy          2    0[BANK0 ] PTR void 
		 -> i2c_p(16), FromMainHigh_MQ(54), FromMainLow_MQ(54), ToMainHigh_MQ(54), 
		 -> ToMainLow_MQ(54), main@msgbuffer(11), 
  memcpy          2    2[BANK0 ] PTR const void 
		 -> i2c_p(16), i2c_master_request_reg@buf(3), i2c_master_recv@buf(2), i2c_master_send@msgbuf(10), 
		 -> NULL(0), i2c_int_handler@error_buf(3), FromMainHigh_MQ(54), FromMainLow_MQ(54), 
		 -> ToMainHigh_MQ(54), ToMainLow_MQ(54), main@uc(19), 
  memcpy          2    4[BANK0 ] unsigned int 
 Auto vars:     Size  Location     Type
  memcpy          2    8[BANK0 ] PTR const unsigned char 
		 -> i2c_p(16), i2c_master_request_reg@buf(3), i2c_master_recv@buf(2), i2c_master_send@msgbuf(10), 
		 -> NULL(0), i2c_int_handler@error_buf(3), FromMainHigh_MQ(54), FromMainLow_MQ(54), 
		 -> ToMainHigh_MQ(54), ToMainLow_MQ(54), main@uc(19), 
  memcpy          2    6[BANK0 ] PTR unsigned char 
		 -> i2c_p(16), FromMainHigh_MQ(54), FromMainLow_MQ(54), ToMainHigh_MQ(54), 
		 -> ToMainLow_MQ(54), main@msgbuffer(11), 
 Return value:  Size  Location     Type
                  2    0[BANK0 ] PTR void 
 Registers used:
		wreg, fsr1l, fsr1h, fsr2l, fsr2h, status,2, status,0
 Tracked objects:
		On entry : 
		On exit  : 
		Unchanged: 
 Data sizes:     COMRAM   BANK0   BANK1   BANK2   BANK3   BANK4   BANK5   BANK6   BANK7   BANK8   BANK9  BANK10  BANK11  BANK12
      Params:         0       6       0       0       0       0       0       0       0       0       0       0       0       0
      Locals:         0       4       0       0       0       0       0       0       0       0       0       0       0       0
      Temps:          0       0       0       0       0       0       0       0       0       0       0       0       0       0
      Totals:         0      10       0       0       0       0       0       0       0       0       0       0       0       0
Total ram usage:       10 bytes
 Hardware stack levels used:    1
 This function calls:
		Nothing
 This function is called by:
		i2_send_msg
		i2_recv_msg
 This function uses a non-reentrant model



MODULE INFORMATION

Module		Function		Class		Link	Load	Size
plib/Timers/t0open.c
		_OpenTimer0    		CODE           	18F6	0000	42

plib/Timers/t0open.c estimated size: 42

../src/i2cMaster.c
		_i2c_master_sta		CODE           	0852	0000	272
		_i2c_master_sen		CODE           	0D82	0000	230
		_i2c_master_rec		CODE           	14A0	0000	90
		_i2c_master_int		CODE           	03D6	0000	508
		_I2CInit       		CODE           	196E	0000	32

../src/i2cMaster.c estimated size: 1132

plib/Timers/t1open.c
		_OpenTimer1    		CODE           	1690	0000	62

plib/Timers/t1open.c estimated size: 62

../src/user_interrupts.c
		_timer0_int_han		CODE           	15FE	0000	74
		_timer1_int_han		CODE           	1920	0000	42

../src/user_interrupts.c estimated size: 116

../src/timer0_thread.c
		_timer0_lthread		CODE           	1A0C	0000	10

../src/timer0_thread.c estimated size: 10

shared
		i1_send_msg    		CODE           	1020	0000	178
		i2_send_msg    		CODE           	0B78	0000	262
		i2_FromMainHigh		CODE           	1842	0000	48
		i2_i2c_master_s		CODE           	0962	0000	272
		i2_in_high_int 		CODE           	19B6	0000	20
		i2_recv_msg    		CODE           	0712	0000	320
		__initializatio		CODE           	1382	0000	92
		i2_in_low_int  		CODE           	1442	0000	94
		i2_ToMainLow_se		CODE           	18CA	0000	44
		i1_memcpy      		CODE           	1648	0000	72
		i2_memcpy      		CODE           	15A8	0000	86
		i2_check_msg   		CODE           	177A	0000	56

shared estimated size: 1544

C:\Program Files (x86)\Microchip\xc8\v1.12\sources\memcpy.c
		_memcpy        		CODE           	1552	0000	86

C:\Program Files (x86)\Microchip\xc8\v1.12\sources\memcpy.c estimated size: 86

../src/timer1_thread.c
		_init_timer1_lt		CODE           	19CA	0000	18

../src/timer1_thread.c estimated size: 18

../src/debug.c
		_DebugPrintByte		CODE           	170A	0000	56
		_DebugPrint    		CODE           	1A00	0000	12

../src/debug.c estimated size: 68

plib/Timers/t0write.c
		_WriteTimer0   		CODE           	19EE	0000	18

plib/Timers/t0write.c estimated size: 18

plib/Timers/t1write.c
		_WriteTimer1   		CODE           	19DC	0000	18

plib/Timers/t1write.c estimated size: 18

../common/d1ktcyx.c
		_Delay1KTCYx   		CODE           	19A2	0000	20

../common/d1ktcyx.c estimated size: 20

../src/interrupts.c
		_enable_interru		CODE           	1A16	0000	8
		_in_low_int    		CODE           	13E4	0000	94
		_in_main       		CODE           	14FA	0000	88
		_in_high_int   		CODE           	198E	0000	20
		_InterruptHandl		CODE           	0018	0000	172
		_InterruptHandl		CODE           	0008	0000	4454

../src/interrupts.c estimated size: 4836

../src/my_uart.c
		_uart_send_int_		CODE           	1204	0000	138
		_start_UART_sen		CODE           	0E68	0000	228
		_uart_recv_int_		CODE           	0C7E	0000	260
		_init_uart_snd_		CODE           	16CE	0000	60

../src/my_uart.c estimated size: 686

../src/messages.c
		_ToMainHigh_sen		CODE           	189E	0000	44
		_ToMainHigh_rec		CODE           	17B2	0000	48
		_block_on_To_ms		CODE           	0F4C	0000	212
		_check_msg     		CODE           	1742	0000	56
		_ToMainLow_send		CODE           	194A	0000	36
		_ToMainLow_recv		CODE           	17E2	0000	48
		_FromMainHigh_s		CODE           	1872	0000	44
		_enter_sleep_mo		CODE           	1A1E	0000	6
		_send_msg      		CODE           	0A72	0000	262
		_FromMainHigh_r		CODE           	1812	0000	48
		_init_queue    		CODE           	128E	0000	134
		_init_queues   		CODE           	1314	0000	110
		_recv_msg      		CODE           	05D2	0000	320
		_SleepIfOkay   		CODE           	116E	0000	150

../src/messages.c estimated size: 1518

../src/main.c
		_main          		CODE           	00C8	0000	782

../src/main.c estimated size: 782

