Microchip MPLAB XC8 Compiler V1.12 ()

Linker command line:

--edf=C:\Program Files (x86)\Microchip\xc8\v1.12\dat\en_msgs.txt -cs \
  -h+dist/UseXC8/production\Framework.X.production.sym -z -Q18F2680 -ol.obj \
  -Mdist/UseXC8/production/Framework.X.production.map -E1 -ver=XC8 \
  -ACODE=00h-0FFFFh -ACONST=00h-0FFFFh -ASMALLCONST=0D00h-0DFFhx243 \
  -AMEDIUMCONST=0D00h-0FFFFh -ACOMRAM=01h-05Fh -AABS1=00h-0CFFh \
  -ABIGRAM=01h-0CFFh -ARAM=060h-0FFh,0100h-01FFhx12 -ABANK0=060h-0FFh \
  -ABANK1=0100h-01FFh -ABANK2=0200h-02FFh -ABANK3=0300h-03FFh \
  -ABANK4=0400h-04FFh -ABANK5=0500h-05FFh -ABANK6=0600h-06FFh \
  -ABANK7=0700h-07FFh -ABANK8=0800h-08FFh -ABANK9=0900h-09FFh \
  -ABANK10=0A00h-0AFFh -ABANK11=0B00h-0BFFh -ABANK12=0C00h-0CFFh \
  -ASFR=0D00h-0DFFhx2,0F00h-0F5Fh,0F60h-0FFFh \
  -preset_vec=00h,intcode=08h,intcodelo=018h,powerup,init,end_init \
  -pramtop=0D00h -psmallconst=SMALLCONST -pmediumconst=MEDIUMCONST \
  -pconst=CONST -AFARRAM=00h-00h -ACONFIG=0300000h-030000Dh -pconfig=CONFIG \
  -AIDLOC=0200000h-0200007h -pidloc=IDLOC -AEEDATA=0F00000h-0F003FFh \
  -peeprom_data=EEDATA \
  -prdata=COMRAM,nvrram=COMRAM,nvbit=COMRAM,rbss=COMRAM,rbit=COMRAM \
  -pfarbss=FARRAM,fardata=FARRAM \
  -pintsave_regs=BIGRAM,bigbss=BIGRAM,bigdata=BIGRAM -pbss=RAM \
  -pidata=CODE,irdata=CODE,ibigdata=CODE,ifardata=CODE \
  C:\Users\Dhiraj\AppData\Local\Temp\s44k.obj \
  dist/UseXC8/production\Framework.X.production.obj 

Object code version is 3.10

Machine type is 18F2680

Call graph: (short form)




                Name                               Link     Load   Length Selector   Space Scale
C:\Users\Dhiraj\AppData\Local\Temp\s44k.obj
                end_init                             D4       D4        4        C       0
                reset_vec                             0        0        4        0       0
                idloc                            200000   200000        8   200000       0
                config                           300000   300000        E   300000       0
dist/UseXC8/production\Framework.X.production.obj
                intcodelo                            18       18       BC        C       0
                intcode                               8        8       10        4       0
                text53                             1A54     1A54       56        C       0
                text52                             1E86     1E86       12        C       0
                text51                             1C2A     1C2A       38        C       0
                text50                              F94      F94      106        C       0
                text49                             1E3C     1E3C       14        C       0
                text48                             1948     1948       5E        C       0
                text47                             1DFC     1DFC       18        C       0
                text46                             14D2     14D2       AA        C       0
                text45                             1EB6     1EB6        6        C       0
                text44                             1D1E     1D1E       2C        C       0
                text43                             157C     157C       96        C       0
                text42                             1DE2     1DE2       1A        C       0
                text41                               D8       D8      68A        C       0
                intcode_body                       1612     1612       8C        C       0
                text39                             1AFC     1AFC       48        C       0
                text38                             1420     1420       B2        C       0
                text37                             1E74     1E74       12        C       0
                text36                             1E62     1E62       12        C       0
                text35                             1BF2     1BF2       38        C       0
                text34                             1D9E     1D9E       24        C       0
                text33                             169E     169E       8A        C       0
                text32                             109A     109A       E8        C       0
                text31                             1D74     1D74       2A        C       0
                text29                              D74      D74      11A        C       0
                text28                             19FE     19FE       56        C       0
                text27                              C34      C34      140        C       0
                text26                             1CC2     1CC2       30        C       0
                text25                             1E98     1E98        C        C       0
                text24                              AF0      AF0      144        C       0
                text23                             1E28     1E28       14        C       0
                text22                             1BBA     1BBA       38        C       0
                text21                              E8E      E8E      106        C       0
                text20                             1CF2     1CF2       2C        C       0
                text19                             1728     1728       86        C       0
                text18                             1182     1182       E6        C       0
                text17                             181C     181C       6C        C       0
                text16                             1C92     1C92       30        C       0
                text15                             1EA4     1EA4        A        C       0
                text14                             1C62     1C62       30        C       0
                text13                             1E14     1E14       14        C       0
                text12                             18EA     18EA       5E        C       0
                text11                             19A6     19A6       58        C       0
                text10                             134C     134C       D4        C       0
                text9                              1DC2     1DC2       20        C       0
                text8                              1B44     1B44       3E        C       0
                text7                              1D4A     1D4A       2A        C       0
                text6                              17AE     17AE       6E        C       0
                text5                              1E50     1E50       12        C       0
                text4                              1B82     1B82       38        C       0
                text3                              1AAA     1AAA       52        C       0
                text2                              1268     1268       E4        C       0
                text1                              1EAE     1EAE        8        C       0
                text0                               762      762      38E        C       0
                cstackCOMRAM                          1        1       2D        1       1
                cstackBANK0                          60       60       5A       60       1
                cstackBANK1                         1B4      1B4       35      100       1
                bssBIGRAM                           26C      26C      190      26C       1
                bssBANK2                            200      200       6C      200       1
                bssBANK1                            100      100       B4      100       1
                bssBANK0                             BA       BA       10       60       1
                dataCOMRAM                           37       37        2        1       1
                bssCOMRAM                            2E       2E        9        1       1
                cinit                              1888     1888       62        C       0
                nvBANK0                              CA       CA        2       60       1
                idataCOMRAM                        1EBC     1EBC        2        C       0

TOTAL           Name                               Link     Load   Length     Space
        CLASS   CODE           
                end_init                             D4       D4        4         0
                intcodelo                            18       18       BC         0
                intcode                               8        8       10         0
                reset_vec                             0        0        4         0
                text53                             1A54     1A54       56         0
                text52                             1E86     1E86       12         0
                text51                             1C2A     1C2A       38         0
                text50                              F94      F94      106         0
                text49                             1E3C     1E3C       14         0
                text48                             1948     1948       5E         0
                text47                             1DFC     1DFC       18         0
                text46                             14D2     14D2       AA         0
                text45                             1EB6     1EB6        6         0
                text44                             1D1E     1D1E       2C         0
                text43                             157C     157C       96         0
                text42                             1DE2     1DE2       1A         0
                text41                               D8       D8      68A         0
                intcode_body                       1612     1612       8C         0
                text39                             1AFC     1AFC       48         0
                text38                             1420     1420       B2         0
                text37                             1E74     1E74       12         0
                text36                             1E62     1E62       12         0
                text35                             1BF2     1BF2       38         0
                text34                             1D9E     1D9E       24         0
                text33                             169E     169E       8A         0
                text32                             109A     109A       E8         0
                text31                             1D74     1D74       2A         0
                text29                              D74      D74      11A         0
                text28                             19FE     19FE       56         0
                text27                              C34      C34      140         0
                text26                             1CC2     1CC2       30         0
                text25                             1E98     1E98        C         0
                text24                              AF0      AF0      144         0
                text23                             1E28     1E28       14         0
                text22                             1BBA     1BBA       38         0
                text21                              E8E      E8E      106         0
                text20                             1CF2     1CF2       2C         0
                text19                             1728     1728       86         0
                text18                             1182     1182       E6         0
                text17                             181C     181C       6C         0
                text16                             1C92     1C92       30         0
                text15                             1EA4     1EA4        A         0
                text14                             1C62     1C62       30         0
                text13                             1E14     1E14       14         0
                text12                             18EA     18EA       5E         0
                text11                             19A6     19A6       58         0
                text10                             134C     134C       D4         0
                text9                              1DC2     1DC2       20         0
                text8                              1B44     1B44       3E         0
                text7                              1D4A     1D4A       2A         0
                text6                              17AE     17AE       6E         0
                text5                              1E50     1E50       12         0
                text4                              1B82     1B82       38         0
                text3                              1AAA     1AAA       52         0
                text2                              1268     1268       E4         0
                text1                              1EAE     1EAE        8         0
                text0                               762      762      38E         0
                cinit                              1888     1888       62         0
                idataCOMRAM                        1EBC     1EBC        2         0

        CLASS   CONST          

        CLASS   SMALLCONST     

        CLASS   MEDIUMCONST    

        CLASS   COMRAM         
                cstackCOMRAM                          1        1       2D         1
                dataCOMRAM                           37       37        2         1
                bssCOMRAM                            2E       2E        9         1

        CLASS   ABS1           

        CLASS   BIGRAM         
                bssBIGRAM                           26C      26C      190         1

        CLASS   RAM            

        CLASS   BANK0          
                cstackBANK0                          60       60       5A         1
                bssBANK0                             BA       BA       10         1
                nvBANK0                              CA       CA        2         1

        CLASS   BANK1          
                cstackBANK1                         1B4      1B4       35         1
                bssBANK1                            100      100       B4         1

        CLASS   BANK2          
                bssBANK2                            200      200       6C         1

        CLASS   BANK3          

        CLASS   BANK4          

        CLASS   BANK5          

        CLASS   BANK6          

        CLASS   BANK7          

        CLASS   BANK8          

        CLASS   BANK9          

        CLASS   BANK10         

        CLASS   BANK11         

        CLASS   BANK12         

        CLASS   SFR            

        CLASS   FARRAM         

        CLASS   CONFIG         
                config                           300000   300000        E         0

        CLASS   IDLOC          
                idloc                            200000   200000        8         0

        CLASS   EEDATA         



SEGMENTS        Name                           Load    Length   Top    Selector   Space  Class

                reset_vec                      000000  000004  000004         0       0  CODE    
                cstackCOMRAM                   000001  000038  000039         1       1  COMRAM  
                intcode                        000008  000010  000018         4       0  CODE    
                intcodelo                      000018  001EA6  001EBE         C       0  CODE    
                cstackBANK0                    000060  00006C  0000CC        60       1  BANK0   
                bssBANK1                       000100  0000E9  0001E9       100       1  BANK1   
                bssBANK2                       000200  00006C  00026C       200       1  BANK2   
                bssBIGRAM                      00026C  000190  0003FC       26C       1  BIGRAM  
                idloc                          200000  000008  200008    200000       0  IDLOC   
                config                         300000  00000E  30000E    300000       0  CONFIG  


UNUSED ADDRESS RANGES

        Name                Unused          Largest block    Delta
        BANK0            0000CC-0000FF               34
        BANK1            0001E9-0001FF               17
        BANK10           000A00-000AFF              100
        BANK11           000B00-000BFF              100
        BANK12           000C00-000CFF              100
        BANK3            0003FC-0003FF                4
        BANK4            000400-0004FF              100
        BANK5            000500-0005FF              100
        BANK6            000600-0006FF              100
        BANK7            000700-0007FF              100
        BANK8            000800-0008FF              100
        BANK9            000900-0009FF              100
        BIGRAM           000039-00005F               27
                         0000CC-0000FF               34
                         0001E9-0001FF               17
                         0003FC-000CFF              904
        CODE             000004-000007                4
                         001EBE-00FFFF             E142
        COMRAM           000039-00005F               27
        CONST            000004-000007                4
                         001EBE-00FFFF             E142
        EEDATA           F00000-F003FF              400
        MEDIUMCONST      001EBE-00FFFF             E142
        RAM              0000CC-0000FF               34
                         0001E9-0001FF               17
                         0003FC-000CFF              100
        SFR              000D00-000FFF              100
        SMALLCONST       001EBE-00FFFF              100

                                  Symbol Table

?_DebugPrint                         cstackBANK0  000093
?_Delay1KTCYx                        cstackBANK0  000093
?_FromMainHigh_recvmsg               cstackBANK0  0000AB
?_FromMainHigh_sendmsg               cstackBANK0  0000A9
?_OpenTimer0                         cstackBANK0  000093
?_OpenTimer1                         cstackBANK0  000093
?_ToMainHigh_recvmsg                 cstackBANK0  0000AB
?_ToMainHigh_sendmsg                 cstackBANK0  000076
?_ToMainLow_recvmsg                  cstackBANK0  0000AB
?_ToMainLow_sendmsg                  cstackCOMRAM 000017
?_WriteTimer0                        cstackCOMRAM 000001
?_WriteTimer1                        cstackCOMRAM 000001
?___awmod                            cstackBANK0  000093
?_check_msg                          cstackBANK0  000093
?_handle_start                       cstackBANK0  000060
?_i2c_master_recv                    cstackBANK0  0000B2
?_i2c_master_request_reg             cstackBANK0  0000B2
?_i2c_master_send                    cstackBANK0  0000B2
?_in_high_int                        cstackBANK0  000093
?_in_low_int                         cstackBANK0  000095
?_in_main                            cstackBANK0  000097
?_init_queue                         cstackBANK0  000093
?_init_timer1_lthread                cstackBANK0  000093
?_init_uart_snd_rcv                  cstackBANK0  000093
?_memcpy                             cstackBANK0  000093
?_recv_msg                           cstackBANK0  00009D
?_send_msg                           cstackBANK0  00009D
?_start_UART_send                    cstackBANK0  000093
?_timer0_lthread                     cstackBANK0  000093
?i1_memcpy                           cstackCOMRAM 000001
?i1_send_msg                         cstackCOMRAM 00000B
?i2_WriteTimer0                      cstackBANK0  000060
?i2_check_msg                        cstackBANK0  000060
?i2_in_high_int                      cstackBANK0  000060
?i2_in_low_int                       cstackBANK0  000062
?i2_memcpy                           cstackBANK0  000060
?i2_send_msg                         cstackBANK0  00006A
DebugPrint@out                       cstackBANK0  000093
Delay1KTCYx@unit                     cstackBANK0  000093
FromMainHigh_recvmsg@data            cstackBANK0  0000AE
FromMainHigh_recvmsg@maxlength       cstackBANK0  0000AB
FromMainHigh_recvmsg@msgtype         cstackBANK0  0000AC
FromMainHigh_sendmsg@data            cstackBANK0  0000AB
FromMainHigh_sendmsg@length          cstackBANK0  0000A9
FromMainHigh_sendmsg@msgtype         cstackBANK0  0000AA
OpenTimer0@config                    cstackBANK0  000093
OpenTimer1@config                    cstackBANK0  000093
ReadUSART@data                       cstackCOMRAM 000001
ToMainHigh_recvmsg@data              cstackBANK0  0000AE
ToMainHigh_recvmsg@maxlength         cstackBANK0  0000AB
ToMainHigh_recvmsg@msgtype           cstackBANK0  0000AC
ToMainHigh_sendmsg@data              cstackBANK0  000078
ToMainHigh_sendmsg@length            cstackBANK0  000076
ToMainHigh_sendmsg@msgtype           cstackBANK0  000077
ToMainLow_recvmsg@data               cstackBANK0  0000AE
ToMainLow_recvmsg@maxlength          cstackBANK0  0000AB
ToMainLow_recvmsg@msgtype            cstackBANK0  0000AC
ToMainLow_sendmsg@data               cstackCOMRAM 000019
ToMainLow_sendmsg@length             cstackCOMRAM 000017
ToMainLow_sendmsg@msgtype            cstackCOMRAM 000018
WriteTimer0@timer                    cstackCOMRAM 000003
WriteTimer0@timer0                   cstackCOMRAM 000001
WriteTimer1@timer                    cstackCOMRAM 000003
WriteTimer1@timer1                   cstackCOMRAM 000001
_ACKDT                               (abs)        007E2D
_ACKEN                               (abs)        007E2C
_BAUDCONbits                         (abs)        000FB8
_DebugPrint                          text25       001E98
_Delay1KTCYx                         text23       001E28
_DriverColorPoll                     (abs)        000000
_DriverColorRespond                  (abs)        000000
_DriverHeap                          bssBIGRAM    00026C
_DriverIRPoll                        (abs)        000000
_DriverIRRespond                     (abs)        000000
_DriverTable                         bssBANK1     000100
_FromMainHigh_MQ                     bssBANK2     000200
_FromMainHigh_recvmsg                text26       001CC2
_FromMainHigh_sendmsg                text20       001CF2
_FromMainLow_MQ                      bssBANK2     000236
_I2CInit                             text9        001DC2
_INTCONbits                          (abs)        000FF2
_IPR1bits                            (abs)        000F9F
_InterruptHandlerHigh                intcode      000008
_InterruptHandlerLow                 intcodelo    000018
_LATA                                (abs)        000F89
_LATBbits                            (abs)        000F8A
_MQ_Main_Willing_to_block            bssCOMRAM    000030
_NumberOfDrivers                     bssCOMRAM    000031
_OSCCON                              (abs)        000FD3
_OSCCONbits                          (abs)        000FD3
_OSCTUNEbits                         (abs)        000F9B
_OpenTimer0                          text7        001D4A
_OpenTimer1                          text8        001B44
_PEN                                 (abs)        007E2A
_PIE1bits                            (abs)        000F9D
_PIR1bits                            (abs)        000F9E
_RCEN                                (abs)        007E2B
_RCONbits                            (abs)        000FD0
_RCREG                               (abs)        000FAE
_RCSTAbits                           (abs)        000FAB
_RSEN                                (abs)        007E29
_ReadUSART                           text35       001BF2
_SEN                                 (abs)        007E28
_SPBRG                               (abs)        000FAF
_SSPADD                              (abs)        000FC8
_SSPBUF                              (abs)        000FC9
_SSPCON1                             (abs)        000FC6
_SSPCON1bits                         (abs)        000FC6
_SSPCON2                             (abs)        000FC5
_SSPCON2bits                         (abs)        000FC5
_SSPIF                               (abs)        007CF3
_SSPSTAT                             (abs)        000FC7
_SSPSTATbits                         (abs)        000FC7
_SleepIfOkay                         text43       00157C
_T0CON                               (abs)        000FD5
_T0CONbits                           (abs)        000FD5
_T1CON                               (abs)        000FCD
_T1CONbits                           (abs)        000FCD
_TMR0H                               (abs)        000FD7
_TMR0L                               (abs)        000FD6
_TMR1H                               (abs)        000FCF
_TMR1L                               (abs)        000FCE
_TRISA                               (abs)        000F92
_TRISC3                              (abs)        007CA3
_TRISC4                              (abs)        007CA4
_TRISCbits                           (abs)        000F94
_TXREG                               (abs)        000FAD
_TXSTAbits                           (abs)        000FAC
_ToMainHigh_MQ                       bssBANK1     000148
_ToMainHigh_recvmsg                  text14       001C62
_ToMainHigh_sendmsg                  text44       001D1E
_ToMainLow_MQ                        bssBANK1     00017E
_ToMainLow_recvmsg                   text16       001C92
_ToMainLow_sendmsg                   text34       001D9E
_USART_Status                        bssCOMRAM    000032
_WriteTimer0                         text36       001E62
_WriteTimer1                         text37       001E74
__CFG_BBSIZ$1024                     (abs)        000000
__CFG_BOREN$OFF                      (abs)        000000
__CFG_BORV$3                         (abs)        000000
__CFG_FCMEN$OFF                      (abs)        000000
__CFG_IESO$OFF                       (abs)        000000
__CFG_LPT1OSC$OFF                    (abs)        000000
__CFG_LVP$OFF                        (abs)        000000
__CFG_MCLRE$ON                       (abs)        000000
__CFG_OSC$IRCIO67                    (abs)        000000
__CFG_PBADEN$OFF                     (abs)        000000
__CFG_PWRT$OFF                       (abs)        000000
__CFG_STVREN$OFF                     (abs)        000000
__CFG_WDT$OFF                        (abs)        000000
__CFG_WDTPS$32768                    (abs)        000000
__HRAM                               (abs)        000000
__Habs1                              abs1         000000
__Hbank0                             bank0        000000
__Hbank1                             bank1        000000
__Hbank10                            bank10       000000
__Hbank11                            bank11       000000
__Hbank12                            bank12       000000
__Hbank2                             bank2        000000
__Hbank3                             bank3        000000
__Hbank4                             bank4        000000
__Hbank5                             bank5        000000
__Hbank6                             bank6        000000
__Hbank7                             bank7        000000
__Hbank8                             bank8        000000
__Hbank9                             bank9        000000
__Hbigbss                            bigbss       000000
__Hbigdata                           bigdata      000000
__Hbigram                            bigram       000000
__Hbss                               bss          000000
__HbssBANK0                          bssBANK0     000000
__HbssBANK1                          bssBANK1     000000
__HbssBANK2                          bssBANK2     000000
__HbssBIGRAM                         bssBIGRAM    000000
__HbssCOMRAM                         bssCOMRAM    000000
__Hcinit                             cinit        000000
__Hclrtext                           clrtext      000000
__Hcomram                            comram       000000
__Hconfig                            config       30000E
__Hconst                             const        000000
__HcstackBANK0                       cstackBANK0  000000
__HcstackBANK1                       cstackBANK1  000000
__HcstackCOMRAM                      cstackCOMRAM 000000
__Hdata                              data         000000
__HdataCOMRAM                        dataCOMRAM   000000
__Heeprom_data                       eeprom_data  000000
__Hend_init                          end_init     0000D8
__Hfarbss                            farbss       000000
__Hfardata                           fardata      000000
__Hibigdata                          ibigdata     000000
__Hidata                             idata        000000
__HidataCOMRAM                       idataCOMRAM  000000
__Hidloc                             idloc        200008
__Hifardata                          ifardata     000000
__Hinit                              init         0000D4
__Hintcode                           intcode      000018
__Hintcode_body                      intcode_body 000000
__Hintcodelo                         intcodelo    0000D4
__Hintentry                          intentry     000000
__Hintret                            intret       000000
__Hintsave_regs                      intsave_regs 000000
__Hirdata                            irdata       000000
__Hmediumconst                       mediumconst  000000
__HnvBANK0                           nvBANK0      000000
__Hnvbit                             nvbit        000000
__Hnvrram                            nvrram       000000
__Hparam                             param0       000000
__Hparam0                            param0       000000
__Hpowerup                           powerup      0000D4
__Hram                               ram          000000
__Hramtop                            ramtop       000D00
__Hrbit                              rbit         000000
__Hrbss                              rbss         000000
__Hrdata                             rdata        000000
__Hreset_vec                         reset_vec    000004
__Hsfr                               sfr          000000
__Hsmallconst                        smallconst   000000
__Hstruct                            struct       000000
__Htemp                              temp         000000
__Htext                              text         000000
__Htext0                             text0        000000
__Htext1                             text1        000000
__Htext10                            text10       000000
__Htext11                            text11       000000
__Htext12                            text12       000000
__Htext13                            text13       000000
__Htext14                            text14       000000
__Htext15                            text15       000000
__Htext16                            text16       000000
__Htext17                            text17       000000
__Htext18                            text18       000000
__Htext19                            text19       000000
__Htext2                             text2        000000
__Htext20                            text20       000000
__Htext21                            text21       000000
__Htext22                            text22       000000
__Htext23                            text23       000000
__Htext24                            text24       000000
__Htext25                            text25       000000
__Htext26                            text26       000000
__Htext27                            text27       000000
__Htext28                            text28       000000
__Htext29                            text29       000000
__Htext3                             text3        000000
__Htext31                            text31       000000
__Htext32                            text32       000000
__Htext33                            text33       000000
__Htext34                            text34       000000
__Htext35                            text35       000000
__Htext36                            text36       000000
__Htext37                            text37       000000
__Htext38                            text38       000000
__Htext39                            text39       000000
__Htext4                             text4        000000
__Htext41                            text41       000000
__Htext42                            text42       000000
__Htext43                            text43       000000
__Htext44                            text44       000000
__Htext45                            text45       000000
__Htext46                            text46       000000
__Htext47                            text47       000000
__Htext48                            text48       000000
__Htext49                            text49       000000
__Htext5                             text5        000000
__Htext50                            text50       000000
__Htext51                            text51       000000
__Htext52                            text52       000000
__Htext53                            text53       000000
__Htext54                            text54       000000
__Htext6                             text6        000000
__Htext7                             text7        000000
__Htext8                             text8        000000
__Htext9                             text9        000000
__LRAM                               (abs)        000001
__Labs1                              abs1         000000
__Lbank0                             bank0        000000
__Lbank1                             bank1        000000
__Lbank10                            bank10       000000
__Lbank11                            bank11       000000
__Lbank12                            bank12       000000
__Lbank2                             bank2        000000
__Lbank3                             bank3        000000
__Lbank4                             bank4        000000
__Lbank5                             bank5        000000
__Lbank6                             bank6        000000
__Lbank7                             bank7        000000
__Lbank8                             bank8        000000
__Lbank9                             bank9        000000
__Lbigbss                            bigbss       000000
__Lbigdata                           bigdata      000000
__Lbigram                            bigram       000000
__Lbss                               bss          000000
__LbssBANK0                          bssBANK0     000000
__LbssBANK1                          bssBANK1     000000
__LbssBANK2                          bssBANK2     000000
__LbssBIGRAM                         bssBIGRAM    000000
__LbssCOMRAM                         bssCOMRAM    000000
__Lcinit                             cinit        000000
__Lclrtext                           clrtext      000000
__Lcomram                            comram       000000
__Lconfig                            config       300000
__Lconst                             const        000000
__LcstackBANK0                       cstackBANK0  000000
__LcstackBANK1                       cstackBANK1  000000
__LcstackCOMRAM                      cstackCOMRAM 000000
__Ldata                              data         000000
__LdataCOMRAM                        dataCOMRAM   000000
__Leeprom_data                       eeprom_data  000000
__Lend_init                          end_init     0000D4
__Lfarbss                            farbss       000000
__Lfardata                           fardata      000000
__Libigdata                          ibigdata     000000
__Lidata                             idata        000000
__LidataCOMRAM                       idataCOMRAM  000000
__Lidloc                             idloc        200000
__Lifardata                          ifardata     000000
__Linit                              init         0000D4
__Lintcode                           intcode      000008
__Lintcode_body                      intcode_body 000000
__Lintcodelo                         intcodelo    000018
__Lintentry                          intentry     000000
__Lintret                            intret       000000
__Lintsave_regs                      intsave_regs 000000
__Lirdata                            irdata       000000
__Lmediumconst                       mediumconst  000000
__LnvBANK0                           nvBANK0      000000
__Lnvbit                             nvbit        000000
__Lnvrram                            nvrram       000000
__Lparam                             param0       000000
__Lparam0                            param0       000000
__Lpowerup                           powerup      0000D4
__Lram                               ram          000000
__Lramtop                            ramtop       000D00
__Lrbit                              rbit         000000
__Lrbss                              rbss         000000
__Lrdata                             rdata        000000
__Lreset_vec                         reset_vec    000000
__Lsfr                               sfr          000000
__Lsmallconst                        smallconst   000000
__Lstruct                            struct       000000
__Ltemp                              temp         000000
__Ltext                              text         000000
__Ltext0                             text0        000000
__Ltext1                             text1        000000
__Ltext10                            text10       000000
__Ltext11                            text11       000000
__Ltext12                            text12       000000
__Ltext13                            text13       000000
__Ltext14                            text14       000000
__Ltext15                            text15       000000
__Ltext16                            text16       000000
__Ltext17                            text17       000000
__Ltext18                            text18       000000
__Ltext19                            text19       000000
__Ltext2                             text2        000000
__Ltext20                            text20       000000
__Ltext21                            text21       000000
__Ltext22                            text22       000000
__Ltext23                            text23       000000
__Ltext24                            text24       000000
__Ltext25                            text25       000000
__Ltext26                            text26       000000
__Ltext27                            text27       000000
__Ltext28                            text28       000000
__Ltext29                            text29       000000
__Ltext3                             text3        000000
__Ltext31                            text31       000000
__Ltext32                            text32       000000
__Ltext33                            text33       000000
__Ltext34                            text34       000000
__Ltext35                            text35       000000
__Ltext36                            text36       000000
__Ltext37                            text37       000000
__Ltext38                            text38       000000
__Ltext39                            text39       000000
__Ltext4                             text4        000000
__Ltext41                            text41       000000
__Ltext42                            text42       000000
__Ltext43                            text43       000000
__Ltext44                            text44       000000
__Ltext45                            text45       000000
__Ltext46                            text46       000000
__Ltext47                            text47       000000
__Ltext48                            text48       000000
__Ltext49                            text49       000000
__Ltext5                             text5        000000
__Ltext50                            text50       000000
__Ltext51                            text51       000000
__Ltext52                            text52       000000
__Ltext53                            text53       000000
__Ltext54                            text54       000000
__Ltext6                             text6        000000
__Ltext7                             text7        000000
__Ltext8                             text8        000000
__Ltext9                             text9        000000
__S0                                 (abs)        30000E
__S1                                 (abs)        0003FC
___awmod                             text29       000D74
___awmod@counter                     cstackBANK0  000098
___awmod@dividend                    cstackBANK0  000093
___awmod@divisor                     cstackBANK0  000095
___awmod@sign                        cstackBANK0  000099
__accesstop                          (abs)        000060
__activetblptr                       (abs)        000000
__end_of_DebugPrint                  text25       001EA4
__end_of_Delay1KTCYx                 text23       001E3C
__end_of_FromMainHigh_recvmsg        text26       001CF2
__end_of_FromMainHigh_sendmsg        text20       001D1E
__end_of_I2CInit                     text9        001DE2
__end_of_InterruptHandlerHigh        intcode_body 00169E
__end_of_InterruptHandlerLow         intcodelo    0000D4
__end_of_OpenTimer0                  text7        001D74
__end_of_OpenTimer1                  text8        001B82
__end_of_ReadUSART                   text35       001C2A
__end_of_SleepIfOkay                 text43       001612
__end_of_ToMainHigh_recvmsg          text14       001C92
__end_of_ToMainHigh_sendmsg          text44       001D4A
__end_of_ToMainLow_recvmsg           text16       001CC2
__end_of_ToMainLow_sendmsg           text34       001DC2
__end_of_WriteTimer0                 text36       001E74
__end_of_WriteTimer1                 text37       001E86
__end_of___awmod                     text29       000E8E
__end_of__initialization             cinit        0018E4
__end_of_block_on_To_msgqueues       text10       001420
__end_of_check_msg                   text22       001BF2
__end_of_enable_interrupts           text1        001EB6
__end_of_enter_sleep_mode            text45       001EBC
__end_of_handle_start                text46       00157C
__end_of_i2c_int_handler             text41       000762
__end_of_i2c_master_recv             text3        001AFC
__end_of_i2c_master_request_reg      text17       001888
__end_of_i2c_master_send             text18       001268
__end_of_i2c_master_start_next_in_Q  text24       000C34
__end_of_in_high_int                 text13       001E28
__end_of_in_low_int                  text12       001948
__end_of_in_main                     text11       0019FE
__end_of_init_queue                  text19       0017AE
__end_of_init_queues                 text6        00181C
__end_of_init_timer1_lthread         text5        001E62
__end_of_init_uart_snd_rcv           text4        001BBA
__end_of_main                        text0        000AF0
__end_of_memcpy                      text28       001A54
__end_of_recv_msg                    text27       000D74
__end_of_send_msg                    text21       000F94
__end_of_start_UART_send             text2        00134C
__end_of_timer0_int_handler          text42       001DFC
__end_of_timer0_lthread              text15       001EAE
__end_of_timer1_int_handler          text31       001D9E
__end_of_uart_rcv_msg_timeout        text47       001E14
__end_of_uart_recv_int_handler       text32       001182
__end_of_uart_send_int_handler       text33       001728
__end_ofi1_memcpy                    text39       001B44
__end_ofi1_send_msg                  text38       0014D2
__end_ofi2_WriteTimer0               text52       001E98
__end_ofi2_check_msg                 text51       001C62
__end_ofi2_in_high_int               text49       001E50
__end_ofi2_in_low_int                text48       0019A6
__end_ofi2_memcpy                    text53       001AAA
__end_ofi2_send_msg                  text50       00109A
__initialization                     cinit        001888
__mediumconst                        mediumconst  000000
__pbssBANK0                          bssBANK0     0000BA
__pbssBANK1                          bssBANK1     000100
__pbssBANK2                          bssBANK2     000200
__pbssBIGRAM                         bssBIGRAM    00026C
__pbssCOMRAM                         bssCOMRAM    00002E
__pcinit                             cinit        001888
__pcstackBANK0                       cstackBANK0  000060
__pcstackBANK1                       cstackBANK1  0001B4
__pcstackCOMRAM                      cstackCOMRAM 000001
__pdataCOMRAM                        dataCOMRAM   000037
__pidataCOMRAM                       idataCOMRAM  001EBC
__pintcode                           intcode      000008
__pintcode_body                      intcode_body 001612
__pintcodelo                         intcodelo    000018
__pnvBANK0                           nvBANK0      0000CA
__ptext0                             text0        000762
__ptext1                             text1        001EAE
__ptext10                            text10       00134C
__ptext11                            text11       0019A6
__ptext12                            text12       0018EA
__ptext13                            text13       001E14
__ptext14                            text14       001C62
__ptext15                            text15       001EA4
__ptext16                            text16       001C92
__ptext17                            text17       00181C
__ptext18                            text18       001182
__ptext19                            text19       001728
__ptext2                             text2        001268
__ptext20                            text20       001CF2
__ptext21                            text21       000E8E
__ptext22                            text22       001BBA
__ptext23                            text23       001E28
__ptext24                            text24       000AF0
__ptext25                            text25       001E98
__ptext26                            text26       001CC2
__ptext27                            text27       000C34
__ptext28                            text28       0019FE
__ptext29                            text29       000D74
__ptext3                             text3        001AAA
__ptext31                            text31       001D74
__ptext32                            text32       00109A
__ptext33                            text33       00169E
__ptext34                            text34       001D9E
__ptext35                            text35       001BF2
__ptext36                            text36       001E62
__ptext37                            text37       001E74
__ptext38                            text38       001420
__ptext39                            text39       001AFC
__ptext4                             text4        001B82
__ptext41                            text41       0000D8
__ptext42                            text42       001DE2
__ptext43                            text43       00157C
__ptext44                            text44       001D1E
__ptext45                            text45       001EB6
__ptext46                            text46       0014D2
__ptext47                            text47       001DFC
__ptext48                            text48       001948
__ptext49                            text49       001E3C
__ptext5                             text5        001E50
__ptext50                            text50       000F94
__ptext51                            text51       001C2A
__ptext52                            text52       001E86
__ptext53                            text53       001A54
__ptext54                            text54       000000
__ptext6                             text6        0017AE
__ptext7                             text7        001D4A
__ptext8                             text8        001B44
__ptext9                             text9        001DC2
__ramtop                             ramtop       000D00
__size_of_DebugPrint                 (abs)        000000
__size_of_Delay1KTCYx                (abs)        000000
__size_of_FromMainHigh_recvmsg       (abs)        000000
__size_of_FromMainHigh_sendmsg       (abs)        000000
__size_of_I2CInit                    (abs)        000000
__size_of_InterruptHandlerHigh       (abs)        000000
__size_of_InterruptHandlerLow        (abs)        000000
__size_of_OpenTimer0                 (abs)        000000
__size_of_OpenTimer1                 (abs)        000000
__size_of_ReadUSART                  (abs)        000000
__size_of_SleepIfOkay                (abs)        000000
__size_of_ToMainHigh_recvmsg         (abs)        000000
__size_of_ToMainHigh_sendmsg         (abs)        000000
__size_of_ToMainLow_recvmsg          (abs)        000000
__size_of_ToMainLow_sendmsg          (abs)        000000
__size_of_WriteTimer0                (abs)        000000
__size_of_WriteTimer1                (abs)        000000
__size_of___awmod                    (abs)        000000
__size_of_block_on_To_msgqueues      (abs)        000000
__size_of_check_msg                  (abs)        000000
__size_of_enable_interrupts          (abs)        000000
__size_of_enter_sleep_mode           (abs)        000000
__size_of_handle_start               (abs)        000000
__size_of_i2c_int_handler            (abs)        000000
__size_of_i2c_master_recv            (abs)        000000
__size_of_i2c_master_request_reg     (abs)        000000
__size_of_i2c_master_send            (abs)        000000
__size_of_i2c_master_start_next_in_Q (abs)        000000
__size_of_in_high_int                (abs)        000000
__size_of_in_low_int                 (abs)        000000
__size_of_in_main                    (abs)        000000
__size_of_init_queue                 (abs)        000000
__size_of_init_queues                (abs)        000000
__size_of_init_timer1_lthread        (abs)        000000
__size_of_init_uart_snd_rcv          (abs)        000000
__size_of_main                       (abs)        000000
__size_of_memcpy                     (abs)        000000
__size_of_recv_msg                   (abs)        000000
__size_of_send_msg                   (abs)        000000
__size_of_start_UART_send            (abs)        000000
__size_of_timer0_int_handler         (abs)        000000
__size_of_timer0_lthread             (abs)        000000
__size_of_timer1_int_handler         (abs)        000000
__size_of_uart_rcv_msg_timeout       (abs)        000000
__size_of_uart_recv_int_handler      (abs)        000000
__size_of_uart_send_int_handler      (abs)        000000
__size_ofi1_memcpy                   (abs)        000000
__size_ofi1_send_msg                 (abs)        000000
__size_ofi2_WriteTimer0              (abs)        000000
__size_ofi2_check_msg                (abs)        000000
__size_ofi2_in_high_int              (abs)        000000
__size_ofi2_in_low_int               (abs)        000000
__size_ofi2_memcpy                   (abs)        000000
__size_ofi2_send_msg                 (abs)        000000
__smallconst                         smallconst   000000
_block_on_To_msgqueues               text10       00134C
_check_msg                           text22       001BBA
_enable_interrupts                   text1        001EAE
_enter_sleep_mode                    text45       001EB6
_handle_start                        text46       0014D2
_heapPointer                         dataCOMRAM   000037
_i2c_int_handler                     text41       0000D8
_i2c_master_recv                     text3        001AAA
_i2c_master_request_reg              text17       00181C
_i2c_master_send                     text18       001182
_i2c_master_start_next_in_Q          text24       000AF0
_i2c_p                               bssBANK0     0000BA
_ic_ptr                              bssCOMRAM    00002E
_in_high_int                         text13       001E14
_in_low_int                          text12       0018EA
_in_main                             text11       0019A6
_init_queue                          text19       001728
_init_queues                         text6        0017AE
_init_timer1_lthread                 text5        001E50
_init_uart_snd_rcv                   text4        001B82
_main                                text0        000762
_memcpy                              text28       0019FE
_recv_msg                            text27       000C34
_send_msg                            text21       000E8E
_start_UART_send                     text2        001268
_temp_buffer                         bssCOMRAM    000033
_timer0_int_handler                  text42       001DE2
_timer0_lthread                      text15       001EA4
_timer1_int_handler                  text31       001D74
_uart_rcv_msg_timeout                text47       001DFC
_uart_recv_int_handler               text32       00109A
_uart_send_int_handler               text33       00169E
_uc_ptr                              nvBANK0      0000CA
check_msg@qptr                       cstackBANK0  000093
end_of_initialization                cinit        0018E4
handle_start@data_read               cstackBANK0  000060
i1_memcpy                            text39       001AFC
i1_send_msg                          text38       001420
i1memcpy@d                           cstackCOMRAM 000007
i1memcpy@d1                          cstackCOMRAM 000001
i1memcpy@n                           cstackCOMRAM 000005
i1memcpy@s                           cstackCOMRAM 000009
i1memcpy@s1                          cstackCOMRAM 000003
i1send_msg@data                      cstackCOMRAM 00000F
i1send_msg@length                    cstackCOMRAM 00000D
i1send_msg@msgtype                   cstackCOMRAM 00000E
i1send_msg@qmsg                      cstackCOMRAM 000015
i1send_msg@qptr                      cstackCOMRAM 00000B
i1send_msg@slot                      cstackCOMRAM 000014
i1send_msg@tlength                   cstackCOMRAM 000012
i2WriteTimer0@timer                  cstackBANK0  000062
i2WriteTimer0@timer0                 cstackBANK0  000060
i2_WriteTimer0                       text52       001E86
i2_check_msg                         text51       001C2A
i2_in_high_int                       text49       001E3C
i2_in_low_int                        text48       001948
i2_memcpy                            text53       001A54
i2_send_msg                          text50       000F94
i2c_int_handler@data_read            cstackBANK0  000084
i2c_int_handler@data_written         cstackBANK0  00007F
i2c_int_handler@error_buf            cstackBANK0  00007C
i2c_int_handler@i2c_data             cstackBANK0  000081
i2c_int_handler@msg_ready            cstackBANK0  000083
i2c_int_handler@msg_to_send          cstackBANK0  000082
i2c_int_handler@overrun_error        cstackBANK0  000080
i2c_master_recv@ID                   cstackBANK0  0000B2
i2c_master_recv@buf                  cstackBANK0  0000B6
i2c_master_recv@length               cstackBANK0  0000B3
i2c_master_request_reg@ID            cstackBANK0  0000B2
i2c_master_request_reg@adr           cstackBANK0  0000B3
i2c_master_request_reg@buf           cstackBANK0  0000B7
i2c_master_request_reg@length        cstackBANK0  0000B4
i2c_master_send@adr                  cstackBANK0  0000B2
i2c_master_send@i                    cstackBANK1  0001BE
i2c_master_send@length               cstackBANK0  0000B3
i2c_master_send@msg                  cstackBANK0  0000B4
i2c_master_send@msgbuf               cstackBANK1  0001B4
i2c_master_start_next_in_Q@msgType   cstackBANK0  0000B1
i2check_msg@qptr                     cstackBANK0  000060
i2memcpy@d                           cstackBANK0  000066
i2memcpy@d1                          cstackBANK0  000060
i2memcpy@n                           cstackBANK0  000064
i2memcpy@s                           cstackBANK0  000068
i2memcpy@s1                          cstackBANK0  000062
i2send_msg@data                      cstackBANK0  00006E
i2send_msg@length                    cstackBANK0  00006C
i2send_msg@msgtype                   cstackBANK0  00006D
i2send_msg@qmsg                      cstackBANK0  000074
i2send_msg@qptr                      cstackBANK0  00006A
i2send_msg@slot                      cstackBANK0  000073
i2send_msg@tlength                   cstackBANK0  000071
init_queue@i                         cstackBANK0  000096
init_queue@qptr                      cstackBANK0  000093
init_timer1_lthread@tptr             cstackBANK0  000093
init_uart_snd_rcv@uc                 cstackBANK0  000093
int_func                             intcode_body 001612
intlevel0                            text         000000
intlevel1                            text         000000
intlevel2                            text         000000
intlevel3                            text         000000
main@RedL                            cstackBANK1  0001C4
main@currentPollDriver               bssBANK1     000146
main@last_reg_recvd                  cstackBANK1  0001C3
main@length                          cstackBANK1  0001D4
main@msgbuffer                       cstackBANK1  0001C7
main@msgtype                         cstackBANK1  0001D5
main@t0thread_data                   cstackBANK1  0001C5
main@t1thread_data                   cstackBANK1  0001D2
main@uc                              cstackBANK1  0001D6
memcpy@d                             cstackBANK0  000099
memcpy@d1                            cstackBANK0  000093
memcpy@n                             cstackBANK0  000097
memcpy@s                             cstackBANK0  00009B
memcpy@s1                            cstackBANK0  000095
recv_msg@data                        cstackBANK0  0000A2
recv_msg@maxlength                   cstackBANK0  00009F
recv_msg@msgtype                     cstackBANK0  0000A0
recv_msg@qmsg                        cstackBANK0  0000A9
recv_msg@qptr                        cstackBANK0  00009D
recv_msg@slot                        cstackBANK0  0000A6
recv_msg@tlength                     cstackBANK0  0000A7
send_msg@data                        cstackBANK0  0000A1
send_msg@length                      cstackBANK0  00009F
send_msg@msgtype                     cstackBANK0  0000A0
send_msg@qmsg                        cstackBANK0  0000A7
send_msg@qptr                        cstackBANK0  00009D
send_msg@slot                        cstackBANK0  0000A6
send_msg@tlength                     cstackBANK0  0000A4
start                                init         0000D4
start_UART_send@len                  cstackBANK0  000093
start_UART_send@msg                  cstackBANK0  000094
start_initialization                 cinit        001888
timer0_lthread@msgbuffer             cstackBANK0  000099
timer0_lthread@msgval                cstackBANK0  00009B


FUNCTION INFORMATION:

 *************** function _main *****************
 Defined at:
		line 128 in file "../src/main.c"
 Parameters:    Size  Location     Type
		None
 Auto vars:     Size  Location     Type
  uc             19   34[BANK1 ] struct __uart_comm
  msgbuffer      11   19[BANK1 ] unsigned char [11]
  t1thread_dat    2   30[BANK1 ] struct __timer1_thread_s
  t0thread_dat    2   17[BANK1 ] struct __timer0_thread_s
  uthread_data    2    0        struct __uart_thread_str
  msgtype         1   33[BANK1 ] unsigned char 
  length          1   32[BANK1 ] char 
  RedL            1   16[BANK1 ] unsigned char 
  last_reg_rec    1   15[BANK1 ] unsigned char 
  i               1    0        unsigned char 
  c               1    0        unsigned char 
 Return value:  Size  Location     Type
		None               void
 Registers used:
		wreg, fsr0l, fsr0h, fsr1l, fsr1h, fsr2l, fsr2h, status,2, status,0, pclat, tosl, structret, tblptrl, tblptrh, tblptru, prodl, prodh, bsr, cstack
 Tracked objects:
		On entry : 
		On exit  : 
		Unchanged: 
 Data sizes:     COMRAM   BANK0   BANK1   BANK2   BANK3   BANK4   BANK5   BANK6   BANK7   BANK8   BANK9  BANK10  BANK11  BANK12
      Params:         0       0       0       0       0       0       0       0       0       0       0       0       0       0
      Locals:         0       0      38       0       0       0       0       0       0       0       0       0       0       0
      Temps:          0       0       3       0       0       0       0       0       0       0       0       0       0       0
      Totals:         0       0      41       0       0       0       0       0       0       0       0       0       0       0
Total ram usage:       41 bytes
 Hardware stack levels required when called:   15
 This function calls:
		_init_uart_snd_rcv
		_init_timer1_lthread
		_init_queues
		_OpenTimer0
		_OpenTimer1
		_enable_interrupts
		_I2CInit
		_DebugPrint
		_block_on_To_msgqueues
		_ToMainHigh_recvmsg
		_timer0_lthread
		_start_UART_send
		_ToMainLow_recvmsg
		___awmod
		_i2c_master_recv
		_i2c_master_request_reg
		_i2c_master_send
 This function is called by:
		Startup code after reset
 This function uses a non-reentrant model


 *************** function _enable_interrupts *****************
 Defined at:
		line 14 in file "../src/interrupts.c"
 Parameters:    Size  Location     Type
		None
 Auto vars:     Size  Location     Type
		None
 Return value:  Size  Location     Type
		None               void
 Registers used:
		None
 Tracked objects:
		On entry : 
		On exit  : 
		Unchanged: 
 Data sizes:     COMRAM   BANK0   BANK1   BANK2   BANK3   BANK4   BANK5   BANK6   BANK7   BANK8   BANK9  BANK10  BANK11  BANK12
      Params:         0       0       0       0       0       0       0       0       0       0       0       0       0       0
      Locals:         0       0       0       0       0       0       0       0       0       0       0       0       0       0
      Temps:          0       0       0       0       0       0       0       0       0       0       0       0       0       0
      Totals:         0       0       0       0       0       0       0       0       0       0       0       0       0       0
Total ram usage:        0 bytes
 Hardware stack levels used:    1
 Hardware stack levels required when called:   10
 This function calls:
		Nothing
 This function is called by:
		_main
 This function uses a non-reentrant model


 *************** function _start_UART_send *****************
 Defined at:
		line 13 in file "../src/my_uart.c"
 Parameters:    Size  Location     Type
  len             1   51[BANK0 ] unsigned char 
  msg             2   52[BANK0 ] PTR unsigned char 
		 -> main@msgbuffer(11), 
 Auto vars:     Size  Location     Type
		None
 Return value:  Size  Location     Type
		None               void
 Registers used:
		wreg, fsr1l, fsr1h, fsr2l, fsr2h, status,2, status,0, prodl, prodh
 Tracked objects:
		On entry : 
		On exit  : 
		Unchanged: 
 Data sizes:     COMRAM   BANK0   BANK1   BANK2   BANK3   BANK4   BANK5   BANK6   BANK7   BANK8   BANK9  BANK10  BANK11  BANK12
      Params:         0       3       0       0       0       0       0       0       0       0       0       0       0       0
      Locals:         0       0       0       0       0       0       0       0       0       0       0       0       0       0
      Temps:          0       2       0       0       0       0       0       0       0       0       0       0       0       0
      Totals:         0       5       0       0       0       0       0       0       0       0       0       0       0       0
Total ram usage:        5 bytes
 Hardware stack levels used:    1
 Hardware stack levels required when called:   10
 This function calls:
		Nothing
 This function is called by:
		_main
		_DriverColorRespond
 This function uses a non-reentrant model


 *************** function _i2c_master_recv *****************
 Defined at:
		line 68 in file "../src/i2cMaster.c"
 Parameters:    Size  Location     Type
  ID              1   82[BANK0 ] unsigned char 
  length          1   83[BANK0 ] unsigned char 
 Auto vars:     Size  Location     Type
  buf             2   86[BANK0 ] unsigned char [2]
 Return value:  Size  Location     Type
                  1    wreg      unsigned char 
 Registers used:
		wreg, fsr1l, fsr1h, fsr2l, fsr2h, status,2, status,0, prodl, prodh, cstack
 Tracked objects:
		On entry : 
		On exit  : 
		Unchanged: 
 Data sizes:     COMRAM   BANK0   BANK1   BANK2   BANK3   BANK4   BANK5   BANK6   BANK7   BANK8   BANK9  BANK10  BANK11  BANK12
      Params:         0       2       0       0       0       0       0       0       0       0       0       0       0       0
      Locals:         0       2       0       0       0       0       0       0       0       0       0       0       0       0
      Temps:          0       2       0       0       0       0       0       0       0       0       0       0       0       0
      Totals:         0       6       0       0       0       0       0       0       0       0       0       0       0       0
Total ram usage:        6 bytes
 Hardware stack levels used:    1
 Hardware stack levels required when called:   14
 This function calls:
		_FromMainHigh_sendmsg
		_i2c_master_start_next_in_Q
 This function is called by:
		_main
		_DriverColorPoll
 This function uses a non-reentrant model


 *************** function _init_uart_snd_rcv *****************
 Defined at:
		line 64 in file "../src/my_uart.c"
 Parameters:    Size  Location     Type
  uc              2   51[BANK0 ] PTR struct __uart_comm
		 -> main@uc(19), 
 Auto vars:     Size  Location     Type
		None
 Return value:  Size  Location     Type
		None               void
 Registers used:
		wreg, fsr2l, fsr2h, status,2, status,0
 Tracked objects:
		On entry : 
		On exit  : 
		Unchanged: 
 Data sizes:     COMRAM   BANK0   BANK1   BANK2   BANK3   BANK4   BANK5   BANK6   BANK7   BANK8   BANK9  BANK10  BANK11  BANK12
      Params:         0       2       0       0       0       0       0       0       0       0       0       0       0       0
      Locals:         0       0       0       0       0       0       0       0       0       0       0       0       0       0
      Temps:          0       0       0       0       0       0       0       0       0       0       0       0       0       0
      Totals:         0       2       0       0       0       0       0       0       0       0       0       0       0       0
Total ram usage:        2 bytes
 Hardware stack levels used:    1
 Hardware stack levels required when called:   10
 This function calls:
		Nothing
 This function is called by:
		_main
 This function uses a non-reentrant model


 *************** function _init_timer1_lthread *****************
 Defined at:
		line 6 in file "../src/timer1_thread.c"
 Parameters:    Size  Location     Type
  tptr            2   51[BANK0 ] PTR struct __timer1_thre
		 -> main@t1thread_data(2), 
 Auto vars:     Size  Location     Type
		None
 Return value:  Size  Location     Type
		None               void
 Registers used:
		wreg, fsr2l, fsr2h
 Tracked objects:
		On entry : 
		On exit  : 
		Unchanged: 
 Data sizes:     COMRAM   BANK0   BANK1   BANK2   BANK3   BANK4   BANK5   BANK6   BANK7   BANK8   BANK9  BANK10  BANK11  BANK12
      Params:         0       2       0       0       0       0       0       0       0       0       0       0       0       0
      Locals:         0       0       0       0       0       0       0       0       0       0       0       0       0       0
      Temps:          0       0       0       0       0       0       0       0       0       0       0       0       0       0
      Totals:         0       2       0       0       0       0       0       0       0       0       0       0       0       0
Total ram usage:        2 bytes
 Hardware stack levels used:    1
 Hardware stack levels required when called:   10
 This function calls:
		Nothing
 This function is called by:
		_main
 This function uses a non-reentrant model


 *************** function _init_queues *****************
 Defined at:
		line 194 in file "../src/messages.c"
 Parameters:    Size  Location     Type
		None
 Auto vars:     Size  Location     Type
		None
 Return value:  Size  Location     Type
		None               void
 Registers used:
		wreg, fsr2l, fsr2h, status,2, status,0, prodl, prodh, cstack
 Tracked objects:
		On entry : 
		On exit  : 
		Unchanged: 
 Data sizes:     COMRAM   BANK0   BANK1   BANK2   BANK3   BANK4   BANK5   BANK6   BANK7   BANK8   BANK9  BANK10  BANK11  BANK12
      Params:         0       0       0       0       0       0       0       0       0       0       0       0       0       0
      Locals:         0       0       0       0       0       0       0       0       0       0       0       0       0       0
      Temps:          0       1       0       0       0       0       0       0       0       0       0       0       0       0
      Totals:         0       1       0       0       0       0       0       0       0       0       0       0       0       0
Total ram usage:        1 bytes
 Hardware stack levels used:    1
 Hardware stack levels required when called:   11
 This function calls:
		_init_queue
 This function is called by:
		_main
 This function uses a non-reentrant model


 *************** function _OpenTimer0 *****************
 Defined at:
		line 19 in file "plib/Timers/t0open.c"
 Parameters:    Size  Location     Type
  config          1   51[BANK0 ] unsigned char 
 Auto vars:     Size  Location     Type
		None
 Return value:  Size  Location     Type
		None               void
 Registers used:
		wreg, status,2, status,0
 Tracked objects:
		On entry : 
		On exit  : 
		Unchanged: 
 Data sizes:     COMRAM   BANK0   BANK1   BANK2   BANK3   BANK4   BANK5   BANK6   BANK7   BANK8   BANK9  BANK10  BANK11  BANK12
      Params:         0       1       0       0       0       0       0       0       0       0       0       0       0       0
      Locals:         0       0       0       0       0       0       0       0       0       0       0       0       0       0
      Temps:          0       0       0       0       0       0       0       0       0       0       0       0       0       0
      Totals:         0       1       0       0       0       0       0       0       0       0       0       0       0       0
Total ram usage:        1 bytes
 Hardware stack levels used:    1
 Hardware stack levels required when called:   10
 This function calls:
		Nothing
 This function is called by:
		_main
 This function uses a non-reentrant model


 *************** function _OpenTimer1 *****************
 Defined at:
		line 17 in file "plib/Timers/t1open.c"
 Parameters:    Size  Location     Type
  config          1   51[BANK0 ] unsigned char 
 Auto vars:     Size  Location     Type
		None
 Return value:  Size  Location     Type
		None               void
 Registers used:
		wreg, status,2, status,0
 Tracked objects:
		On entry : 
		On exit  : 
		Unchanged: 
 Data sizes:     COMRAM   BANK0   BANK1   BANK2   BANK3   BANK4   BANK5   BANK6   BANK7   BANK8   BANK9  BANK10  BANK11  BANK12
      Params:         0       1       0       0       0       0       0       0       0       0       0       0       0       0
      Locals:         0       0       0       0       0       0       0       0       0       0       0       0       0       0
      Temps:          0       0       0       0       0       0       0       0       0       0       0       0       0       0
      Totals:         0       1       0       0       0       0       0       0       0       0       0       0       0       0
Total ram usage:        1 bytes
 Hardware stack levels used:    1
 Hardware stack levels required when called:   10
 This function calls:
		Nothing
 This function is called by:
		_main
 This function uses a non-reentrant model


 *************** function _I2CInit *****************
 Defined at:
		line 192 in file "../src/i2cMaster.c"
 Parameters:    Size  Location     Type
		None
 Auto vars:     Size  Location     Type
		None
 Return value:  Size  Location     Type
		None               void
 Registers used:
		wreg, status,2, status,0
 Tracked objects:
		On entry : 
		On exit  : 
		Unchanged: 
 Data sizes:     COMRAM   BANK0   BANK1   BANK2   BANK3   BANK4   BANK5   BANK6   BANK7   BANK8   BANK9  BANK10  BANK11  BANK12
      Params:         0       0       0       0       0       0       0       0       0       0       0       0       0       0
      Locals:         0       0       0       0       0       0       0       0       0       0       0       0       0       0
      Temps:          0       1       0       0       0       0       0       0       0       0       0       0       0       0
      Totals:         0       1       0       0       0       0       0       0       0       0       0       0       0       0
Total ram usage:        1 bytes
 Hardware stack levels used:    1
 Hardware stack levels required when called:   10
 This function calls:
		Nothing
 This function is called by:
		_main
 This function uses a non-reentrant model


 *************** function _block_on_To_msgqueues *****************
 Defined at:
		line 258 in file "../src/messages.c"
 Parameters:    Size  Location     Type
		None
 Auto vars:     Size  Location     Type
		None
 Return value:  Size  Location     Type
		None               void
 Registers used:
		wreg, fsr2l, fsr2h, status,2, status,0, prodl, prodh, cstack
 Tracked objects:
		On entry : 
		On exit  : 
		Unchanged: 
 Data sizes:     COMRAM   BANK0   BANK1   BANK2   BANK3   BANK4   BANK5   BANK6   BANK7   BANK8   BANK9  BANK10  BANK11  BANK12
      Params:         0       0       0       0       0       0       0       0       0       0       0       0       0       0
      Locals:         0       0       0       0       0       0       0       0       0       0       0       0       0       0
      Temps:          0       1       0       0       0       0       0       0       0       0       0       0       0       0
      Totals:         0       1       0       0       0       0       0       0       0       0       0       0       0       0
Total ram usage:        1 bytes
 Hardware stack levels used:    1
 Hardware stack levels required when called:   13
 This function calls:
		_in_main
		_check_msg
		_Delay1KTCYx
 This function is called by:
		_main
 This function uses a non-reentrant model


 *************** function _in_main *****************
 Defined at:
		line 40 in file "../src/interrupts.c"
 Parameters:    Size  Location     Type
		None
 Auto vars:     Size  Location     Type
		None
 Return value:  Size  Location     Type
                  2   55[BANK0 ] int 
 Registers used:
		wreg, status,2, status,0, cstack
 Tracked objects:
		On entry : 
		On exit  : 
		Unchanged: 
 Data sizes:     COMRAM   BANK0   BANK1   BANK2   BANK3   BANK4   BANK5   BANK6   BANK7   BANK8   BANK9  BANK10  BANK11  BANK12
      Params:         0       2       0       0       0       0       0       0       0       0       0       0       0       0
      Locals:         0       0       0       0       0       0       0       0       0       0       0       0       0       0
      Temps:          0       0       0       0       0       0       0       0       0       0       0       0       0       0
      Totals:         0       2       0       0       0       0       0       0       0       0       0       0       0       0
Total ram usage:        2 bytes
 Hardware stack levels used:    1
 Hardware stack levels required when called:   12
 This function calls:
		_in_low_int
		_in_high_int
 This function is called by:
		_block_on_To_msgqueues
 This function uses a non-reentrant model


 *************** function _in_low_int *****************
 Defined at:
		line 30 in file "../src/interrupts.c"
 Parameters:    Size  Location     Type
		None
 Auto vars:     Size  Location     Type
		None
 Return value:  Size  Location     Type
                  2   53[BANK0 ] int 
 Registers used:
		wreg, status,2, status,0, cstack
 Tracked objects:
		On entry : 
		On exit  : 
		Unchanged: 
 Data sizes:     COMRAM   BANK0   BANK1   BANK2   BANK3   BANK4   BANK5   BANK6   BANK7   BANK8   BANK9  BANK10  BANK11  BANK12
      Params:         0       2       0       0       0       0       0       0       0       0       0       0       0       0
      Locals:         0       0       0       0       0       0       0       0       0       0       0       0       0       0
      Temps:          0       0       0       0       0       0       0       0       0       0       0       0       0       0
      Totals:         0       2       0       0       0       0       0       0       0       0       0       0       0       0
Total ram usage:        2 bytes
 Hardware stack levels used:    1
 Hardware stack levels required when called:   11
 This function calls:
		_in_high_int
 This function is called by:
		_in_main
 This function uses a non-reentrant model


 *************** function _in_high_int *****************
 Defined at:
		line 22 in file "../src/interrupts.c"
 Parameters:    Size  Location     Type
		None
 Auto vars:     Size  Location     Type
		None
 Return value:  Size  Location     Type
                  2   51[BANK0 ] int 
 Registers used:
		wreg, status,2
 Tracked objects:
		On entry : 
		On exit  : 
		Unchanged: 
 Data sizes:     COMRAM   BANK0   BANK1   BANK2   BANK3   BANK4   BANK5   BANK6   BANK7   BANK8   BANK9  BANK10  BANK11  BANK12
      Params:         0       2       0       0       0       0       0       0       0       0       0       0       0       0
      Locals:         0       0       0       0       0       0       0       0       0       0       0       0       0       0
      Temps:          0       0       0       0       0       0       0       0       0       0       0       0       0       0
      Totals:         0       2       0       0       0       0       0       0       0       0       0       0       0       0
Total ram usage:        2 bytes
 Hardware stack levels used:    1
 Hardware stack levels required when called:   10
 This function calls:
		Nothing
 This function is called by:
		_in_low_int
		_in_main
 This function uses a non-reentrant model


 *************** function _ToMainHigh_recvmsg *****************
 Defined at:
		line 135 in file "../src/messages.c"
 Parameters:    Size  Location     Type
  maxlength       1   75[BANK0 ] unsigned char 
  msgtype         2   76[BANK0 ] PTR unsigned char 
		 -> main@msgtype(1), 
  data            2   78[BANK0 ] PTR void 
		 -> main@msgbuffer(11), 
 Auto vars:     Size  Location     Type
		None
 Return value:  Size  Location     Type
                  1    wreg      char 
 Registers used:
		wreg, fsr1l, fsr1h, fsr2l, fsr2h, status,2, status,0, prodl, prodh, cstack
 Tracked objects:
		On entry : 
		On exit  : 
		Unchanged: 
 Data sizes:     COMRAM   BANK0   BANK1   BANK2   BANK3   BANK4   BANK5   BANK6   BANK7   BANK8   BANK9  BANK10  BANK11  BANK12
      Params:         0       5       0       0       0       0       0       0       0       0       0       0       0       0
      Locals:         0       0       0       0       0       0       0       0       0       0       0       0       0       0
      Temps:          0       0       0       0       0       0       0       0       0       0       0       0       0       0
      Totals:         0       5       0       0       0       0       0       0       0       0       0       0       0       0
Total ram usage:        5 bytes
 Hardware stack levels used:    1
 Hardware stack levels required when called:   12
 This function calls:
		_recv_msg
 This function is called by:
		_main
 This function uses a non-reentrant model


 *************** function _timer0_lthread *****************
 Defined at:
		line 9 in file "../src/timer0_thread.c"
 Parameters:    Size  Location     Type
  tptr            2   51[BANK0 ] PTR struct __timer0_thre
		 -> main@t0thread_data(2), 
  msgtype         2   53[BANK0 ] int 
  length          2   55[BANK0 ] int 
  msgbuffer       2   57[BANK0 ] PTR unsigned char 
[...]
		_InterruptHandlerHigh
 This function uses a non-reentrant model


 *************** function _SleepIfOkay *****************
 Defined at:
		line 228 in file "../src/messages.c"
 Parameters:    Size  Location     Type
		None
 Auto vars:     Size  Location     Type
		None
 Return value:  Size  Location     Type
		None               void
 Registers used:
		wreg, fsr2l, fsr2h, status,2, status,0, prodl, prodh, cstack
 Tracked objects:
		On entry : 
		On exit  : 
		Unchanged: 
 Data sizes:     COMRAM   BANK0   BANK1   BANK2   BANK3   BANK4   BANK5   BANK6   BANK7   BANK8   BANK9  BANK10  BANK11  BANK12
      Params:         0       0       0       0       0       0       0       0       0       0       0       0       0       0
      Locals:         0       0       0       0       0       0       0       0       0       0       0       0       0       0
      Temps:          0       0       0       0       0       0       0       0       0       0       0       0       0       0
      Totals:         0       0       0       0       0       0       0       0       0       0       0       0       0       0
Total ram usage:        0 bytes
 Hardware stack levels used:    1
 Hardware stack levels required when called:    2
 This function calls:
		i2_in_low_int
		i2_in_high_int
		i2_check_msg
		_enter_sleep_mode
 This function is called by:
		_InterruptHandlerHigh
 This function uses a non-reentrant model


 *************** function _ToMainHigh_sendmsg *****************
 Defined at:
		line 126 in file "../src/messages.c"
 Parameters:    Size  Location     Type
  length          1   22[BANK0 ] unsigned char 
  msgtype         1   23[BANK0 ] unsigned char 
  data            2   24[BANK0 ] PTR void 
		 -> i2c_p(16), NULL(0), i2c_int_handler@error_buf(3), 
 Auto vars:     Size  Location     Type
		None
 Return value:  Size  Location     Type
                  1    wreg      char 
 Registers used:
		wreg, fsr1l, fsr1h, fsr2l, fsr2h, status,2, status,0, prodl, prodh, cstack
 Tracked objects:
		On entry : 
		On exit  : 
		Unchanged: 
 Data sizes:     COMRAM   BANK0   BANK1   BANK2   BANK3   BANK4   BANK5   BANK6   BANK7   BANK8   BANK9  BANK10  BANK11  BANK12
      Params:         0       4       0       0       0       0       0       0       0       0       0       0       0       0
      Locals:         0       0       0       0       0       0       0       0       0       0       0       0       0       0
      Temps:          0       0       0       0       0       0       0       0       0       0       0       0       0       0
      Totals:         0       4       0       0       0       0       0       0       0       0       0       0       0       0
Total ram usage:        4 bytes
 Hardware stack levels used:    1
 Hardware stack levels required when called:    2
 This function calls:
		i2_send_msg
 This function is called by:
		_i2c_int_handler
		_i2c_master_int_handler
 This function uses a non-reentrant model


 *************** function _enter_sleep_mode *****************
 Defined at:
		line 202 in file "../src/messages.c"
 Parameters:    Size  Location     Type
		None
 Auto vars:     Size  Location     Type
		None
 Return value:  Size  Location     Type
		None               void
 Registers used:
		None
 Tracked objects:
		On entry : 
		On exit  : 
		Unchanged: 
 Data sizes:     COMRAM   BANK0   BANK1   BANK2   BANK3   BANK4   BANK5   BANK6   BANK7   BANK8   BANK9  BANK10  BANK11  BANK12
      Params:         0       0       0       0       0       0       0       0       0       0       0       0       0       0
      Locals:         0       0       0       0       0       0       0       0       0       0       0       0       0       0
      Temps:          0       0       0       0       0       0       0       0       0       0       0       0       0       0
      Totals:         0       0       0       0       0       0       0       0       0       0       0       0       0       0
Total ram usage:        0 bytes
 Hardware stack levels used:    1
 This function calls:
		Nothing
 This function is called by:
		_SleepIfOkay
 This function uses a non-reentrant model


 *************** function _handle_start *****************
 Defined at:
		line 30 in file "../src/my_i2c.c"
 Parameters:    Size  Location     Type
  data_read       1    0[BANK0 ] unsigned char 
 Auto vars:     Size  Location     Type
		None
 Return value:  Size  Location     Type
		None               void
 Registers used:
		wreg, fsr2l, fsr2h, status,2, status,0
 Tracked objects:
		On entry : 
		On exit  : 
		Unchanged: 
 Data sizes:     COMRAM   BANK0   BANK1   BANK2   BANK3   BANK4   BANK5   BANK6   BANK7   BANK8   BANK9  BANK10  BANK11  BANK12
      Params:         0       1       0       0       0       0       0       0       0       0       0       0       0       0
      Locals:         0       0       0       0       0       0       0       0       0       0       0       0       0       0
      Temps:          0       0       0       0       0       0       0       0       0       0       0       0       0       0
      Totals:         0       1       0       0       0       0       0       0       0       0       0       0       0       0
Total ram usage:        1 bytes
 Hardware stack levels used:    1
 This function calls:
		Nothing
 This function is called by:
		_i2c_int_handler
 This function uses a non-reentrant model


 *************** function _uart_rcv_msg_timeout *****************
 Defined at:
		line 27 in file "../src/my_uart.c"
 Parameters:    Size  Location     Type
		None
 Auto vars:     Size  Location     Type
		None
 Return value:  Size  Location     Type
		None               void
 Registers used:
		wreg, fsr2l, fsr2h, status,2, status,0
 Tracked objects:
		On entry : 
		On exit  : 
		Unchanged: 
 Data sizes:     COMRAM   BANK0   BANK1   BANK2   BANK3   BANK4   BANK5   BANK6   BANK7   BANK8   BANK9  BANK10  BANK11  BANK12
      Params:         0       0       0       0       0       0       0       0       0       0       0       0       0       0
      Locals:         0       0       0       0       0       0       0       0       0       0       0       0       0       0
      Temps:          0       0       0       0       0       0       0       0       0       0       0       0       0       0
      Totals:         0       0       0       0       0       0       0       0       0       0       0       0       0       0
Total ram usage:        0 bytes
 Hardware stack levels used:    1
 This function calls:
		Nothing
 This function is called by:
		_timer0_int_handler
 This function uses a non-reentrant model


 *************** function i2_in_low_int *****************
 Defined at:
		line 30 in file "../src/interrupts.c"
 Parameters:    Size  Location     Type
		None
 Auto vars:     Size  Location     Type
		None
 Return value:  Size  Location     Type
                  2    2[BANK0 ] int 
 Registers used:
		wreg, status,2, status,0, cstack
 Tracked objects:
		On entry : 
		On exit  : 
		Unchanged: 
 Data sizes:     COMRAM   BANK0   BANK1   BANK2   BANK3   BANK4   BANK5   BANK6   BANK7   BANK8   BANK9  BANK10  BANK11  BANK12
      Params:         0       2       0       0       0       0       0       0       0       0       0       0       0       0
      Locals:         0       0       0       0       0       0       0       0       0       0       0       0       0       0
      Temps:          0       0       0       0       0       0       0       0       0       0       0       0       0       0
      Totals:         0       2       0       0       0       0       0       0       0       0       0       0       0       0
Total ram usage:        2 bytes
 Hardware stack levels used:    1
 Hardware stack levels required when called:    1
 This function calls:
		i2_in_high_int
 This function is called by:
		_SleepIfOkay
 This function uses a non-reentrant model


 *************** function i2_in_high_int *****************
 Defined at:
		line 22 in file "../src/interrupts.c"
 Parameters:    Size  Location     Type
		None
 Auto vars:     Size  Location     Type
		None
 Return value:  Size  Location     Type
                  2    0[BANK0 ] int 
 Registers used:
		wreg, status,2
 Tracked objects:
		On entry : 
		On exit  : 
		Unchanged: 
 Data sizes:     COMRAM   BANK0   BANK1   BANK2   BANK3   BANK4   BANK5   BANK6   BANK7   BANK8   BANK9  BANK10  BANK11  BANK12
      Params:         0       2       0       0       0       0       0       0       0       0       0       0       0       0
      Locals:         0       0       0       0       0       0       0       0       0       0       0       0       0       0
      Temps:          0       0       0       0       0       0       0       0       0       0       0       0       0       0
      Totals:         0       2       0       0       0       0       0       0       0       0       0       0       0       0
Total ram usage:        2 bytes
 Hardware stack levels used:    1
 This function calls:
		Nothing
 This function is called by:
		_SleepIfOkay
		i2_in_low_int
 This function uses a non-reentrant model


 *************** function i2_send_msg *****************
 Defined at:
		line 24 in file "../src/messages.c"
 Parameters:    Size  Location     Type
  send_msg        2   10[BANK0 ] PTR struct __msg_queue
		 -> FromMainHigh_MQ(54), FromMainLow_MQ(54), ToMainHigh_MQ(54), ToMainLow_MQ(54), 
  send_msg        1   12[BANK0 ] unsigned char 
  send_msg        1   13[BANK0 ] unsigned char 
  send_msg        2   14[BANK0 ] PTR void 
		 -> i2c_p(16), i2c_master_request_reg@buf(3), i2c_master_recv@buf(2), i2c_master_send@msgbuf(10), 
		 -> NULL(0), i2c_int_handler@error_buf(3), main@uc(19), 
 Auto vars:     Size  Location     Type
  send_msg        2   20[BANK0 ] PTR struct __msg
		 -> FromMainHigh_MQ(54), FromMainLow_MQ(54), ToMainHigh_MQ(54), ToMainLow_MQ(54), 
  send_msg        2   17[BANK0 ] unsigned int 
  send_msg        1   19[BANK0 ] unsigned char 
 Return value:  Size  Location     Type
                  1    wreg      char 
 Registers used:
		wreg, fsr1l, fsr1h, fsr2l, fsr2h, status,2, status,0, prodl, prodh, cstack
 Tracked objects:
		On entry : 
		On exit  : 
		Unchanged: 
 Data sizes:     COMRAM   BANK0   BANK1   BANK2   BANK3   BANK4   BANK5   BANK6   BANK7   BANK8   BANK9  BANK10  BANK11  BANK12
      Params:         0       6       0       0       0       0       0       0       0       0       0       0       0       0
      Locals:         0       5       0       0       0       0       0       0       0       0       0       0       0       0
      Temps:          0       1       0       0       0       0       0       0       0       0       0       0       0       0
      Totals:         0      12       0       0       0       0       0       0       0       0       0       0       0       0
Total ram usage:       12 bytes
 Hardware stack levels used:    1
 Hardware stack levels required when called:    1
 This function calls:
		i2_memcpy
 This function is called by:
		_ToMainHigh_sendmsg
 This function uses a non-reentrant model


 *************** function i2_check_msg *****************
 Defined at:
		line 222 in file "../src/messages.c"
 Parameters:    Size  Location     Type
  check_msg       2    0[BANK0 ] PTR struct __msg_queue
		 -> ToMainHigh_MQ(54), ToMainLow_MQ(54), 
 Auto vars:     Size  Location     Type
		None
 Return value:  Size  Location     Type
                  1    wreg      unsigned char 
 Registers used:
		wreg, fsr2l, fsr2h, status,2, status,0, prodl, prodh
 Tracked objects:
		On entry : 
		On exit  : 
		Unchanged: 
 Data sizes:     COMRAM   BANK0   BANK1   BANK2   BANK3   BANK4   BANK5   BANK6   BANK7   BANK8   BANK9  BANK10  BANK11  BANK12
      Params:         0       2       0       0       0       0       0       0       0       0       0       0       0       0
      Locals:         0       0       0       0       0       0       0       0       0       0       0       0       0       0
      Temps:          0       1       0       0       0       0       0       0       0       0       0       0       0       0
      Totals:         0       3       0       0       0       0       0       0       0       0       0       0       0       0
Total ram usage:        3 bytes
 Hardware stack levels used:    1
 This function calls:
		Nothing
 This function is called by:
		_SleepIfOkay
 This function uses a non-reentrant model


 *************** function i2_WriteTimer0 *****************
 Defined at:
		line 17 in file "plib/Timers/t0write.c"
 Parameters:    Size  Location     Type
  WriteTimer0     2    0[BANK0 ] unsigned int 
 Auto vars:     Size  Location     Type
  WriteTimer0     2    2[BANK0 ] struct Timers
 Return value:  Size  Location     Type
		None               void
 Registers used:
		None
 Tracked objects:
		On entry : 
		On exit  : 
		Unchanged: 
 Data sizes:     COMRAM   BANK0   BANK1   BANK2   BANK3   BANK4   BANK5   BANK6   BANK7   BANK8   BANK9  BANK10  BANK11  BANK12
      Params:         0       2       0       0       0       0       0       0       0       0       0       0       0       0
      Locals:         0       2       0       0       0       0       0       0       0       0       0       0       0       0
      Temps:          0       0       0       0       0       0       0       0       0       0       0       0       0       0
      Totals:         0       4       0       0       0       0       0       0       0       0       0       0       0       0
Total ram usage:        4 bytes
 Hardware stack levels used:    1
 This function calls:
		Nothing
 This function is called by:
		_timer0_int_handler
 This function uses a non-reentrant model


 *************** function i2_memcpy *****************
 Defined at:
		line 13 in file "C:\Program Files (x86)\Microchip\xc8\v1.12\sources\memcpy.c"
 Parameters:    Size  Location     Type
  memcpy          2    0[BANK0 ] PTR void 
		 -> i2c_p(16), FromMainHigh_MQ(54), FromMainLow_MQ(54), ToMainHigh_MQ(54), 
		 -> ToMainLow_MQ(54), main@msgbuffer(11), 
  memcpy          2    2[BANK0 ] PTR const void 
		 -> i2c_p(16), i2c_master_request_reg@buf(3), i2c_master_recv@buf(2), i2c_master_send@msgbuf(10), 
		 -> NULL(0), i2c_int_handler@error_buf(3), FromMainHigh_MQ(54), FromMainLow_MQ(54), 
		 -> ToMainHigh_MQ(54), ToMainLow_MQ(54), main@uc(19), 
  memcpy          2    4[BANK0 ] unsigned int 
 Auto vars:     Size  Location     Type
  memcpy          2    8[BANK0 ] PTR const unsigned char 
		 -> i2c_p(16), i2c_master_request_reg@buf(3), i2c_master_recv@buf(2), i2c_master_send@msgbuf(10), 
		 -> NULL(0), i2c_int_handler@error_buf(3), FromMainHigh_MQ(54), FromMainLow_MQ(54), 
		 -> ToMainHigh_MQ(54), ToMainLow_MQ(54), main@uc(19), 
  memcpy          2    6[BANK0 ] PTR unsigned char 
		 -> i2c_p(16), FromMainHigh_MQ(54), FromMainLow_MQ(54), ToMainHigh_MQ(54), 
		 -> ToMainLow_MQ(54), main@msgbuffer(11), 
 Return value:  Size  Location     Type
                  2    0[BANK0 ] PTR void 
 Registers used:
		wreg, fsr1l, fsr1h, fsr2l, fsr2h, status,2, status,0
 Tracked objects:
		On entry : 
		On exit  : 
		Unchanged: 
 Data sizes:     COMRAM   BANK0   BANK1   BANK2   BANK3   BANK4   BANK5   BANK6   BANK7   BANK8   BANK9  BANK10  BANK11  BANK12
      Params:         0       6       0       0       0       0       0       0       0       0       0       0       0       0
      Locals:         0       4       0       0       0       0       0       0       0       0       0       0       0       0
      Temps:          0       0       0       0       0       0       0       0       0       0       0       0       0       0
      Totals:         0      10       0       0       0       0       0       0       0       0       0       0       0       0
Total ram usage:       10 bytes
 Hardware stack levels used:    1
 This function calls:
		Nothing
 This function is called by:
		i2_send_msg
 This function uses a non-reentrant model



MODULE INFORMATION

Module		Function		Class		Link	Load	Size
plib/Timers/t0open.c
		_OpenTimer0    		CODE           	1D4A	0000	42

plib/Timers/t0open.c estimated size: 42

../src/i2cMaster.c
		_i2c_master_sta		CODE           	0AF0	0000	324
		_i2c_master_sen		CODE           	1182	0000	230
		_i2c_master_req		CODE           	181C	0000	108
		_i2c_master_rec		CODE           	1AAA	0000	82
		_I2CInit       		CODE           	1DC2	0000	32

../src/i2cMaster.c estimated size: 776

plib/Timers/t1open.c
		_OpenTimer1    		CODE           	1B44	0000	62

plib/Timers/t1open.c estimated size: 62

../src/user_interrupts.c
		_timer0_int_han		CODE           	1DE2	0000	26
		_timer1_int_han		CODE           	1D74	0000	42

../src/user_interrupts.c estimated size: 68

../src/timer0_thread.c
		_timer0_lthread		CODE           	1EA4	0000	10

../src/timer0_thread.c estimated size: 10

shared
		i1_send_msg    		CODE           	1420	0000	178
		i2_send_msg    		CODE           	0F94	0000	262
		i2_in_high_int 		CODE           	1E3C	0000	20
		__initializatio		CODE           	1888	0000	92
		i2_in_low_int  		CODE           	1948	0000	94
		i2_WriteTimer0 		CODE           	1E86	0000	18
		i1_memcpy      		CODE           	1AFC	0000	72
		i2_memcpy      		CODE           	1A54	0000	86
		i2_check_msg   		CODE           	1C2A	0000	56

shared estimated size: 878

C:\Program Files (x86)\Microchip\xc8\v1.12\sources\memcpy.c
		_memcpy        		CODE           	19FE	0000	86

C:\Program Files (x86)\Microchip\xc8\v1.12\sources\memcpy.c estimated size: 86

../src/timer1_thread.c
		_init_timer1_lt		CODE           	1E50	0000	18

../src/timer1_thread.c estimated size: 18

../src/my_i2c.c
		_handle_start  		CODE           	14D2	0000	170
		_i2c_int_handle		CODE           	00D8	0000	1674

../src/my_i2c.c estimated size: 1844

../src/debug.c
		_DebugPrint    		CODE           	1E98	0000	12

../src/debug.c estimated size: 12

plib/Timers/t0write.c
		_WriteTimer0   		CODE           	1E62	0000	18

plib/Timers/t0write.c estimated size: 18

plib/Timers/t1write.c
		_WriteTimer1   		CODE           	1E74	0000	18

plib/Timers/t1write.c estimated size: 18

C:\Program Files (x86)\Microchip\xc8\v1.12\sources\awmod.c
		___awmod       		CODE           	0D74	0000	282

C:\Program Files (x86)\Microchip\xc8\v1.12\sources\awmod.c estimated size: 282

../common/d1ktcyx.c
		_Delay1KTCYx   		CODE           	1E28	0000	20

../common/d1ktcyx.c estimated size: 20

../src/interrupts.c
		_enable_interru		CODE           	1EAE	0000	8
		_in_low_int    		CODE           	18EA	0000	94
		_in_main       		CODE           	19A6	0000	88
		_in_high_int   		CODE           	1E14	0000	20
		_InterruptHandl		CODE           	0018	0000	188
		_InterruptHandl		CODE           	0008	0000	5782

../src/interrupts.c estimated size: 6180

../src/my_uart.c
		_uart_send_int_		CODE           	169E	0000	138
		_start_UART_sen		CODE           	1268	0000	228
		_uart_rcv_msg_t		CODE           	1DFC	0000	24
		_uart_recv_int_		CODE           	109A	0000	232
		_init_uart_snd_		CODE           	1B82	0000	56

../src/my_uart.c estimated size: 678

../src/messages.c
		_ToMainHigh_sen		CODE           	1D1E	0000	44
		_ToMainHigh_rec		CODE           	1C62	0000	48
		_block_on_To_ms		CODE           	134C	0000	212
		_check_msg     		CODE           	1BBA	0000	56
		_ToMainLow_send		CODE           	1D9E	0000	36
		_ToMainLow_recv		CODE           	1C92	0000	48
		_FromMainHigh_s		CODE           	1CF2	0000	44
		_enter_sleep_mo		CODE           	1EB6	0000	6
		_send_msg      		CODE           	0E8E	0000	262
		_FromMainHigh_r		CODE           	1CC2	0000	48
		_init_queue    		CODE           	1728	0000	134
		_init_queues   		CODE           	17AE	0000	110
		_recv_msg      		CODE           	0C34	0000	320
		_SleepIfOkay   		CODE           	157C	0000	150

../src/messages.c estimated size: 1518

plib/USART/uread.c
		_ReadUSART     		CODE           	1BF2	0000	56

plib/USART/uread.c estimated size: 56

../src/main.c
		_main          		CODE           	0762	0000	910

../src/main.c estimated size: 910

