Microchip MPLAB XC8 Compiler V1.12 ()

Linker command line:

--edf=C:\Program Files (x86)\Microchip\xc8\v1.12\dat\en_msgs.txt -cs \
  -h+dist/UseXC8/debug\Framework.X.debug.sym -z -Q18F2680 -ol.obj \
  -Mdist/UseXC8/debug/Framework.X.debug.map -E1 -ver=XC8 -ACODE=00h-0FD7Fh \
  -ACONST=00h-0FD7Fh -ASMALLCONST=0D00h-0DFFhx240,0FD00h-0FD7Fh \
  -AMEDIUMCONST=0D00h-0FD7Fh -ACOMRAM=01h-05Fh -AABS1=00h-0CF3h \
  -ABIGRAM=01h-0CF3h -ARAM=060h-0FFh,0100h-01FFhx11,0C00h-0CF3h \
  -ABANK0=060h-0FFh -ABANK1=0100h-01FFh -ABANK2=0200h-02FFh \
  -ABANK3=0300h-03FFh -ABANK4=0400h-04FFh -ABANK5=0500h-05FFh \
  -ABANK6=0600h-06FFh -ABANK7=0700h-07FFh -ABANK8=0800h-08FFh \
  -ABANK9=0900h-09FFh -ABANK10=0A00h-0AFFh -ABANK11=0B00h-0BFFh \
  -ABANK12=0C00h-0CF3h -ASFR=0D00h-0DFFhx2,0F00h-0F5Fh,0F60h-0FFFh \
  -preset_vec=00h,intcode=08h,intcodelo=018h,powerup,init,end_init \
  -pramtop=0D00h -psmallconst=SMALLCONST -pmediumconst=MEDIUMCONST \
  -pconst=CONST -AFARRAM=00h-00h -ACONFIG=0300000h-030000Dh -pconfig=CONFIG \
  -AIDLOC=0200000h-0200007h -pidloc=IDLOC -AEEDATA=0F00000h-0F003FFh \
  -peeprom_data=EEDATA \
  -prdata=COMRAM,nvrram=COMRAM,nvbit=COMRAM,rbss=COMRAM,rbit=COMRAM \
  -pfarbss=FARRAM,fardata=FARRAM \
  -pintsave_regs=BIGRAM,bigbss=BIGRAM,bigdata=BIGRAM -pbss=RAM \
  -pidata=CODE,irdata=CODE,ibigdata=CODE,ifardata=CODE \
  C:\Users\Rick\AppData\Local\Temp\s5pk.obj \
  dist/UseXC8/debug\Framework.X.debug.obj 

Object code version is 3.10

Machine type is 18F2680

Call graph: (short form)




                Name                               Link     Load   Length Selector   Space Scale
C:\Users\Rick\AppData\Local\Temp\s5pk.obj
                end_init                             D4       D4        4        C       0
                reset_vec                             0        0        6        0       0
                idloc                            200000   200000        8   200000       0
                config                           300000   300000        E   300000       0
dist/UseXC8/debug\Framework.X.debug.obj
                intcodelo                            18       18       BC        C       0
                intcode                               8        8       10        4       0
                text55                             1A4E     1A4E       38        C       0
                text54                             1878     1878       56        C       0
                text53                              B6E      B6E      140        C       0
                text52                             1B16     1B16       30        C       0
                text51                             1CF8     1CF8        C        C       0
                text50                             1CDA     1CDA       12        C       0
                text49                              85A      85A      1D4        C       0
                text48                              ECE      ECE      106        C       0
                text47                             1C90     1C90       14        C       0
                text46                             176C     176C       5E        C       0
                text45                             1C50     1C50       18        C       0
                text44                             1D16     1D16        6        C       0
                text43                             1B72     1B72       2C        C       0
                text42                             1C36     1C36       1A        C       0
                text41                              440      440      246        C       0
                text40                             140C     140C       96        C       0
                intcode_body                       14A2     14A2       8C        C       0
                text38                             1920     1920       48        C       0
                text37                             135A     135A       B2        C       0
                text36                             1A16     1A16       38        C       0
                text35                             1CC8     1CC8       12        C       0
                text34                             1CB6     1CB6       12        C       0
                text33                             1BF2     1BF2       24        C       0
                text32                              FD4      FD4       E8        C       0
                text31                             1BC8     1BC8       2A        C       0
                text30                             152E     152E       8A        C       0
                text28                              CAE      CAE      11A        C       0
                text27                             1822     1822       56        C       0
                text26                              A2E      A2E      140        C       0
                text25                             1AE6     1AE6       30        C       0
                text24                             1CEC     1CEC        C        C       0
                text23                              686      686      1D4        C       0
                text22                             19DE     19DE       38        C       0
                text21                             1C7C     1C7C       14        C       0
                text20                              DC8      DC8      106        C       0
                text19                             1B46     1B46       2C        C       0
                text18                             1D04     1D04        A        C       0
                text17                             1AB6     1AB6       30        C       0
                text16                             10BC     10BC       E6        C       0
                text15                             15B8     15B8       86        C       0
                text14                             1C16     1C16       20        C       0
                text13                             163E     163E       6E        C       0
                text12                             1CA4     1CA4       12        C       0
                text11                             1968     1968       3E        C       0
                text10                             19A6     19A6       38        C       0
                text9                              1B9E     1B9E       2A        C       0
                text8                              1A86     1A86       30        C       0
                text7                              1C68     1C68       14        C       0
                text6                              170E     170E       5E        C       0
                text5                              17CA     17CA       58        C       0
                text4                              1286     1286       D4        C       0
                text3                              18CE     18CE       52        C       0
                text2                              11A2     11A2       E4        C       0
                text1                              1D0E     1D0E        8        C       0
                text0                                D8       D8      368        C       0
                cstackCOMRAM                          1        1       2D        1       1
                cstackBANK0                          60       60       60       60       1
                cstackBANK1                         1B4      1B4       28      100       1
                bssBIGRAM                           26C      26C      190      26C       1
                bssBANK2                            200      200       6C      200       1
                bssBANK1                            100      100       B4      100       1
                bssBANK0                             C0       C0       10       60       1
                dataCOMRAM                           37       37        2        1       1
                bssCOMRAM                            2E       2E        9        1       1
                cinit                              16AC     16AC       62        C       0
                nvBANK0                              D0       D0        2       60       1
                idataCOMRAM                        1D1C     1D1C        2        C       0

TOTAL           Name                               Link     Load   Length     Space
        CLASS   CODE           
                end_init                             D4       D4        4         0
                intcodelo                            18       18       BC         0
                intcode                               8        8       10         0
                reset_vec                             0        0        6         0
                text55                             1A4E     1A4E       38         0
                text54                             1878     1878       56         0
                text53                              B6E      B6E      140         0
                text52                             1B16     1B16       30         0
                text51                             1CF8     1CF8        C         0
                text50                             1CDA     1CDA       12         0
                text49                              85A      85A      1D4         0
                text48                              ECE      ECE      106         0
                text47                             1C90     1C90       14         0
                text46                             176C     176C       5E         0
                text45                             1C50     1C50       18         0
                text44                             1D16     1D16        6         0
                text43                             1B72     1B72       2C         0
                text42                             1C36     1C36       1A         0
                text41                              440      440      246         0
                text40                             140C     140C       96         0
                intcode_body                       14A2     14A2       8C         0
                text38                             1920     1920       48         0
                text37                             135A     135A       B2         0
                text36                             1A16     1A16       38         0
                text35                             1CC8     1CC8       12         0
                text34                             1CB6     1CB6       12         0
                text33                             1BF2     1BF2       24         0
                text32                              FD4      FD4       E8         0
                text31                             1BC8     1BC8       2A         0
                text30                             152E     152E       8A         0
                text28                              CAE      CAE      11A         0
                text27                             1822     1822       56         0
                text26                              A2E      A2E      140         0
                text25                             1AE6     1AE6       30         0
                text24                             1CEC     1CEC        C         0
                text23                              686      686      1D4         0
                text22                             19DE     19DE       38         0
                text21                             1C7C     1C7C       14         0
                text20                              DC8      DC8      106         0
                text19                             1B46     1B46       2C         0
                text18                             1D04     1D04        A         0
                text17                             1AB6     1AB6       30         0
                text16                             10BC     10BC       E6         0
                text15                             15B8     15B8       86         0
                text14                             1C16     1C16       20         0
                text13                             163E     163E       6E         0
                text12                             1CA4     1CA4       12         0
                text11                             1968     1968       3E         0
                text10                             19A6     19A6       38         0
                text9                              1B9E     1B9E       2A         0
                text8                              1A86     1A86       30         0
                text7                              1C68     1C68       14         0
                text6                              170E     170E       5E         0
                text5                              17CA     17CA       58         0
                text4                              1286     1286       D4         0
                text3                              18CE     18CE       52         0
                text2                              11A2     11A2       E4         0
                text1                              1D0E     1D0E        8         0
                text0                                D8       D8      368         0
                cinit                              16AC     16AC       62         0
                idataCOMRAM                        1D1C     1D1C        2         0

        CLASS   CONST          

        CLASS   SMALLCONST     

        CLASS   MEDIUMCONST    

        CLASS   COMRAM         
                cstackCOMRAM                          1        1       2D         1
                dataCOMRAM                           37       37        2         1
                bssCOMRAM                            2E       2E        9         1

        CLASS   ABS1           

        CLASS   BIGRAM         
                bssBIGRAM                           26C      26C      190         1

        CLASS   RAM            

        CLASS   BANK0          
                cstackBANK0                          60       60       60         1
                bssBANK0                             C0       C0       10         1
                nvBANK0                              D0       D0        2         1

        CLASS   BANK1          
                cstackBANK1                         1B4      1B4       28         1
                bssBANK1                            100      100       B4         1

        CLASS   BANK2          
                bssBANK2                            200      200       6C         1

        CLASS   BANK3          

        CLASS   BANK4          

        CLASS   BANK5          

        CLASS   BANK6          

        CLASS   BANK7          

        CLASS   BANK8          

        CLASS   BANK9          

        CLASS   BANK10         

        CLASS   BANK11         

        CLASS   BANK12         

        CLASS   SFR            

        CLASS   FARRAM         

        CLASS   CONFIG         
                config                           300000   300000        E         0

        CLASS   IDLOC          
                idloc                            200000   200000        8         0

        CLASS   EEDATA         



SEGMENTS        Name                           Load    Length   Top    Selector   Space  Class

                reset_vec                      000000  000006  000006         0       0  CODE    
                cstackCOMRAM                   000001  000038  000039         1       1  COMRAM  
                intcode                        000008  000010  000018         4       0  CODE    
                intcodelo                      000018  001D06  001D1E         C       0  CODE    
                cstackBANK0                    000060  000072  0000D2        60       1  BANK0   
                bssBANK1                       000100  0000DC  0001DC       100       1  BANK1   
                bssBANK2                       000200  00006C  00026C       200       1  BANK2   
                bssBIGRAM                      00026C  000190  0003FC       26C       1  BIGRAM  
                idloc                          200000  000008  200008    200000       0  IDLOC   
                config                         300000  00000E  30000E    300000       0  CONFIG  


UNUSED ADDRESS RANGES

        Name                Unused          Largest block    Delta
        BANK0            0000D2-0000FF               2E
        BANK1            0001DC-0001FF               24
        BANK10           000A00-000AFF              100
        BANK11           000B00-000BFF              100
        BANK12           000C00-000CF3               F4
        BANK3            0003FC-0003FF                4
        BANK4            000400-0004FF              100
        BANK5            000500-0005FF              100
        BANK6            000600-0006FF              100
        BANK7            000700-0007FF              100
        BANK8            000800-0008FF              100
        BANK9            000900-0009FF              100
        BIGRAM           000039-00005F               27
                         0000D2-0000FF               2E
                         0001DC-0001FF               24
                         0003FC-000CF3              8F8
        CODE             000006-000007                2
                         001D1E-00FD7F             E062
        COMRAM           000039-00005F               27
        CONST            000006-000007                2
                         001D1E-00FD7F             E062
        EEDATA           F00000-F003FF              400
        MEDIUMCONST      001D1E-00FD7F             E062
        RAM              0000D2-0000FF               2E
                         0001DC-0001FF               24
                         0003FC-000CF3              100
        SFR              000D00-000FFF              100
        SMALLCONST       001D1E-00FD7F              100

                                  Symbol Table

?_DebugPrint                           cstackBANK0  00008E
?_Delay1KTCYx                          cstackBANK0  00008E
?_FromMainHigh_recvmsg                 cstackBANK0  0000A6
?_FromMainHigh_sendmsg                 cstackBANK0  0000A4
?_OpenTimer0                           cstackBANK0  00008E
?_OpenTimer1                           cstackBANK0  00008E
?_ToMainHigh_recvmsg                   cstackBANK0  0000A6
?_ToMainHigh_sendmsg                   cstackBANK0  000076
?_ToMainLow_recvmsg                    cstackBANK0  0000A6
?_ToMainLow_sendmsg                    cstackCOMRAM 000017
?_WriteTimer0                          cstackCOMRAM 000001
?_WriteTimer1                          cstackCOMRAM 000001
?___awmod                              cstackBANK0  00008E
?_check_msg                            cstackBANK0  00008E
?_i2c_master_recv                      cstackBANK0  0000AD
?_i2c_master_send                      cstackBANK0  0000AD
?_in_high_int                          cstackBANK0  00008E
?_in_low_int                           cstackBANK0  000090
?_in_main                              cstackBANK0  000092
?_init_queue                           cstackBANK0  00008E
?_init_timer1_lthread                  cstackBANK0  00008E
?_init_uart_snd_rcv                    cstackBANK0  00008E
?_memcpy                               cstackBANK0  00008E
?_recv_msg                             cstackBANK0  000098
?_send_msg                             cstackBANK0  000098
?_start_UART_send                      cstackBANK0  00008E
?_timer0_lthread                       cstackBANK0  00008E
?i1_memcpy                             cstackCOMRAM 000001
?i1_send_msg                           cstackCOMRAM 00000B
?i2_DebugPrint                         cstackBANK0  000060
?i2_FromMainHigh_recvmsg               cstackBANK0  000078
?i2_WriteTimer0                        cstackBANK0  000060
?i2_check_msg                          cstackBANK0  000060
?i2_in_high_int                        cstackBANK0  000060
?i2_in_low_int                         cstackBANK0  000062
?i2_memcpy                             cstackBANK0  000060
?i2_recv_msg                           cstackBANK0  00006A
?i2_send_msg                           cstackBANK0  00006A
DebugPrint@out                         cstackBANK0  00008E
Delay1KTCYx@unit                       cstackBANK0  00008E
FromMainHigh_recvmsg@data              cstackBANK0  0000A9
FromMainHigh_recvmsg@maxlength         cstackBANK0  0000A6
FromMainHigh_recvmsg@msgtype           cstackBANK0  0000A7
FromMainHigh_sendmsg@data              cstackBANK0  0000A6
FromMainHigh_sendmsg@length            cstackBANK0  0000A4
FromMainHigh_sendmsg@msgtype           cstackBANK0  0000A5
OpenTimer0@config                      cstackBANK0  00008E
OpenTimer1@config                      cstackBANK0  00008E
ReadUSART@data                         cstackCOMRAM 000001
ToMainHigh_recvmsg@data                cstackBANK0  0000A9
ToMainHigh_recvmsg@maxlength           cstackBANK0  0000A6
ToMainHigh_recvmsg@msgtype             cstackBANK0  0000A7
ToMainHigh_sendmsg@data                cstackBANK0  000078
ToMainHigh_sendmsg@length              cstackBANK0  000076
ToMainHigh_sendmsg@msgtype             cstackBANK0  000077
ToMainLow_recvmsg@data                 cstackBANK0  0000A9
ToMainLow_recvmsg@maxlength            cstackBANK0  0000A6
ToMainLow_recvmsg@msgtype              cstackBANK0  0000A7
ToMainLow_sendmsg@data                 cstackCOMRAM 000019
ToMainLow_sendmsg@length               cstackCOMRAM 000017
ToMainLow_sendmsg@msgtype              cstackCOMRAM 000018
WriteTimer0@timer                      cstackCOMRAM 000003
WriteTimer0@timer0                     cstackCOMRAM 000001
WriteTimer1@timer                      cstackCOMRAM 000003
WriteTimer1@timer1                     cstackCOMRAM 000001
_ACKDT                                 (abs)        007E2D
_ACKEN                                 (abs)        007E2C
_BAUDCONbits                           (abs)        000FB8
_DebugPrint                            text24       001CEC
_Delay1KTCYx                           text21       001C7C
_DriverColorPoll                       (abs)        000000
_DriverColorRespond                    (abs)        000000
_DriverHeap                            bssBIGRAM    00026C
_DriverIRPoll                          (abs)        000000
_DriverIRRespond                       (abs)        000000
_DriverTable                           bssBANK1     000100
_FromMainHigh_MQ                       bssBANK2     000200
_FromMainHigh_recvmsg                  text25       001AE6
_FromMainHigh_sendmsg                  text19       001B46
_FromMainLow_MQ                        bssBANK2     000236
_I2CInit                               text14       001C16
_INTCONbits                            (abs)        000FF2
_IPR1bits                              (abs)        000F9F
_InterruptHandlerHigh                  intcode      000008
_InterruptHandlerLow                   intcodelo    000018
_LATA                                  (abs)        000F89
_LATBbits                              (abs)        000F8A
_MQ_Main_Willing_to_block              bssCOMRAM    000030
_NumberOfDrivers                       bssCOMRAM    000031
_OSCCON                                (abs)        000FD3
_OSCCONbits                            (abs)        000FD3
_OSCTUNEbits                           (abs)        000F9B
_OpenTimer0                            text9        001B9E
_OpenTimer1                            text11       001968
_PEN                                   (abs)        007E2A
_PIE1bits                              (abs)        000F9D
_PIR1bits                              (abs)        000F9E
_PORTA                                 (abs)        000F80
_PORTB                                 (abs)        000F81
_RCEN                                  (abs)        007E2B
_RCONbits                              (abs)        000FD0
_RCREG                                 (abs)        000FAE
_RCSTA                                 (abs)        000FAB
_RCSTAbits                             (abs)        000FAB
_RSEN                                  (abs)        007E29
_ReadUSART                             text36       001A16
_SEN                                   (abs)        007E28
_SPBRG                                 (abs)        000FAF
_SSPADD                                (abs)        000FC8
_SSPBUF                                (abs)        000FC9
_SSPCON1                               (abs)        000FC6
_SSPCON1bits                           (abs)        000FC6
_SSPCON2                               (abs)        000FC5
_SSPCON2bits                           (abs)        000FC5
_SSPIF                                 (abs)        007CF3
_SSPSTAT                               (abs)        000FC7
_SSPSTATbits                           (abs)        000FC7
_SleepIfOkay                           text40       00140C
_T0CON                                 (abs)        000FD5
_T0CONbits                             (abs)        000FD5
_T1CON                                 (abs)        000FCD
_T1CONbits                             (abs)        000FCD
_TMR0H                                 (abs)        000FD7
_TMR0L                                 (abs)        000FD6
_TMR1H                                 (abs)        000FCF
_TMR1L                                 (abs)        000FCE
_TRISA                                 (abs)        000F92
_TRISB                                 (abs)        000F93
_TRISC3                                (abs)        007CA3
_TRISC4                                (abs)        007CA4
_TRISCbits                             (abs)        000F94
_TXREG                                 (abs)        000FAD
_TXSTA                                 (abs)        000FAC
_TXSTAbits                             (abs)        000FAC
_ToMainHigh_MQ                         bssBANK1     000148
_ToMainHigh_recvmsg                    text8        001A86
_ToMainHigh_sendmsg                    text43       001B72
_ToMainLow_MQ                          bssBANK1     00017E
_ToMainLow_recvmsg                     text17       001AB6
_ToMainLow_sendmsg                     text33       001BF2
_USART_Status                          bssCOMRAM    000032
_WriteTimer0                           text35       001CC8
_WriteTimer1                           text34       001CB6
__CFG_BBSIZ$1024                       (abs)        000000
__CFG_BOREN$OFF                        (abs)        000000
__CFG_BORV$3                           (abs)        000000
__CFG_FCMEN$OFF                        (abs)        000000
__CFG_IESO$OFF                         (abs)        000000
__CFG_LPT1OSC$OFF                      (abs)        000000
__CFG_LVP$OFF                          (abs)        000000
__CFG_MCLRE$ON                         (abs)        000000
__CFG_OSC$IRCIO67                      (abs)        000000
__CFG_PBADEN$OFF                       (abs)        000000
__CFG_PWRT$OFF                         (abs)        000000
__CFG_STVREN$OFF                       (abs)        000000
__CFG_WDT$OFF                          (abs)        000000
__CFG_WDTPS$32768                      (abs)        000000
__HRAM                                 (abs)        000000
__Habs1                                abs1         000000
__Hbank0                               bank0        000000
__Hbank1                               bank1        000000
__Hbank10                              bank10       000000
__Hbank11                              bank11       000000
__Hbank12                              bank12       000000
__Hbank2                               bank2        000000
__Hbank3                               bank3        000000
__Hbank4                               bank4        000000
__Hbank5                               bank5        000000
__Hbank6                               bank6        000000
__Hbank7                               bank7        000000
__Hbank8                               bank8        000000
__Hbank9                               bank9        000000
__Hbigbss                              bigbss       000000
__Hbigdata                             bigdata      000000
__Hbigram                              bigram       000000
__Hbss                                 bss          000000
__HbssBANK0                            bssBANK0     000000
__HbssBANK1                            bssBANK1     000000
__HbssBANK2                            bssBANK2     000000
__HbssBIGRAM                           bssBIGRAM    000000
__HbssCOMRAM                           bssCOMRAM    000000
__Hcinit                               cinit        000000
__Hclrtext                             clrtext      000000
__Hcomram                              comram       000000
__Hconfig                              config       30000E
__Hconst                               const        000000
__HcstackBANK0                         cstackBANK0  000000
__HcstackBANK1                         cstackBANK1  000000
__HcstackCOMRAM                        cstackCOMRAM 000000
__Hdata                                data         000000
__HdataCOMRAM                          dataCOMRAM   000000
__Heeprom_data                         eeprom_data  000000
__Hend_init                            end_init     0000D8
__Hfarbss                              farbss       000000
__Hfardata                             fardata      000000
__Hibigdata                            ibigdata     000000
__Hidata                               idata        000000
__HidataCOMRAM                         idataCOMRAM  000000
__Hidloc                               idloc        200008
__Hifardata                            ifardata     000000
__Hinit                                init         0000D4
__Hintcode                             intcode      000018
__Hintcode_body                        intcode_body 000000
__Hintcodelo                           intcodelo    0000D4
__Hintentry                            intentry     000000
__Hintret                              intret       000000
__Hintsave_regs                        intsave_regs 000000
__Hirdata                              irdata       000000
__Hmediumconst                         mediumconst  000000
__HnvBANK0                             nvBANK0      000000
__Hnvbit                               nvbit        000000
__Hnvrram                              nvrram       000000
__Hparam                               param0       000000
__Hparam0                              param0       000000
__Hpowerup                             powerup      0000D4
__Hram                                 ram          000000
__Hramtop                              ramtop       000D00
__Hrbit                                rbit         000000
__Hrbss                                rbss         000000
__Hrdata                               rdata        000000
__Hreset_vec                           reset_vec    000006
__Hsfr                                 sfr          000000
__Hsmallconst                          smallconst   000000
__Hstruct                              struct       000000
__Htemp                                temp         000000
__Htext                                text         000000
__Htext0                               text0        000000
__Htext1                               text1        000000
__Htext10                              text10       000000
__Htext11                              text11       000000
__Htext12                              text12       000000
__Htext13                              text13       000000
__Htext14                              text14       000000
__Htext15                              text15       000000
__Htext16                              text16       000000
__Htext17                              text17       000000
__Htext18                              text18       000000
__Htext19                              text19       000000
__Htext2                               text2        000000
__Htext20                              text20       000000
__Htext21                              text21       000000
__Htext22                              text22       000000
__Htext23                              text23       000000
__Htext24                              text24       000000
__Htext25                              text25       000000
__Htext26                              text26       000000
__Htext27                              text27       000000
__Htext28                              text28       000000
__Htext3                               text3        000000
__Htext30                              text30       000000
__Htext31                              text31       000000
__Htext32                              text32       000000
__Htext33                              text33       000000
__Htext34                              text34       000000
__Htext35                              text35       000000
__Htext36                              text36       000000
__Htext37                              text37       000000
__Htext38                              text38       000000
__Htext4                               text4        000000
__Htext40                              text40       000000
__Htext41                              text41       000000
__Htext42                              text42       000000
__Htext43                              text43       000000
__Htext44                              text44       000000
__Htext45                              text45       000000
__Htext46                              text46       000000
__Htext47                              text47       000000
__Htext48                              text48       000000
__Htext49                              text49       000000
__Htext5                               text5        000000
__Htext50                              text50       000000
__Htext51                              text51       000000
__Htext52                              text52       000000
__Htext53                              text53       000000
__Htext54                              text54       000000
__Htext55                              text55       000000
__Htext56                              text56       000000
__Htext6                               text6        000000
__Htext7                               text7        000000
__Htext8                               text8        000000
__Htext9                               text9        000000
__LRAM                                 (abs)        000001
__Labs1                                abs1         000000
__Lbank0                               bank0        000000
__Lbank1                               bank1        000000
__Lbank10                              bank10       000000
__Lbank11                              bank11       000000
__Lbank12                              bank12       000000
__Lbank2                               bank2        000000
__Lbank3                               bank3        000000
__Lbank4                               bank4        000000
__Lbank5                               bank5        000000
__Lbank6                               bank6        000000
__Lbank7                               bank7        000000
__Lbank8                               bank8        000000
__Lbank9                               bank9        000000
__Lbigbss                              bigbss       000000
__Lbigdata                             bigdata      000000
__Lbigram                              bigram       000000
__Lbss                                 bss          000000
__LbssBANK0                            bssBANK0     000000
__LbssBANK1                            bssBANK1     000000
__LbssBANK2                            bssBANK2     000000
__LbssBIGRAM                           bssBIGRAM    000000
__LbssCOMRAM                           bssCOMRAM    000000
__Lcinit                               cinit        000000
__Lclrtext                             clrtext      000000
__Lcomram                              comram       000000
__Lconfig                              config       300000
__Lconst                               const        000000
__LcstackBANK0                         cstackBANK0  000000
__LcstackBANK1                         cstackBANK1  000000
__LcstackCOMRAM                        cstackCOMRAM 000000
__Ldata                                data         000000
__LdataCOMRAM                          dataCOMRAM   000000
__Leeprom_data                         eeprom_data  000000
__Lend_init                            end_init     0000D4
__Lfarbss                              farbss       000000
__Lfardata                             fardata      000000
__Libigdata                            ibigdata     000000
__Lidata                               idata        000000
__LidataCOMRAM                         idataCOMRAM  000000
__Lidloc                               idloc        200000
__Lifardata                            ifardata     000000
__Linit                                init         0000D4
__Lintcode                             intcode      000008
__Lintcode_body                        intcode_body 000000
__Lintcodelo                           intcodelo    000018
__Lintentry                            intentry     000000
__Lintret                              intret       000000
__Lintsave_regs                        intsave_regs 000000
__Lirdata                              irdata       000000
__Lmediumconst                         mediumconst  000000
__LnvBANK0                             nvBANK0      000000
__Lnvbit                               nvbit        000000
__Lnvrram                              nvrram       000000
__Lparam                               param0       000000
__Lparam0                              param0       000000
__Lpowerup                             powerup      0000D4
__Lram                                 ram          000000
__Lramtop                              ramtop       000D00
__Lrbit                                rbit         000000
__Lrbss                                rbss         000000
__Lrdata                               rdata        000000
__Lreset_vec                           reset_vec    000000
__Lsfr                                 sfr          000000
__Lsmallconst                          smallconst   000000
__Lstruct                              struct       000000
__Ltemp                                temp         000000
__Ltext                                text         000000
__Ltext0                               text0        000000
__Ltext1                               text1        000000
__Ltext10                              text10       000000
__Ltext11                              text11       000000
__Ltext12                              text12       000000
__Ltext13                              text13       000000
__Ltext14                              text14       000000
__Ltext15                              text15       000000
__Ltext16                              text16       000000
__Ltext17                              text17       000000
__Ltext18                              text18       000000
__Ltext19                              text19       000000
__Ltext2                               text2        000000
__Ltext20                              text20       000000
__Ltext21                              text21       000000
__Ltext22                              text22       000000
__Ltext23                              text23       000000
__Ltext24                              text24       000000
__Ltext25                              text25       000000
__Ltext26                              text26       000000
__Ltext27                              text27       000000
__Ltext28                              text28       000000
__Ltext3                               text3        000000
__Ltext30                              text30       000000
__Ltext31                              text31       000000
__Ltext32                              text32       000000
__Ltext33                              text33       000000
__Ltext34                              text34       000000
__Ltext35                              text35       000000
__Ltext36                              text36       000000
__Ltext37                              text37       000000
__Ltext38                              text38       000000
__Ltext4                               text4        000000
__Ltext40                              text40       000000
__Ltext41                              text41       000000
__Ltext42                              text42       000000
__Ltext43                              text43       000000
__Ltext44                              text44       000000
__Ltext45                              text45       000000
__Ltext46                              text46       000000
__Ltext47                              text47       000000
__Ltext48                              text48       000000
__Ltext49                              text49       000000
__Ltext5                               text5        000000
__Ltext50                              text50       000000
__Ltext51                              text51       000000
__Ltext52                              text52       000000
__Ltext53                              text53       000000
__Ltext54                              text54       000000
__Ltext55                              text55       000000
__Ltext56                              text56       000000
__Ltext6                               text6        000000
__Ltext7                               text7        000000
__Ltext8                               text8        000000
__Ltext9                               text9        000000
__S0                                   (abs)        30000E
__S1                                   (abs)        0003FC
___awmod                               text28       000CAE
___awmod@counter                       cstackBANK0  000093
___awmod@dividend                      cstackBANK0  00008E
___awmod@divisor                       cstackBANK0  000090
___awmod@sign                          cstackBANK0  000094
__accesstop                            (abs)        000060
__activetblptr                         (abs)        000000
__end_of_DebugPrint                    text24       001CF8
__end_of_Delay1KTCYx                   text21       001C90
__end_of_FromMainHigh_recvmsg          text25       001B16
__end_of_FromMainHigh_sendmsg          text19       001B72
__end_of_I2CInit                       text14       001C36
__end_of_InterruptHandlerHigh          intcode_body 00152E
__end_of_InterruptHandlerLow           intcodelo    0000D4
__end_of_OpenTimer0                    text9        001BC8
__end_of_OpenTimer1                    text11       0019A6
__end_of_ReadUSART                     text36       001A4E
__end_of_SleepIfOkay                   text40       0014A2
__end_of_ToMainHigh_recvmsg            text8        001AB6
__end_of_ToMainHigh_sendmsg            text43       001B9E
__end_of_ToMainLow_recvmsg             text17       001AE6
__end_of_ToMainLow_sendmsg             text33       001C16
__end_of_WriteTimer0                   text35       001CDA
__end_of_WriteTimer1                   text34       001CC8
__end_of___awmod                       text28       000DC8
__end_of__initialization               cinit        001708
__end_of_block_on_To_msgqueues         text4        00135A
__end_of_check_msg                     text22       001A16
__end_of_enable_interrupts             text1        001D16
__end_of_enter_sleep_mode              text44       001D1C
__end_of_i2c_master_int_handler        text41       000686
__end_of_i2c_master_recv               text3        001920
__end_of_i2c_master_send               text16       0011A2
__end_of_i2c_master_start_next_in_Q    text23       00085A
__end_of_in_high_int                   text7        001C7C
__end_of_in_low_int                    text6        00176C
__end_of_in_main                       text5        001822
__end_of_init_queue                    text15       00163E
__end_of_init_queues                   text13       0016AC
__end_of_init_timer1_lthread           text12       001CB6
__end_of_init_uart_snd_rcv             text10       0019DE
__end_of_main                          text0        000440
__end_of_memcpy                        text27       001878
__end_of_recv_msg                      text26       000B6E
__end_of_send_msg                      text20       000ECE
__end_of_start_UART_send               text2        001286
__end_of_timer0_int_handler            text42       001C50
__end_of_timer0_lthread                text18       001D0E
__end_of_timer1_int_handler            text31       001BF2
__end_of_uart_rcv_msg_timeout          text45       001C68
__end_of_uart_recv_int_handler         text32       0010BC
__end_of_uart_send_int_handler         text30       0015B8
__end_ofi1_memcpy                      text38       001968
__end_ofi1_send_msg                    text37       00140C
__end_ofi2_DebugPrint                  text51       001D04
__end_ofi2_FromMainHigh_recvmsg        text52       001B46
__end_ofi2_WriteTimer0                 text50       001CEC
__end_ofi2_check_msg                   text55       001A86
__end_ofi2_i2c_master_start_next_in_Q  text49       000A2E
__end_ofi2_in_high_int                 text47       001CA4
__end_ofi2_in_low_int                  text46       0017CA
__end_ofi2_memcpy                      text54       0018CE
__end_ofi2_recv_msg                    text53       000CAE
__end_ofi2_send_msg                    text48       000FD4
__initialization                       cinit        0016AC
__mediumconst                          mediumconst  000000
__pbssBANK0                            bssBANK0     0000C0
__pbssBANK1                            bssBANK1     000100
__pbssBANK2                            bssBANK2     000200
__pbssBIGRAM                           bssBIGRAM    00026C
__pbssCOMRAM                           bssCOMRAM    00002E
__pcinit                               cinit        0016AC
__pcstackBANK0                         cstackBANK0  000060
__pcstackBANK1                         cstackBANK1  0001B4
__pcstackCOMRAM                        cstackCOMRAM 000001
__pdataCOMRAM                          dataCOMRAM   000037
__pidataCOMRAM                         idataCOMRAM  001D1C
__pintcode                             intcode      000008
__pintcode_body                        intcode_body 0014A2
__pintcodelo                           intcodelo    000018
__pnvBANK0                             nvBANK0      0000D0
__ptext0                               text0        0000D8
__ptext1                               text1        001D0E
__ptext10                              text10       0019A6
__ptext11                              text11       001968
__ptext12                              text12       001CA4
__ptext13                              text13       00163E
__ptext14                              text14       001C16
__ptext15                              text15       0015B8
__ptext16                              text16       0010BC
__ptext17                              text17       001AB6
__ptext18                              text18       001D04
__ptext19                              text19       001B46
__ptext2                               text2        0011A2
__ptext20                              text20       000DC8
__ptext21                              text21       001C7C
__ptext22                              text22       0019DE
__ptext23                              text23       000686
__ptext24                              text24       001CEC
__ptext25                              text25       001AE6
__ptext26                              text26       000A2E
__ptext27                              text27       001822
__ptext28                              text28       000CAE
__ptext3                               text3        0018CE
__ptext30                              text30       00152E
__ptext31                              text31       001BC8
__ptext32                              text32       000FD4
__ptext33                              text33       001BF2
__ptext34                              text34       001CB6
__ptext35                              text35       001CC8
__ptext36                              text36       001A16
__ptext37                              text37       00135A
__ptext38                              text38       001920
__ptext4                               text4        001286
__ptext40                              text40       00140C
__ptext41                              text41       000440
__ptext42                              text42       001C36
__ptext43                              text43       001B72
__ptext44                              text44       001D16
__ptext45                              text45       001C50
__ptext46                              text46       00176C
__ptext47                              text47       001C90
__ptext48                              text48       000ECE
__ptext49                              text49       00085A
__ptext5                               text5        0017CA
__ptext50                              text50       001CDA
__ptext51                              text51       001CF8
__ptext52                              text52       001B16
__ptext53                              text53       000B6E
__ptext54                              text54       001878
__ptext55                              text55       001A4E
__ptext56                              text56       000000
__ptext6                               text6        00170E
__ptext7                               text7        001C68
__ptext8                               text8        001A86
__ptext9                               text9        001B9E
__ramtop                               ramtop       000D00
__size_of_DebugPrint                   (abs)        000000
__size_of_Delay1KTCYx                  (abs)        000000
__size_of_FromMainHigh_recvmsg         (abs)        000000
__size_of_FromMainHigh_sendmsg         (abs)        000000
__size_of_I2CInit                      (abs)        000000
__size_of_InterruptHandlerHigh         (abs)        000000
__size_of_InterruptHandlerLow          (abs)        000000
__size_of_OpenTimer0                   (abs)        000000
__size_of_OpenTimer1                   (abs)        000000
__size_of_ReadUSART                    (abs)        000000
__size_of_SleepIfOkay                  (abs)        000000
__size_of_ToMainHigh_recvmsg           (abs)        000000
__size_of_ToMainHigh_sendmsg           (abs)        000000
__size_of_ToMainLow_recvmsg            (abs)        000000
__size_of_ToMainLow_sendmsg            (abs)        000000
__size_of_WriteTimer0                  (abs)        000000
__size_of_WriteTimer1                  (abs)        000000
__size_of___awmod                      (abs)        000000
__size_of_block_on_To_msgqueues        (abs)        000000
__size_of_check_msg                    (abs)        000000
__size_of_enable_interrupts            (abs)        000000
__size_of_enter_sleep_mode             (abs)        000000
__size_of_i2c_master_int_handler       (abs)        000000
__size_of_i2c_master_recv              (abs)        000000
__size_of_i2c_master_send              (abs)        000000
__size_of_i2c_master_start_next_in_Q   (abs)        000000
__size_of_in_high_int                  (abs)        000000
__size_of_in_low_int                   (abs)        000000
__size_of_in_main                      (abs)        000000
__size_of_init_queue                   (abs)        000000
__size_of_init_queues                  (abs)        000000
__size_of_init_timer1_lthread          (abs)        000000
__size_of_init_uart_snd_rcv            (abs)        000000
__size_of_main                         (abs)        000000
__size_of_memcpy                       (abs)        000000
__size_of_recv_msg                     (abs)        000000
__size_of_send_msg                     (abs)        000000
__size_of_start_UART_send              (abs)        000000
__size_of_timer0_int_handler           (abs)        000000
__size_of_timer0_lthread               (abs)        000000
__size_of_timer1_int_handler           (abs)        000000
__size_of_uart_rcv_msg_timeout         (abs)        000000
__size_of_uart_recv_int_handler        (abs)        000000
__size_of_uart_send_int_handler        (abs)        000000
__size_ofi1_memcpy                     (abs)        000000
__size_ofi1_send_msg                   (abs)        000000
__size_ofi2_DebugPrint                 (abs)        000000
__size_ofi2_FromMainHigh_recvmsg       (abs)        000000
__size_ofi2_WriteTimer0                (abs)        000000
__size_ofi2_check_msg                  (abs)        000000
__size_ofi2_i2c_master_start_next_in_Q (abs)        000000
__size_ofi2_in_high_int                (abs)        000000
__size_ofi2_in_low_int                 (abs)        000000
__size_ofi2_memcpy                     (abs)        000000
__size_ofi2_recv_msg                   (abs)        000000
__size_ofi2_send_msg                   (abs)        000000
__smallconst                           smallconst   000000
_block_on_To_msgqueues                 text4        001286
_check_msg                             text22       0019DE
_enable_interrupts                     text1        001D0E
_enter_sleep_mode                      text44       001D16
_heapPointer                           dataCOMRAM   000037
_i2c_master_int_handler                text41       000440
_i2c_master_recv                       text3        0018CE
_i2c_master_send                       text16       0010BC
_i2c_master_start_next_in_Q            text23       000686
_i2c_p                                 bssBANK0     0000C0
_ic_ptr                                bssCOMRAM    00002E
_in_high_int                           text7        001C68
_in_low_int                            text6        00170E
_in_main                               text5        0017CA
_init_queue                            text15       0015B8
_init_queues                           text13       00163E
_init_timer1_lthread                   text12       001CA4
_init_uart_snd_rcv                     text10       0019A6
_main                                  text0        0000D8
_memcpy                                text27       001822
_recv_msg                              text26       000A2E
_send_msg                              text20       000DC8
_start_UART_send                       text2        0011A2
_temp_buffer                           bssCOMRAM    000033
_timer0_int_handler                    text42       001C36
_timer0_lthread                        text18       001D04
_timer1_int_handler                    text31       001BC8
_uart_rcv_msg_timeout                  text45       001C50
_uart_recv_int_handler                 text32       000FD4
_uart_send_int_handler                 text30       00152E
_uc_ptr                                nvBANK0      0000D0
check_msg@qptr                         cstackBANK0  00008E
end_of_initialization                  cinit        001708
i1_memcpy                              text38       001920
i1_send_msg                            text37       00135A
i1memcpy@d                             cstackCOMRAM 000007
i1memcpy@d1                            cstackCOMRAM 000001
i1memcpy@n                             cstackCOMRAM 000005
i1memcpy@s                             cstackCOMRAM 000009
i1memcpy@s1                            cstackCOMRAM 000003
i1send_msg@data                        cstackCOMRAM 00000F
i1send_msg@length                      cstackCOMRAM 00000D
i1send_msg@msgtype                     cstackCOMRAM 00000E
i1send_msg@qmsg                        cstackCOMRAM 000015
i1send_msg@qptr                        cstackCOMRAM 00000B
i1send_msg@slot                        cstackCOMRAM 000014
i1send_msg@tlength                     cstackCOMRAM 000012
i2DebugPrint@out                       cstackBANK0  000060
i2FromMainHigh_recvmsg@data            cstackBANK0  00007B
i2FromMainHigh_recvmsg@maxlength       cstackBANK0  000078
i2FromMainHigh_recvmsg@msgtype         cstackBANK0  000079
i2WriteTimer0@timer                    cstackBANK0  000062
i2WriteTimer0@timer0                   cstackBANK0  000060
i2_DebugPrint                          text51       001CF8
i2_FromMainHigh_recvmsg                text52       001B16
i2_WriteTimer0                         text50       001CDA
i2_check_msg                           text55       001A4E
i2_i2c_master_start_next_in_Q          text49       00085A
i2_in_high_int                         text47       001C90
i2_in_low_int                          text46       00176C
i2_memcpy                              text54       001878
i2_recv_msg                            text53       000B6E
i2_send_msg                            text48       000ECE
i2c_master_recv@ID                     cstackBANK0  0000AD
i2c_master_recv@buf                    cstackBANK0  0000B1
i2c_master_recv@length                 cstackBANK0  0000AE
i2c_master_send@adr                    cstackBANK0  0000AD
i2c_master_send@i                      cstackBANK0  0000BE
i2c_master_send@length                 cstackBANK0  0000AE
i2c_master_send@msg                    cstackBANK0  0000AF
i2c_master_send@msgbuf                 cstackBANK0  0000B4
i2c_master_start_next_in_Q@msgType     cstackBANK0  0000AC
i2check_msg@qptr                       cstackBANK0  000060
i2i2c_master_start_next_in_Q@msgType   cstackBANK0  00007E
i2memcpy@d                             cstackBANK0  000066
i2memcpy@d1                            cstackBANK0  000060
i2memcpy@n                             cstackBANK0  000064
i2memcpy@s                             cstackBANK0  000068
i2memcpy@s1                            cstackBANK0  000062
i2recv_msg@data                        cstackBANK0  00006F
i2recv_msg@maxlength                   cstackBANK0  00006C
i2recv_msg@msgtype                     cstackBANK0  00006D
i2recv_msg@qmsg                        cstackBANK0  000076
i2recv_msg@qptr                        cstackBANK0  00006A
i2recv_msg@slot                        cstackBANK0  000073
i2recv_msg@tlength                     cstackBANK0  000074
i2send_msg@data                        cstackBANK0  00006E
i2send_msg@length                      cstackBANK0  00006C
i2send_msg@msgtype                     cstackBANK0  00006D
i2send_msg@qmsg                        cstackBANK0  000074
i2send_msg@qptr                        cstackBANK0  00006A
i2send_msg@slot                        cstackBANK0  000073
i2send_msg@tlength                     cstackBANK0  000071
init_queue@i                           cstackBANK0  000091
init_queue@qptr                        cstackBANK0  00008E
init_timer1_lthread@tptr               cstackBANK0  00008E
init_uart_snd_rcv@uc                   cstackBANK0  00008E
int_func                               intcode_body 0014A2
intlevel0                              text         000000
intlevel1                              text         000000
intlevel2                              text         000000
intlevel3                              text         000000
main@RedL                              cstackBANK1  0001B7
main@currentPollDriver                 bssBANK1     000146
main@last_reg_recvd                    cstackBANK1  0001B6
main@length                            cstackBANK1  0001C7
main@msgbuffer                         cstackBANK1  0001BA
main@msgtype                           cstackBANK1  0001C8
main@t0thread_data                     cstackBANK1  0001B8
main@t1thread_data                     cstackBANK1  0001C5
main@uc                                cstackBANK1  0001C9
memcpy@d                               cstackBANK0  000094
memcpy@d1                              cstackBANK0  00008E
memcpy@n                               cstackBANK0  000092
memcpy@s                               cstackBANK0  000096
memcpy@s1                              cstackBANK0  000090
recv_msg@data                          cstackBANK0  00009D
recv_msg@maxlength                     cstackBANK0  00009A
recv_msg@msgtype                       cstackBANK0  00009B
recv_msg@qmsg                          cstackBANK0  0000A4
recv_msg@qptr                          cstackBANK0  000098
recv_msg@slot                          cstackBANK0  0000A1
recv_msg@tlength                       cstackBANK0  0000A2
send_msg@data                          cstackBANK0  00009C
send_msg@length                        cstackBANK0  00009A
send_msg@msgtype                       cstackBANK0  00009B
send_msg@qmsg                          cstackBANK0  0000A2
send_msg@qptr                          cstackBANK0  000098
send_msg@slot                          cstackBANK0  0000A1
send_msg@tlength                       cstackBANK0  00009F
start                                  init         0000D4
start_UART_send@len                    cstackBANK0  00008E
start_UART_send@msg                    cstackBANK0  00008F
start_initialization                   cinit        0016AC
timer0_lthread@msgbuffer               cstackBANK0  000094
timer0_lthread@msgval                  cstackBANK0  000096


FUNCTION INFORMATION:

 *************** function _main *****************
 Defined at:
		line 128 in file "../src/main.c"
 Parameters:    Size  Location     Type
		None
 Auto vars:     Size  Location     Type
  uc             19   21[BANK1 ] struct __uart_comm
  msgbuffer      11    6[BANK1 ] unsigned char [11]
  t1thread_dat    2   17[BANK1 ] struct __timer1_thread_s
  t0thread_dat    2    4[BANK1 ] struct __timer0_thread_s
  uthread_data    2    0        struct __uart_thread_str
  msgtype         1   20[BANK1 ] unsigned char 
  length          1   19[BANK1 ] char 
  RedL            1    3[BANK1 ] unsigned char 
  last_reg_rec    1    2[BANK1 ] unsigned char 
  i               1    0        unsigned char 
  c               1    0        unsigned char 
 Return value:  Size  Location     Type
		None               void
 Registers used:
		wreg, fsr0l, fsr0h, fsr1l, fsr1h, fsr2l, fsr2h, status,2, status,0, pclat, tosl, structret, tblptrl, tblptrh, tblptru, prodl, prodh, bsr, cstack
 Tracked objects:
		On entry : 
		On exit  : 
		Unchanged: 
 Data sizes:     COMRAM   BANK0   BANK1   BANK2   BANK3   BANK4   BANK5   BANK6   BANK7   BANK8   BANK9  BANK10  BANK11  BANK12
      Params:         0       0       0       0       0       0       0       0       0       0       0       0       0       0
      Locals:         0       0      38       0       0       0       0       0       0       0       0       0       0       0
      Temps:          0       0       2       0       0       0       0       0       0       0       0       0       0       0
      Totals:         0       0      40       0       0       0       0       0       0       0       0       0       0       0
Total ram usage:       40 bytes
 Hardware stack levels required when called:   16
 This function calls:
		_init_uart_snd_rcv
		_init_timer1_lthread
		_init_queues
		_OpenTimer0
		_OpenTimer1
		_enable_interrupts
		_I2CInit
		_DebugPrint
		_block_on_To_msgqueues
		_ToMainHigh_recvmsg
		_timer0_lthread
		_start_UART_send
		_ToMainLow_recvmsg
		___awmod
		_i2c_master_recv
		_i2c_master_send
 This function is called by:
		Startup code after reset
 This function uses a non-reentrant model


 *************** function _enable_interrupts *****************
 Defined at:
		line 18 in file "../src/interrupts.c"
 Parameters:    Size  Location     Type
		None
 Auto vars:     Size  Location     Type
		None
 Return value:  Size  Location     Type
		None               void
 Registers used:
		None
 Tracked objects:
		On entry : 
		On exit  : 
		Unchanged: 
 Data sizes:     COMRAM   BANK0   BANK1   BANK2   BANK3   BANK4   BANK5   BANK6   BANK7   BANK8   BANK9  BANK10  BANK11  BANK12
      Params:         0       0       0       0       0       0       0       0       0       0       0       0       0       0
      Locals:         0       0       0       0       0       0       0       0       0       0       0       0       0       0
      Temps:          0       0       0       0       0       0       0       0       0       0       0       0       0       0
      Totals:         0       0       0       0       0       0       0       0       0       0       0       0       0       0
Total ram usage:        0 bytes
 Hardware stack levels used:    1
 Hardware stack levels required when called:   11
 This function calls:
		Nothing
 This function is called by:
		_main
 This function uses a non-reentrant model


 *************** function _start_UART_send *****************
 Defined at:
		line 13 in file "../src/my_uart.c"
 Parameters:    Size  Location     Type
  len             1   46[BANK0 ] unsigned char 
  msg             2   47[BANK0 ] PTR unsigned char 
		 -> main@msgbuffer(11), 
 Auto vars:     Size  Location     Type
		None
 Return value:  Size  Location     Type
		None               void
 Registers used:
		wreg, fsr1l, fsr1h, fsr2l, fsr2h, status,2, status,0, prodl, prodh
 Tracked objects:
		On entry : 
		On exit  : 
		Unchanged: 
 Data sizes:     COMRAM   BANK0   BANK1   BANK2   BANK3   BANK4   BANK5   BANK6   BANK7   BANK8   BANK9  BANK10  BANK11  BANK12
      Params:         0       3       0       0       0       0       0       0       0       0       0       0       0       0
      Locals:         0       0       0       0       0       0       0       0       0       0       0       0       0       0
      Temps:          0       2       0       0       0       0       0       0       0       0       0       0       0       0
      Totals:         0       5       0       0       0       0       0       0       0       0       0       0       0       0
Total ram usage:        5 bytes
 Hardware stack levels used:    1
 Hardware stack levels required when called:   11
 This function calls:
		Nothing
 This function is called by:
		_main
		_DriverColorRespond
 This function uses a non-reentrant model


 *************** function _i2c_master_recv *****************
 Defined at:
		line 68 in file "../src/i2cMaster.c"
 Parameters:    Size  Location     Type
  ID              1   77[BANK0 ] unsigned char 
  length          1   78[BANK0 ] unsigned char 
 Auto vars:     Size  Location     Type
  buf             2   81[BANK0 ] unsigned char [2]
 Return value:  Size  Location     Type
                  1    wreg      unsigned char 
 Registers used:
		wreg, fsr0l, fsr0h, fsr1l, fsr1h, fsr2l, fsr2h, status,2, status,0, pclat, tosl, structret, tblptrl, tblptrh, tblptru, prodl, prodh, bsr, cstack
 Tracked objects:
		On entry : 
		On exit  : 
		Unchanged: 
 Data sizes:     COMRAM   BANK0   BANK1   BANK2   BANK3   BANK4   BANK5   BANK6   BANK7   BANK8   BANK9  BANK10  BANK11  BANK12
      Params:         0       2       0       0       0       0       0       0       0       0       0       0       0       0
      Locals:         0       2       0       0       0       0       0       0       0       0       0       0       0       0
      Temps:          0       2       0       0       0       0       0       0       0       0       0       0       0       0
      Totals:         0       6       0       0       0       0       0       0       0       0       0       0       0       0
Total ram usage:        6 bytes
 Hardware stack levels used:    1
 Hardware stack levels required when called:   15
 This function calls:
		_FromMainHigh_sendmsg
		_i2c_master_start_next_in_Q
 This function is called by:
		_main
		_DriverColorPoll
 This function uses a non-reentrant model


 *************** function _block_on_To_msgqueues *****************
 Defined at:
		line 258 in file "../src/messages.c"
 Parameters:    Size  Location     Type
		None
 Auto vars:     Size  Location     Type
		None
 Return value:  Size  Location     Type
		None               void
 Registers used:
		wreg, fsr2l, fsr2h, status,2, status,0, prodl, prodh, cstack
 Tracked objects:
		On entry : 
		On exit  : 
		Unchanged: 
 Data sizes:     COMRAM   BANK0   BANK1   BANK2   BANK3   BANK4   BANK5   BANK6   BANK7   BANK8   BANK9  BANK10  BANK11  BANK12
      Params:         0       0       0       0       0       0       0       0       0       0       0       0       0       0
      Locals:         0       0       0       0       0       0       0       0       0       0       0       0       0       0
      Temps:          0       1       0       0       0       0       0       0       0       0       0       0       0       0
      Totals:         0       1       0       0       0       0       0       0       0       0       0       0       0       0
Total ram usage:        1 bytes
 Hardware stack levels used:    1
 Hardware stack levels required when called:   14
 This function calls:
		_in_main
		_check_msg
		_Delay1KTCYx
 This function is called by:
		_main
 This function uses a non-reentrant model


 *************** function _in_main *****************
 Defined at:
		line 44 in file "../src/interrupts.c"
 Parameters:    Size  Location     Type
		None
 Auto vars:     Size  Location     Type
		None
 Return value:  Size  Location     Type
                  2   50[BANK0 ] int 
 Registers used:
		wreg, status,2, status,0, cstack
 Tracked objects:
		On entry : 
		On exit  : 
		Unchanged: 
 Data sizes:     COMRAM   BANK0   BANK1   BANK2   BANK3   BANK4   BANK5   BANK6   BANK7   BANK8   BANK9  BANK10  BANK11  BANK12
      Params:         0       2       0       0       0       0       0       0       0       0       0       0       0       0
      Locals:         0       0       0       0       0       0       0       0       0       0       0       0       0       0
      Temps:          0       0       0       0       0       0       0       0       0       0       0       0       0       0
      Totals:         0       2       0       0       0       0       0       0       0       0       0       0       0       0
Total ram usage:        2 bytes
 Hardware stack levels used:    1
 Hardware stack levels required when called:   13
 This function calls:
		_in_low_int
		_in_high_int
 This function is called by:
		_block_on_To_msgqueues
 This function uses a non-reentrant model


 *************** function _in_low_int *****************
 Defined at:
		line 34 in file "../src/interrupts.c"
 Parameters:    Size  Location     Type
		None
 Auto vars:     Size  Location     Type
		None
 Return value:  Size  Location     Type
                  2   48[BANK0 ] int 
 Registers used:
		wreg, status,2, status,0, cstack
 Tracked objects:
		On entry : 
		On exit  : 
		Unchanged: 
 Data sizes:     COMRAM   BANK0   BANK1   BANK2   BANK3   BANK4   BANK5   BANK6   BANK7   BANK8   BANK9  BANK10  BANK11  BANK12
      Params:         0       2       0       0       0       0       0       0       0       0       0       0       0       0
      Locals:         0       0       0       0       0       0       0       0       0       0       0       0       0       0
      Temps:          0       0       0       0       0       0       0       0       0       0       0       0       0       0
      Totals:         0       2       0       0       0       0       0       0       0       0       0       0       0       0
Total ram usage:        2 bytes
 Hardware stack levels used:    1
 Hardware stack levels required when called:   12
 This function calls:
		_in_high_int
 This function is called by:
		_in_main
 This function uses a non-reentrant model


 *************** function _in_high_int *****************
 Defined at:
		line 26 in file "../src/interrupts.c"
 Parameters:    Size  Location     Type
		None
 Auto vars:     Size  Location     Type
		None
 Return value:  Size  Location     Type
                  2   46[BANK0 ] int 
 Registers used:
		wreg, status,2
 Tracked objects:
		On entry : 
		On exit  : 
		Unchanged: 
 Data sizes:     COMRAM   BANK0   BANK1   BANK2   BANK3   BANK4   BANK5   BANK6   BANK7   BANK8   BANK9  BANK10  BANK11  BANK12
      Params:         0       2       0       0       0       0       0       0       0       0       0       0       0       0
      Locals:         0       0       0       0       0       0       0       0       0       0       0       0       0       0
      Temps:          0       0       0       0       0       0       0       0       0       0       0       0       0       0
      Totals:         0       2       0       0       0       0       0       0       0       0       0       0       0       0
Total ram usage:        2 bytes
 Hardware stack levels used:    1
 Hardware stack levels required when called:   11
 This function calls:
		Nothing
 This function is called by:
		_in_low_int
		_in_main
 This function uses a non-reentrant model


 *************** function _ToMainHigh_recvmsg *****************
 Defined at:
		line 135 in file "../src/messages.c"
 Parameters:    Size  Location     Type
  maxlength       1   70[BANK0 ] unsigned char 
  msgtype         2   71[BANK0 ] PTR unsigned char 
		 -> main@msgtype(1), 
  data            2   73[BANK0 ] PTR void 
		 -> main@msgbuffer(11), 
 Auto vars:     Size  Location     Type
		None
 Return value:  Size  Location     Type
                  1    wreg      char 
 Registers used:
		wreg, fsr1l, fsr1h, fsr2l, fsr2h, status,2, status,0, prodl, prodh, cstack
 Tracked objects:
		On entry : 
		On exit  : 
		Unchanged: 
 Data sizes:     COMRAM   BANK0   BANK1   BANK2   BANK3   BANK4   BANK5   BANK6   BANK7   BANK8   BANK9  BANK10  BANK11  BANK12
      Params:         0       5       0       0       0       0       0       0       0       0       0       0       0       0
      Locals:         0       0       0       0       0       0       0       0       0       0       0       0       0       0
      Temps:          0       0       0       0       0       0       0       0       0       0       0       0       0       0
      Totals:         0       5       0       0       0       0       0       0       0       0       0       0       0       0
Total ram usage:        5 bytes
 Hardware stack levels used:    1
 Hardware stack levels required when called:   13
 This function calls:
		_recv_msg
 This function is called by:
		_main
 This function uses a non-reentrant model


 *************** function _OpenTimer0 *****************
 Defined at:
		line 19 in file "plib/Timers/t0open.c"
 Parameters:    Size  Location     Type
  config          1   46[BANK0 ] unsigned char 
 Auto vars:     Size  Location     Type
		None
 Return value:  Size  Location     Type
		None               void
 Registers used:
		wreg, status,2, status,0
 Tracked objects:
		On entry : 
		On exit  : 
		Unchanged: 
 Data sizes:     COMRAM   BANK0   BANK1   BANK2   BANK3   BANK4   BANK5   BANK6   BANK7   BANK8   BANK9  BANK10  BANK11  BANK12
      Params:         0       1       0       0       0       0       0       0       0       0       0       0       0       0
      Locals:         0       0       0       0       0       0       0       0       0       0       0       0       0       0
      Temps:          0       0       0       0       0       0       0       0       0       0       0       0       0       0
      Totals:         0       1       0       0       0       0       0       0       0       0       0       0       0       0
Total ram usage:        1 bytes
 Hardware stack levels used:    1
 Hardware stack levels required when called:   11
 This function calls:
		Nothing
 This function is called by:
		_main
 This function uses a non-reentrant model


 *************** function _init_uart_snd_rcv *****************
 Defined at:
		line 64 in file "../src/my_uart.c"
 Parameters:    Size  Location     Type
  uc              2   46[BANK0 ] PTR struct __uart_comm
		 -> main@uc(19), 
 Auto vars:     Size  Location     Type
		None
 Return value:  Size  Location     Type
		None               void
 Registers used:
		wreg, fsr2l, fsr2h, status,2, status,0
 Tracked objects:
		On entry : 
		On exit  : 
		Unchanged: 
 Data sizes:     COMRAM   BANK0   BANK1   BANK2   BANK3   BANK4   BANK5   BANK6   BANK7   BANK8   BANK9  BANK10  BANK11  BANK12
      Params:         0       2       0       0       0       0       0       0       0       0       0       0       0       0
      Locals:         0       0       0       0       0       0       0       0       0       0       0       0       0       0
      Temps:          0       0       0       0       0       0       0       0       0       0       0       0       0       0
      Totals:         0       2       0       0       0       0       0       0       0       0       0       0       0       0
Total ram usage:        2 bytes
 Hardware stack levels used:    1
 Hardware stack levels required when called:   11
 This function calls:
		Nothing
 This function is called by:
		_main
 This function uses a non-reentrant model


 *************** function _OpenTimer1 *****************
 Defined at:
		line 17 in file "plib/Timers/t1open.c"
 Parameters:    Size  Location     Type
  config          1   46[BANK0 ] unsigned char 
 Auto vars:     Size  Location     Type
		None
 Return value:  Size  Location     Type
		None               void
 Registers used:
		wreg, status,2, status,0
 Tracked objects:
		On entry : 
		On exit  : 
		Unchanged: 
 Data sizes:     COMRAM   BANK0   BANK1   BANK2   BANK3   BANK4   BANK5   BANK6   BANK7   BANK8   BANK9  BANK10  BANK11  BANK12
      Params:         0       1       0       0       0       0       0       0       0       0       0       0       0       0
      Locals:         0       0       0       0       0       0       0       0       0       0       0       0       0       0
      Temps:          0       0       0       0       0       0       0       0       0       0       0       0       0       0
      Totals:         0       1       0       0       0       0       0       0       0       0       0       0       0       0
Total ram usage:        1 bytes
 Hardware stack levels used:    1
 Hardware stack levels required when called:   11
 This function calls:
		Nothing
 This function is called by:
		_main
 This function uses a non-reentrant model


 *************** function _init_timer1_lthread *****************
 Defined at:
		line 6 in file "../src/timer1_thread.c"
 Parameters:    Size  Location     Type
  tptr            2   46[BANK0 ] PTR struct __timer1_thre
		 -> main@t1thread_data(2), 
 Auto vars:     Size  Location     Type
		None
 Return value:  Size  Location     Type
		None               void
 Registers used:
		wreg, fsr2l, fsr2h
 Tracked objects:
		On entry : 
		On exit  : 
		Unchanged: 
 Data sizes:     COMRAM   BANK0   BANK1   BANK2   BANK3   BANK4   BANK5   BANK6   BANK7   BANK8   BANK9  BANK10  BANK11  BANK12
      Params:         0       2       0       0       0       0       0       0       0       0       0       0       0       0
      Locals:         0       0       0       0       0       0       0       0       0       0       0       0       0       0
      Temps:          0       0       0       0       0       0       0       0       0       0       0       0       0       0
      Totals:         0       2       0       0       0       0       0       0       0       0       0       0       0       0
Total ram usage:        2 bytes
 Hardware stack levels used:    1
 Hardware stack levels required when called:   11
 This function calls:
		Nothing
 This function is called by:
		_main
 This function uses a non-reentrant model


[...]
      Totals:         0       0       0       0       0       0       0       0       0       0       0       0       0       0
Total ram usage:        0 bytes
 Hardware stack levels used:    1
 This function calls:
		Nothing
 This function is called by:
		_timer0_int_handler
 This function uses a non-reentrant model


 *************** function i2_in_low_int *****************
 Defined at:
		line 34 in file "../src/interrupts.c"
 Parameters:    Size  Location     Type
		None
 Auto vars:     Size  Location     Type
		None
 Return value:  Size  Location     Type
                  2    2[BANK0 ] int 
 Registers used:
		wreg, status,2, status,0, cstack
 Tracked objects:
		On entry : 
		On exit  : 
		Unchanged: 
 Data sizes:     COMRAM   BANK0   BANK1   BANK2   BANK3   BANK4   BANK5   BANK6   BANK7   BANK8   BANK9  BANK10  BANK11  BANK12
      Params:         0       2       0       0       0       0       0       0       0       0       0       0       0       0
      Locals:         0       0       0       0       0       0       0       0       0       0       0       0       0       0
      Temps:          0       0       0       0       0       0       0       0       0       0       0       0       0       0
      Totals:         0       2       0       0       0       0       0       0       0       0       0       0       0       0
Total ram usage:        2 bytes
 Hardware stack levels used:    1
 Hardware stack levels required when called:    1
 This function calls:
		i2_in_high_int
 This function is called by:
		_SleepIfOkay
 This function uses a non-reentrant model


 *************** function i2_in_high_int *****************
 Defined at:
		line 26 in file "../src/interrupts.c"
 Parameters:    Size  Location     Type
		None
 Auto vars:     Size  Location     Type
		None
 Return value:  Size  Location     Type
                  2    0[BANK0 ] int 
 Registers used:
		wreg, status,2
 Tracked objects:
		On entry : 
		On exit  : 
		Unchanged: 
 Data sizes:     COMRAM   BANK0   BANK1   BANK2   BANK3   BANK4   BANK5   BANK6   BANK7   BANK8   BANK9  BANK10  BANK11  BANK12
      Params:         0       2       0       0       0       0       0       0       0       0       0       0       0       0
      Locals:         0       0       0       0       0       0       0       0       0       0       0       0       0       0
      Temps:          0       0       0       0       0       0       0       0       0       0       0       0       0       0
      Totals:         0       2       0       0       0       0       0       0       0       0       0       0       0       0
Total ram usage:        2 bytes
 Hardware stack levels used:    1
 This function calls:
		Nothing
 This function is called by:
		_SleepIfOkay
		i2_in_low_int
 This function uses a non-reentrant model


 *************** function i2_send_msg *****************
 Defined at:
		line 24 in file "../src/messages.c"
 Parameters:    Size  Location     Type
  send_msg        2   10[BANK0 ] PTR struct __msg_queue
		 -> FromMainHigh_MQ(54), FromMainLow_MQ(54), ToMainHigh_MQ(54), ToMainLow_MQ(54), 
  send_msg        1   12[BANK0 ] unsigned char 
  send_msg        1   13[BANK0 ] unsigned char 
  send_msg        2   14[BANK0 ] PTR void 
		 -> i2c_p(16), i2c_master_request_reg@buf(3), i2c_master_recv@buf(2), i2c_master_send@msgbuf(10), 
		 -> NULL(0), i2c_int_handler@error_buf(3), main@uc(19), 
 Auto vars:     Size  Location     Type
  send_msg        2   20[BANK0 ] PTR struct __msg
		 -> FromMainHigh_MQ(54), FromMainLow_MQ(54), ToMainHigh_MQ(54), ToMainLow_MQ(54), 
  send_msg        2   17[BANK0 ] unsigned int 
  send_msg        1   19[BANK0 ] unsigned char 
 Return value:  Size  Location     Type
                  1    wreg      char 
 Registers used:
		wreg, fsr1l, fsr1h, fsr2l, fsr2h, status,2, status,0, prodl, prodh, cstack
 Tracked objects:
		On entry : 
		On exit  : 
		Unchanged: 
 Data sizes:     COMRAM   BANK0   BANK1   BANK2   BANK3   BANK4   BANK5   BANK6   BANK7   BANK8   BANK9  BANK10  BANK11  BANK12
      Params:         0       6       0       0       0       0       0       0       0       0       0       0       0       0
      Locals:         0       5       0       0       0       0       0       0       0       0       0       0       0       0
      Temps:          0       1       0       0       0       0       0       0       0       0       0       0       0       0
      Totals:         0      12       0       0       0       0       0       0       0       0       0       0       0       0
Total ram usage:       12 bytes
 Hardware stack levels used:    1
 Hardware stack levels required when called:    1
 This function calls:
		i2_memcpy
 This function is called by:
		_ToMainHigh_sendmsg
 This function uses a non-reentrant model


 *************** function i2_i2c_master_start_next_in_Q *****************
 Defined at:
		line 91 in file "../src/i2cMaster.c"
 Parameters:    Size  Location     Type
		None
 Auto vars:     Size  Location     Type
  i2c_master_s    1   30[BANK0 ] unsigned char 
 Return value:  Size  Location     Type
		None               void
 Registers used:
		wreg, fsr1l, fsr1h, fsr2l, fsr2h, status,2, status,0, prodl, prodh, cstack
 Tracked objects:
		On entry : 
		On exit  : 
		Unchanged: 
 Data sizes:     COMRAM   BANK0   BANK1   BANK2   BANK3   BANK4   BANK5   BANK6   BANK7   BANK8   BANK9  BANK10  BANK11  BANK12
      Params:         0       0       0       0       0       0       0       0       0       0       0       0       0       0
      Locals:         0       1       0       0       0       0       0       0       0       0       0       0       0       0
      Temps:          0       1       0       0       0       0       0       0       0       0       0       0       0       0
      Totals:         0       2       0       0       0       0       0       0       0       0       0       0       0       0
Total ram usage:        2 bytes
 Hardware stack levels used:    1
 Hardware stack levels required when called:    3
 This function calls:
		i2_DebugPrint
		i2_FromMainHigh_recvmsg
 This function is called by:
		_i2c_master_int_handler
 This function uses a non-reentrant model


 *************** function i2_WriteTimer0 *****************
 Defined at:
		line 17 in file "plib/Timers/t0write.c"
 Parameters:    Size  Location     Type
  WriteTimer0     2    0[BANK0 ] unsigned int 
 Auto vars:     Size  Location     Type
  WriteTimer0     2    2[BANK0 ] struct Timers
 Return value:  Size  Location     Type
		None               void
 Registers used:
		None
 Tracked objects:
		On entry : 
		On exit  : 
		Unchanged: 
 Data sizes:     COMRAM   BANK0   BANK1   BANK2   BANK3   BANK4   BANK5   BANK6   BANK7   BANK8   BANK9  BANK10  BANK11  BANK12
      Params:         0       2       0       0       0       0       0       0       0       0       0       0       0       0
      Locals:         0       2       0       0       0       0       0       0       0       0       0       0       0       0
      Temps:          0       0       0       0       0       0       0       0       0       0       0       0       0       0
      Totals:         0       4       0       0       0       0       0       0       0       0       0       0       0       0
Total ram usage:        4 bytes
 Hardware stack levels used:    1
 This function calls:
		Nothing
 This function is called by:
		_timer0_int_handler
 This function uses a non-reentrant model


 *************** function i2_DebugPrint *****************
 Defined at:
		line 3 in file "../src/debug.c"
 Parameters:    Size  Location     Type
  DebugPrint      1    0[BANK0 ] unsigned char 
 Auto vars:     Size  Location     Type
		None
 Return value:  Size  Location     Type
		None               void
 Registers used:
		wreg, status,2, status,0
 Tracked objects:
		On entry : 
		On exit  : 
		Unchanged: 
 Data sizes:     COMRAM   BANK0   BANK1   BANK2   BANK3   BANK4   BANK5   BANK6   BANK7   BANK8   BANK9  BANK10  BANK11  BANK12
      Params:         0       1       0       0       0       0       0       0       0       0       0       0       0       0
      Locals:         0       0       0       0       0       0       0       0       0       0       0       0       0       0
      Temps:          0       0       0       0       0       0       0       0       0       0       0       0       0       0
      Totals:         0       1       0       0       0       0       0       0       0       0       0       0       0       0
Total ram usage:        1 bytes
 Hardware stack levels used:    1
 This function calls:
		Nothing
 This function is called by:
		_i2c_master_int_handler
		i2_i2c_master_start_next_in_Q
 This function uses a non-reentrant model


 *************** function i2_FromMainHigh_recvmsg *****************
 Defined at:
		line 183 in file "../src/messages.c"
 Parameters:    Size  Location     Type
  FromMainHigh    1   24[BANK0 ] unsigned char 
  FromMainHigh    2   25[BANK0 ] PTR unsigned char 
		 -> i2c_master_start_next_in_Q@msgType(1), 
  FromMainHigh    2   27[BANK0 ] PTR void 
		 -> i2c_p(16), 
 Auto vars:     Size  Location     Type
		None
 Return value:  Size  Location     Type
                  1    wreg      char 
 Registers used:
		wreg, fsr1l, fsr1h, fsr2l, fsr2h, status,2, status,0, prodl, prodh, cstack
 Tracked objects:
		On entry : 
		On exit  : 
		Unchanged: 
 Data sizes:     COMRAM   BANK0   BANK1   BANK2   BANK3   BANK4   BANK5   BANK6   BANK7   BANK8   BANK9  BANK10  BANK11  BANK12
      Params:         0       5       0       0       0       0       0       0       0       0       0       0       0       0
      Locals:         0       0       0       0       0       0       0       0       0       0       0       0       0       0
      Temps:          0       0       0       0       0       0       0       0       0       0       0       0       0       0
      Totals:         0       5       0       0       0       0       0       0       0       0       0       0       0       0
Total ram usage:        5 bytes
 Hardware stack levels used:    1
 Hardware stack levels required when called:    2
 This function calls:
		i2_recv_msg
 This function is called by:
		i2_i2c_master_start_next_in_Q
 This function uses a non-reentrant model


 *************** function i2_recv_msg *****************
 Defined at:
		line 63 in file "../src/messages.c"
 Parameters:    Size  Location     Type
  recv_msg        2   10[BANK0 ] PTR struct __msg_queue
		 -> FromMainHigh_MQ(54), FromMainLow_MQ(54), ToMainHigh_MQ(54), ToMainLow_MQ(54), 
  recv_msg        1   12[BANK0 ] unsigned char 
  recv_msg        2   13[BANK0 ] PTR unsigned char 
		 -> i2c_master_start_next_in_Q@msgType(1), main@msgtype(1), 
  recv_msg        2   15[BANK0 ] PTR void 
		 -> i2c_p(16), main@msgbuffer(11), 
 Auto vars:     Size  Location     Type
  recv_msg        2   22[BANK0 ] PTR struct __msg
		 -> FromMainHigh_MQ(54), FromMainLow_MQ(54), ToMainHigh_MQ(54), ToMainLow_MQ(54), 
  recv_msg        2   20[BANK0 ] unsigned int 
  recv_msg        1   19[BANK0 ] unsigned char 
 Return value:  Size  Location     Type
                  1    wreg      char 
 Registers used:
		wreg, fsr1l, fsr1h, fsr2l, fsr2h, status,2, status,0, prodl, prodh, cstack
 Tracked objects:
		On entry : 
		On exit  : 
		Unchanged: 
 Data sizes:     COMRAM   BANK0   BANK1   BANK2   BANK3   BANK4   BANK5   BANK6   BANK7   BANK8   BANK9  BANK10  BANK11  BANK12
      Params:         0       7       0       0       0       0       0       0       0       0       0       0       0       0
      Locals:         0       5       0       0       0       0       0       0       0       0       0       0       0       0
      Temps:          0       2       0       0       0       0       0       0       0       0       0       0       0       0
      Totals:         0      14       0       0       0       0       0       0       0       0       0       0       0       0
Total ram usage:       14 bytes
 Hardware stack levels used:    1
 Hardware stack levels required when called:    1
 This function calls:
		i2_memcpy
 This function is called by:
		i2_FromMainHigh_recvmsg
 This function uses a non-reentrant model


 *************** function i2_memcpy *****************
 Defined at:
		line 13 in file "C:\Program Files (x86)\Microchip\xc8\v1.12\sources\memcpy.c"
 Parameters:    Size  Location     Type
  memcpy          2    0[BANK0 ] PTR void 
		 -> i2c_p(16), FromMainHigh_MQ(54), FromMainLow_MQ(54), ToMainHigh_MQ(54), 
		 -> ToMainLow_MQ(54), main@msgbuffer(11), 
  memcpy          2    2[BANK0 ] PTR const void 
		 -> i2c_p(16), i2c_master_request_reg@buf(3), i2c_master_recv@buf(2), i2c_master_send@msgbuf(10), 
		 -> NULL(0), i2c_int_handler@error_buf(3), FromMainHigh_MQ(54), FromMainLow_MQ(54), 
		 -> ToMainHigh_MQ(54), ToMainLow_MQ(54), main@uc(19), 
  memcpy          2    4[BANK0 ] unsigned int 
 Auto vars:     Size  Location     Type
  memcpy          2    8[BANK0 ] PTR const unsigned char 
		 -> i2c_p(16), i2c_master_request_reg@buf(3), i2c_master_recv@buf(2), i2c_master_send@msgbuf(10), 
		 -> NULL(0), i2c_int_handler@error_buf(3), FromMainHigh_MQ(54), FromMainLow_MQ(54), 
		 -> ToMainHigh_MQ(54), ToMainLow_MQ(54), main@uc(19), 
  memcpy          2    6[BANK0 ] PTR unsigned char 
		 -> i2c_p(16), FromMainHigh_MQ(54), FromMainLow_MQ(54), ToMainHigh_MQ(54), 
		 -> ToMainLow_MQ(54), main@msgbuffer(11), 
 Return value:  Size  Location     Type
                  2    0[BANK0 ] PTR void 
 Registers used:
		wreg, fsr1l, fsr1h, fsr2l, fsr2h, status,2, status,0
 Tracked objects:
		On entry : 
		On exit  : 
		Unchanged: 
 Data sizes:     COMRAM   BANK0   BANK1   BANK2   BANK3   BANK4   BANK5   BANK6   BANK7   BANK8   BANK9  BANK10  BANK11  BANK12
      Params:         0       6       0       0       0       0       0       0       0       0       0       0       0       0
      Locals:         0       4       0       0       0       0       0       0       0       0       0       0       0       0
      Temps:          0       0       0       0       0       0       0       0       0       0       0       0       0       0
      Totals:         0      10       0       0       0       0       0       0       0       0       0       0       0       0
Total ram usage:       10 bytes
 Hardware stack levels used:    1
 This function calls:
		Nothing
 This function is called by:
		i2_send_msg
		i2_recv_msg
 This function uses a non-reentrant model


 *************** function i2_check_msg *****************
 Defined at:
		line 222 in file "../src/messages.c"
 Parameters:    Size  Location     Type
  check_msg       2    0[BANK0 ] PTR struct __msg_queue
		 -> ToMainHigh_MQ(54), ToMainLow_MQ(54), 
 Auto vars:     Size  Location     Type
		None
 Return value:  Size  Location     Type
                  1    wreg      unsigned char 
 Registers used:
		wreg, fsr2l, fsr2h, status,2, status,0, prodl, prodh
 Tracked objects:
		On entry : 
		On exit  : 
		Unchanged: 
 Data sizes:     COMRAM   BANK0   BANK1   BANK2   BANK3   BANK4   BANK5   BANK6   BANK7   BANK8   BANK9  BANK10  BANK11  BANK12
      Params:         0       2       0       0       0       0       0       0       0       0       0       0       0       0
      Locals:         0       0       0       0       0       0       0       0       0       0       0       0       0       0
      Temps:          0       1       0       0       0       0       0       0       0       0       0       0       0       0
      Totals:         0       3       0       0       0       0       0       0       0       0       0       0       0       0
Total ram usage:        3 bytes
 Hardware stack levels used:    1
 This function calls:
		Nothing
 This function is called by:
		_SleepIfOkay
 This function uses a non-reentrant model



MODULE INFORMATION

Module		Function		Class		Link	Load	Size
plib/Timers/t0open.c
		_OpenTimer0    		CODE           	1B9E	0000	42

plib/Timers/t0open.c estimated size: 42

../src/i2cMaster.c
		_i2c_master_sta		CODE           	0686	0000	468
		_i2c_master_sen		CODE           	10BC	0000	230
		_i2c_master_rec		CODE           	18CE	0000	82
		_i2c_master_int		CODE           	0440	0000	582
		_I2CInit       		CODE           	1C16	0000	32

../src/i2cMaster.c estimated size: 1394

plib/Timers/t1open.c
		_OpenTimer1    		CODE           	1968	0000	62

plib/Timers/t1open.c estimated size: 62

../src/user_interrupts.c
		_timer0_int_han		CODE           	1C36	0000	26
		_timer1_int_han		CODE           	1BC8	0000	42

../src/user_interrupts.c estimated size: 68

../src/timer0_thread.c
		_timer0_lthread		CODE           	1D04	0000	10

../src/timer0_thread.c estimated size: 10

shared
		i1_send_msg    		CODE           	135A	0000	178
		i2_send_msg    		CODE           	0ECE	0000	262
		i2_FromMainHigh		CODE           	1B16	0000	48
		i2_i2c_master_s		CODE           	085A	0000	468
		i2_in_high_int 		CODE           	1C90	0000	20
		i2_recv_msg    		CODE           	0B6E	0000	320
		i2_DebugPrint  		CODE           	1CF8	0000	12
		__initializatio		CODE           	16AC	0000	92
		i2_in_low_int  		CODE           	176C	0000	94
		i2_WriteTimer0 		CODE           	1CDA	0000	18
		i1_memcpy      		CODE           	1920	0000	72
		i2_memcpy      		CODE           	1878	0000	86
		i2_check_msg   		CODE           	1A4E	0000	56

shared estimated size: 1726

C:\Program Files (x86)\Microchip\xc8\v1.12\sources\memcpy.c
		_memcpy        		CODE           	1822	0000	86

C:\Program Files (x86)\Microchip\xc8\v1.12\sources\memcpy.c estimated size: 86

../src/timer1_thread.c
		_init_timer1_lt		CODE           	1CA4	0000	18

../src/timer1_thread.c estimated size: 18

../src/debug.c
		_DebugPrint    		CODE           	1CEC	0000	12

../src/debug.c estimated size: 12

plib/Timers/t0write.c
		_WriteTimer0   		CODE           	1CC8	0000	18

plib/Timers/t0write.c estimated size: 18

plib/Timers/t1write.c
		_WriteTimer1   		CODE           	1CB6	0000	18

plib/Timers/t1write.c estimated size: 18

C:\Program Files (x86)\Microchip\xc8\v1.12\sources\awmod.c
		___awmod       		CODE           	0CAE	0000	282

C:\Program Files (x86)\Microchip\xc8\v1.12\sources\awmod.c estimated size: 282

../common/d1ktcyx.c
		_Delay1KTCYx   		CODE           	1C7C	0000	20

../common/d1ktcyx.c estimated size: 20

../src/interrupts.c
		_enable_interru		CODE           	1D0E	0000	8
		_in_low_int    		CODE           	170E	0000	94
		_in_main       		CODE           	17CA	0000	88
		_in_high_int   		CODE           	1C68	0000	20
		_InterruptHandl		CODE           	0018	0000	188
		_InterruptHandl		CODE           	0008	0000	5414

../src/interrupts.c estimated size: 5812

../src/my_uart.c
		_uart_send_int_		CODE           	152E	0000	138
		_start_UART_sen		CODE           	11A2	0000	228
		_uart_rcv_msg_t		CODE           	1C50	0000	24
		_uart_recv_int_		CODE           	0FD4	0000	232
		_init_uart_snd_		CODE           	19A6	0000	56

../src/my_uart.c estimated size: 678

../src/messages.c
		_ToMainHigh_sen		CODE           	1B72	0000	44
		_ToMainHigh_rec		CODE           	1A86	0000	48
		_block_on_To_ms		CODE           	1286	0000	212
		_check_msg     		CODE           	19DE	0000	56
		_ToMainLow_send		CODE           	1BF2	0000	36
		_ToMainLow_recv		CODE           	1AB6	0000	48
		_FromMainHigh_s		CODE           	1B46	0000	44
		_enter_sleep_mo		CODE           	1D16	0000	6
		_send_msg      		CODE           	0DC8	0000	262
		_FromMainHigh_r		CODE           	1AE6	0000	48
		_init_queue    		CODE           	15B8	0000	134
		_init_queues   		CODE           	163E	0000	110
		_recv_msg      		CODE           	0A2E	0000	320
		_SleepIfOkay   		CODE           	140C	0000	150

../src/messages.c estimated size: 1518

plib/USART/uread.c
		_ReadUSART     		CODE           	1A16	0000	56

plib/USART/uread.c estimated size: 56

../src/main.c
		_main          		CODE           	00D8	0000	872

../src/main.c estimated size: 872

